Component: ARM Compiler 5.06 update 5 (build 528) Tool: armlink [4d35e2]

==============================================================================

Section Cross References

    startup_skeaz1284.o(STACK) refers (Special) to heapauxi.o(.text) for __use_two_region_memory
    startup_skeaz1284.o(HEAP) refers (Special) to heapauxi.o(.text) for __use_two_region_memory
    startup_skeaz1284.o(RESET) refers (Special) to heapauxi.o(.text) for __use_two_region_memory
    startup_skeaz1284.o(RESET) refers to startup_skeaz1284.o(STACK) for __initial_sp
    startup_skeaz1284.o(RESET) refers to startup_skeaz1284.o(.text) for Reset_Handler
    startup_skeaz1284.o(RESET) refers to balance_isr.o(i.FTM0_IRQHandler) for FTM0_IRQHandler
    startup_skeaz1284.o(RESET) refers to balance_isr.o(i.FTM1_IRQHandler) for FTM1_IRQHandler
    startup_skeaz1284.o(RESET) refers to balance_isr.o(i.PIT_CH0_IRQHandler) for PIT_CH0_IRQHandler
    startup_skeaz1284.o(RESET) refers to balance_isr.o(i.KBI0_IRQHandler) for KBI0_IRQHandler
    startup_skeaz1284.o(.ARM.__at_0x400) refers (Special) to heapauxi.o(.text) for __use_two_region_memory
    startup_skeaz1284.o(.text) refers (Special) to heapauxi.o(.text) for __use_two_region_memory
    startup_skeaz1284.o(.text) refers to system_skeaz1284.o(i.SystemInit) for SystemInit
    startup_skeaz1284.o(.text) refers to __main.o(!!!main) for __main
    startup_skeaz1284.o(.text) refers to startup_skeaz1284.o(HEAP) for Heap_Mem
    startup_skeaz1284.o(.text) refers to startup_skeaz1284.o(STACK) for Stack_Mem
    system_skeaz1284.o(i.SystemCoreClockUpdate) refers to aeabi_sdiv.o(.text) for __aeabi_uidivmod
    system_skeaz1284.o(i.SystemCoreClockUpdate) refers to system_skeaz1284.o(.data) for SystemCoreClock
    gpio.o(i.gpio_get) refers to gpio.o(i.gpio_port_pin_num) for gpio_port_pin_num
    gpio.o(i.gpio_get) refers to gpio.o(.data) for bit
    gpio.o(i.gpio_init) refers to gpio.o(i.gpio_port_pin_num) for gpio_port_pin_num
    gpio.o(i.gpio_init) refers to gpio.o(i.gpio_set) for gpio_set
    gpio.o(i.gpio_init) refers to gpio.o(.data) for bit
    gpio.o(i.gpio_pull) refers to gpio.o(i.gpio_port_pin_num) for gpio_port_pin_num
    gpio.o(i.gpio_pull) refers to gpio.o(.data) for bit
    gpio.o(i.gpio_reverse) refers to gpio.o(i.gpio_port_pin_num) for gpio_port_pin_num
    gpio.o(i.gpio_reverse) refers to gpio.o(.data) for bit
    gpio.o(i.gpio_set) refers to gpio.o(i.gpio_port_pin_num) for gpio_port_pin_num
    gpio.o(i.gpio_set) refers to gpio.o(.data) for bit
    gpio.o(i.gpio_setIn) refers to gpio.o(i.gpio_port_pin_num) for gpio_port_pin_num
    gpio.o(i.gpio_setIn) refers to gpio.o(.data) for bit
    gpio.o(i.gpio_setOut) refers to gpio.o(i.gpio_port_pin_num) for gpio_port_pin_num
    gpio.o(i.gpio_setOut) refers to gpio.o(.data) for bit
    kbi.o(i.KBIInit) refers to gpio.o(i.gpio_pull) for gpio_pull
    kbi.o(i.KBIInit) refers to kbi.o(i.NVIC_EnableIRQ) for NVIC_EnableIRQ
    i2c.o(i.i2c_Ack) refers to gpio.o(i.gpio_set) for gpio_set
    i2c.o(i.i2c_Ack) refers to gpio.o(i.gpio_setOut) for gpio_setOut
    i2c.o(i.i2c_Ack) refers to delay.o(i.delay_us) for delay_us
    i2c.o(i.i2c_InitConfig) refers to delay.o(i.delay_Init) for delay_Init
    i2c.o(i.i2c_InitConfig) refers to gpio.o(i.gpio_init) for gpio_init
    i2c.o(i.i2c_InitConfig) refers to gpio.o(i.gpio_set) for gpio_set
    i2c.o(i.i2c_NAck) refers to gpio.o(i.gpio_set) for gpio_set
    i2c.o(i.i2c_NAck) refers to gpio.o(i.gpio_setOut) for gpio_setOut
    i2c.o(i.i2c_NAck) refers to delay.o(i.delay_us) for delay_us
    i2c.o(i.i2c_Read_Byte) refers to gpio.o(i.gpio_setIn) for gpio_setIn
    i2c.o(i.i2c_Read_Byte) refers to gpio.o(i.gpio_get) for gpio_get
    i2c.o(i.i2c_Read_Byte) refers to delay.o(i.delay_us) for delay_us
    i2c.o(i.i2c_Read_Byte) refers to gpio.o(i.gpio_set) for gpio_set
    i2c.o(i.i2c_Read_Byte) refers to i2c.o(i.i2c_NAck) for i2c_NAck
    i2c.o(i.i2c_Read_Byte) refers to i2c.o(i.i2c_Ack) for i2c_Ack
    i2c.o(i.i2c_Send_Byte) refers to gpio.o(i.gpio_setOut) for gpio_setOut
    i2c.o(i.i2c_Send_Byte) refers to gpio.o(i.gpio_set) for gpio_set
    i2c.o(i.i2c_Send_Byte) refers to delay.o(i.delay_us) for delay_us
    i2c.o(i.i2c_Start) refers to gpio.o(i.gpio_setOut) for gpio_setOut
    i2c.o(i.i2c_Start) refers to gpio.o(i.gpio_set) for gpio_set
    i2c.o(i.i2c_Start) refers to delay.o(i.delay_us) for delay_us
    i2c.o(i.i2c_Stop) refers to gpio.o(i.gpio_setOut) for gpio_setOut
    i2c.o(i.i2c_Stop) refers to gpio.o(i.gpio_set) for gpio_set
    i2c.o(i.i2c_Stop) refers to delay.o(i.delay_us) for delay_us
    i2c.o(i.i2c_Wait_Ack) refers to gpio.o(i.gpio_setIn) for gpio_setIn
    i2c.o(i.i2c_Wait_Ack) refers to gpio.o(i.gpio_set) for gpio_set
    i2c.o(i.i2c_Wait_Ack) refers to delay.o(i.delay_us) for delay_us
    i2c.o(i.i2c_Wait_Ack) refers to i2c.o(i.i2c_Stop) for i2c_Stop
    i2c.o(i.i2c_Wait_Ack) refers to gpio.o(i.gpio_get) for gpio_get
[...]
    ../mathlib/atan2.c                       0x00000000   Number         0  atan2_x.o ABSOLUTE
    ../mathlib/dunder.c                      0x00000000   Number         0  dunder.o ABSOLUTE
    ../mathlib/fpclassify.c                  0x00000000   Number         0  fpclassify.o ABSOLUTE
    ../mathlib/poly.c                        0x00000000   Number         0  poly.o ABSOLUTE
    ../mathlib/qnan.c                        0x00000000   Number         0  qnan.o ABSOLUTE
    ..\CORE\startup_SKEAZ1284.s              0x00000000   Number         0  startup_skeaz1284.o ABSOLUTE
    ..\CORE\system_SKEAZ1284.c               0x00000000   Number         0  system_skeaz1284.o ABSOLUTE
    ..\DRIVER\ADC.c                          0x00000000   Number         0  adc.o ABSOLUTE
    ..\DRIVER\KBI.c                          0x00000000   Number         0  kbi.o ABSOLUTE
    ..\DRIVER\gpio.c                         0x00000000   Number         0  gpio.o ABSOLUTE
    ..\DRIVER\i2c.c                          0x00000000   Number         0  i2c.o ABSOLUTE
    ..\DRIVER\incap.c                        0x00000000   Number         0  incap.o ABSOLUTE
    ..\DRIVER\pit.c                          0x00000000   Number         0  pit.o ABSOLUTE
    ..\DRIVER\pwm.c                          0x00000000   Number         0  pwm.o ABSOLUTE
    ..\LIB\GYRO.c                            0x00000000   Number         0  gyro.o ABSOLUTE
    ..\LIB\OLED.c                            0x00000000   Number         0  oled.o ABSOLUTE
    ..\LIB\PID.c                             0x00000000   Number         0  pid.o ABSOLUTE
    ..\LIB\accelerometer.c                   0x00000000   Number         0  accelerometer.o ABSOLUTE
    ..\LIB\balanceControl.c                  0x00000000   Number         0  balancecontrol.o ABSOLUTE
    ..\LIB\common.c                          0x00000000   Number         0  common.o ABSOLUTE
    ..\LIB\delay.c                           0x00000000   Number         0  delay.o ABSOLUTE
    ..\LIB\display.c                         0x00000000   Number         0  display.o ABSOLUTE
    ..\LIB\distance.c                        0x00000000   Number         0  distance.o ABSOLUTE
    ..\LIB\encoder.c                         0x00000000   Number         0  encoder.o ABSOLUTE
    ..\LIB\motor.c                           0x00000000   Number         0  motor.o ABSOLUTE
    ..\USER\balance.c                        0x00000000   Number         0  balance.o ABSOLUTE
    ..\USER\balance_isr.c                    0x00000000   Number         0  balance_isr.o ABSOLUTE
    ..\\CORE\\system_SKEAZ1284.c             0x00000000   Number         0  system_skeaz1284.o ABSOLUTE
    ..\\DRIVER\\ADC.c                        0x00000000   Number         0  adc.o ABSOLUTE
    ..\\DRIVER\\KBI.c                        0x00000000   Number         0  kbi.o ABSOLUTE
    ..\\DRIVER\\gpio.c                       0x00000000   Number         0  gpio.o ABSOLUTE
    ..\\DRIVER\\i2c.c                        0x00000000   Number         0  i2c.o ABSOLUTE
    ..\\DRIVER\\incap.c                      0x00000000   Number         0  incap.o ABSOLUTE
    ..\\DRIVER\\pit.c                        0x00000000   Number         0  pit.o ABSOLUTE
    ..\\DRIVER\\pwm.c                        0x00000000   Number         0  pwm.o ABSOLUTE
    ..\\LIB\\GYRO.c                          0x00000000   Number         0  gyro.o ABSOLUTE
    ..\\LIB\\OLED.c                          0x00000000   Number         0  oled.o ABSOLUTE
    ..\\LIB\\PID.c                           0x00000000   Number         0  pid.o ABSOLUTE
    ..\\LIB\\accelerometer.c                 0x00000000   Number         0  accelerometer.o ABSOLUTE
    ..\\LIB\\balanceControl.c                0x00000000   Number         0  balancecontrol.o ABSOLUTE
    ..\\LIB\\common.c                        0x00000000   Number         0  common.o ABSOLUTE
    ..\\LIB\\delay.c                         0x00000000   Number         0  delay.o ABSOLUTE
    ..\\LIB\\display.c                       0x00000000   Number         0  display.o ABSOLUTE
    ..\\LIB\\distance.c                      0x00000000   Number         0  distance.o ABSOLUTE
    ..\\LIB\\encoder.c                       0x00000000   Number         0  encoder.o ABSOLUTE
    ..\\LIB\\motor.c                         0x00000000   Number         0  motor.o ABSOLUTE
    ..\\USER\\balance.c                      0x00000000   Number         0  balance.o ABSOLUTE
    ..\\USER\\balance_isr.c                  0x00000000   Number         0  balance_isr.o ABSOLUTE
    dc.s                                     0x00000000   Number         0  dc.o ABSOLUTE
    !!!main                                  0x000000c0   Section        8  __main.o(!!!main)
    !!!scatter                               0x000000c8   Section       60  __scatter.o(!!!scatter)
    !!handler_zi                             0x00000104   Section       28  __scatter_zi.o(!!handler_zi)
    .ARM.Collect$$libinit$$00000000          0x00000120   Section        2  libinit.o(.ARM.Collect$$libinit$$00000000)
    .ARM.Collect$$libinit$$00000002          0x00000122   Section        0  libinit2.o(.ARM.Collect$$libinit$$00000002)
    .ARM.Collect$$libinit$$00000004          0x00000122   Section        0  libinit2.o(.ARM.Collect$$libinit$$00000004)
    .ARM.Collect$$libinit$$0000000A          0x00000122   Section        0  libinit2.o(.ARM.Collect$$libinit$$0000000A)
    .ARM.Collect$$libinit$$0000000C          0x00000122   Section        0  libinit2.o(.ARM.Collect$$libinit$$0000000C)
    .ARM.Collect$$libinit$$0000000E          0x00000122   Section        0  libinit2.o(.ARM.Collect$$libinit$$0000000E)
    .ARM.Collect$$libinit$$00000011          0x00000122   Section        0  libinit2.o(.ARM.Collect$$libinit$$00000011)
    .ARM.Collect$$libinit$$00000013          0x00000122   Section        0  libinit2.o(.ARM.Collect$$libinit$$00000013)
    .ARM.Collect$$libinit$$00000015          0x00000122   Section        0  libinit2.o(.ARM.Collect$$libinit$$00000015)
    .ARM.Collect$$libinit$$00000017          0x00000122   Section        0  libinit2.o(.ARM.Collect$$libinit$$00000017)
    .ARM.Collect$$libinit$$00000019          0x00000122   Section        0  libinit2.o(.ARM.Collect$$libinit$$00000019)
    .ARM.Collect$$libinit$$0000001B          0x00000122   Section        0  libinit2.o(.ARM.Collect$$libinit$$0000001B)
    .ARM.Collect$$libinit$$0000001D          0x00000122   Section        0  libinit2.o(.ARM.Collect$$libinit$$0000001D)
    .ARM.Collect$$libinit$$0000001F          0x00000122   Section        0  libinit2.o(.ARM.Collect$$libinit$$0000001F)
    .ARM.Collect$$libinit$$00000021          0x00000122   Section        0  libinit2.o(.ARM.Collect$$libinit$$00000021)
    .ARM.Collect$$libinit$$00000023          0x00000122   Section        0  libinit2.o(.ARM.Collect$$libinit$$00000023)
    .ARM.Collect$$libinit$$00000025          0x00000122   Section        0  libinit2.o(.ARM.Collect$$libinit$$00000025)
    .ARM.Collect$$libinit$$0000002C          0x00000122   Section        0  libinit2.o(.ARM.Collect$$libinit$$0000002C)
    .ARM.Collect$$libinit$$0000002E          0x00000122   Section        0  libinit2.o(.ARM.Collect$$libinit$$0000002E)
    .ARM.Collect$$libinit$$00000030          0x00000122   Section        0  libinit2.o(.ARM.Collect$$libinit$$00000030)
    .ARM.Collect$$libinit$$00000032          0x00000122   Section        0  libinit2.o(.ARM.Collect$$libinit$$00000032)
    .ARM.Collect$$libinit$$00000033          0x00000122   Section        2  libinit2.o(.ARM.Collect$$libinit$$00000033)
    .ARM.Collect$$libshutdown$$00000000      0x00000124   Section        2  libshutdown.o(.ARM.Collect$$libshutdown$$00000000)
    .ARM.Collect$$libshutdown$$00000002      0x00000126   Section        0  libshutdown2.o(.ARM.Collect$$libshutdown$$00000002)
    .ARM.Collect$$libshutdown$$00000004      0x00000126   Section        0  libshutdown2.o(.ARM.Collect$$libshutdown$$00000004)
    .ARM.Collect$$libshutdown$$00000007      0x00000126   Section        0  libshutdown2.o(.ARM.Collect$$libshutdown$$00000007)
    .ARM.Collect$$libshutdown$$0000000A      0x00000126   Section        0  libshutdown2.o(.ARM.Collect$$libshutdown$$0000000A)
    .ARM.Collect$$libshutdown$$0000000C      0x00000126   Section        0  libshutdown2.o(.ARM.Collect$$libshutdown$$0000000C)
    .ARM.Collect$$libshutdown$$0000000F      0x00000126   Section        0  libshutdown2.o(.ARM.Collect$$libshutdown$$0000000F)
    .ARM.Collect$$libshutdown$$00000010      0x00000126   Section        2  libshutdown2.o(.ARM.Collect$$libshutdown$$00000010)
    .ARM.Collect$$rtentry$$00000000          0x00000128   Section        0  __rtentry.o(.ARM.Collect$$rtentry$$00000000)
    .ARM.Collect$$rtentry$$00000002          0x00000128   Section        0  __rtentry2.o(.ARM.Collect$$rtentry$$00000002)
    .ARM.Collect$$rtentry$$00000004          0x00000128   Section        6  __rtentry4.o(.ARM.Collect$$rtentry$$00000004)
    .ARM.Collect$$rtentry$$00000009          0x0000012e   Section        0  __rtentry2.o(.ARM.Collect$$rtentry$$00000009)
    .ARM.Collect$$rtentry$$0000000A          0x0000012e   Section        4  __rtentry2.o(.ARM.Collect$$rtentry$$0000000A)
    .ARM.Collect$$rtentry$$0000000C          0x00000132   Section        0  __rtentry2.o(.ARM.Collect$$rtentry$$0000000C)
    .ARM.Collect$$rtentry$$0000000D          0x00000132   Section        8  __rtentry2.o(.ARM.Collect$$rtentry$$0000000D)
    .ARM.Collect$$rtexit$$00000000           0x0000013a   Section        2  rtexit.o(.ARM.Collect$$rtexit$$00000000)
    .ARM.Collect$$rtexit$$00000002           0x0000013c   Section        0  rtexit2.o(.ARM.Collect$$rtexit$$00000002)
    .ARM.Collect$$rtexit$$00000003           0x0000013c   Section        4  rtexit2.o(.ARM.Collect$$rtexit$$00000003)
    .ARM.Collect$$rtexit$$00000004           0x00000140   Section        6  rtexit2.o(.ARM.Collect$$rtexit$$00000004)
    .text                                    0x00000148   Section       64  startup_skeaz1284.o(.text)
    .text                                    0x00000188   Section        0  strcpy.o(.text)
    .text                                    0x000001d4   Section      346  aeabi_sdiv.o(.text)
    .text                                    0x0000032e   Section        0  heapauxi.o(.text)
    .text                                    0x00000334   Section        0  d2f.o(.text)
    .text                                    0x000003b0   Section        0  ffixi.o(.text)
    .text                                    0x000003fc   Section        2  use_no_semi.o(.text)
    .text                                    0x000003fe   Section        0  indicate_semi.o(.text)
    x$fpl$usenofp                            0x000003fe   Section        0  usenofp.o(x$fpl$usenofp)
    .ARM.__at_0x400                          0x00000400   Section       16  startup_skeaz1284.o(.ARM.__at_0x400)
    .text                                    0x00000410   Section        0  daddsub.o(.text)
    _dadd1                                   0x00000411   Thumb Code   290  daddsub.o(.text)
    _dsub1                                   0x00000533   Thumb Code   470  daddsub.o(.text)
    .text                                    0x00000768   Section        0  ddiv.o(.text)
    .text                                    0x00000bb0   Section        0  dfixi.o(.text)
    .text                                    0x00000c1c   Section        0  dflti.o(.text)
    .text                                    0x00000c74   Section        0  dmul.o(.text)
    .text                                    0x00000ebc   Section        0  f2d.o(.text)
    .text                                    0x00000f10   Section        0  fdiv.o(.text)
    .text                                    0x00001070   Section        0  ffixui.o(.text)
    .text                                    0x000010a0   Section        0  fflti.o(.text)
    .text                                    0x00001100   Section        0  dcmpin.o(.text)
    .text                                    0x00001190   Section        0  fcmpin.o(.text)
    .text                                    0x000011f4   Section        0  cmpret.o(.text)
    .text                                    0x00001224   Section        0  dnan2.o(.text)
    .text                                    0x00001238   Section        0  dscalbn.o(.text)
    .text                                    0x00001298   Section        0  fnan2.o(.text)
    .text                                    0x000012a8   Section        8  libspace.o(.text)
    .text                                    0x000012b0   Section       62  sys_stackheap_outer.o(.text)
    .text                                    0x000012ee   Section        0  exit.o(.text)
    .text                                    0x000012fe   Section        0  retnan.o(.text)
    .text                                    0x0000135c   Section        0  sys_exit.o(.text)
    .text                                    0x00001368   Section        0  __dczerorl2.o(.text)
    i.ADCRead                                0x000013c0   Section        0  adc.o(i.ADCRead)
    i.ADCReadn                               0x0000143c   Section        0  adc.o(i.ADCReadn)
    i.ADC_Read                               0x00001464   Section        0  distance.o(i.ADC_Read)
    i.ADC_Smoothing                          0x0000151c   Section        0  distance.o(i.ADC_Smoothing)
    i.EncoderClrFlag                         0x00001580   Section        0  encoder.o(i.EncoderClrFlag)
    i.EncoderRead                            0x000015b4   Section        0  encoder.o(i.EncoderRead)
    i.FTM0_IRQHandler                        0x000015e0   Section        0  balance_isr.o(i.FTM0_IRQHandler)
    i.FTM1_IRQHandler                        0x000016c0   Section        0  balance_isr.o(i.FTM1_IRQHandler)
    i.FTMEnInterrupt                         0x000017a0   Section        0  incap.o(i.FTMEnInterrupt)
    i.FTM_PWM_init                           0x000017bc   Section        0  pwm.o(i.FTM_PWM_init)
    i.FTM_PWM_set_duty                       0x000019bc   Section        0  pwm.o(i.FTM_PWM_set_duty)
    i.GYROInit                               0x00001a18   Section        0  gyro.o(i.GYROInit)
    i.GYRORead                               0x00001a68   Section        0  gyro.o(i.GYRORead)
    i.GYROReadn                              0x00001ae4   Section        0  gyro.o(i.GYROReadn)
    i.INCaptureInit                          0x00001b0c   Section        0  incap.o(i.INCaptureInit)
    i.KALMANFilter                           0x00001c28   Section        0  balancecontrol.o(i.KALMANFilter)
    i.KBI0_IRQHandler                        0x00001cd8   Section        0  balance_isr.o(i.KBI0_IRQHandler)
    i.KBIClear                               0x00002294   Section        0  kbi.o(i.KBIClear)
    i.KBIInit                                0x000022e0   Section        0  kbi.o(i.KBIInit)
    i.NVIC_DisableIRQ                        0x000024bc   Section        0  pit.o(i.NVIC_DisableIRQ)
    NVIC_DisableIRQ                          0x000024bd   Thumb Code    14  pit.o(i.NVIC_DisableIRQ)
    i.NVIC_EnableIRQ                         0x000024d0   Section        0  kbi.o(i.NVIC_EnableIRQ)
    NVIC_EnableIRQ                           0x000024d1   Thumb Code    14  kbi.o(i.NVIC_EnableIRQ)
    i.NVIC_EnableIRQ                         0x000024e4   Section        0  pit.o(i.NVIC_EnableIRQ)
    NVIC_EnableIRQ                           0x000024e5   Thumb Code    14  pit.o(i.NVIC_EnableIRQ)
    i.NVIC_SetPriority                       0x000024f8   Section        0  delay.o(i.NVIC_SetPriority)
    NVIC_SetPriority                         0x000024f9   Thumb Code   110  delay.o(i.NVIC_SetPriority)
    i.OLEDDisplay                            0x00002570   Section        0  display.o(i.OLEDDisplay)
    i.OLED_Clear                             0x00002714   Section        0  oled.o(i.OLED_Clear)
    i.OLED_Init                              0x00002754   Section        0  oled.o(i.OLED_Init)
    i.OLED_Set_Pos                           0x000028b4   Section        0  oled.o(i.OLED_Set_Pos)
    i.OLED_ShowChar                          0x000028e8   Section        0  oled.o(i.OLED_ShowChar)
    i.OLED_ShowNum                           0x00002934   Section        0  oled.o(i.OLED_ShowNum)
    i.OLED_ShowString                        0x000029bc   Section        0  oled.o(i.OLED_ShowString)
    i.OLED_WR_Byte                           0x000029f0   Section        0  oled.o(i.OLED_WR_Byte)
    i.PIDInit                                0x00002a70   Section        0  pid.o(i.PIDInit)
    i.PIDcalc                                0x00002a8a   Section        0  pid.o(i.PIDcalc)
    i.PIT_CH0_IRQHandler                     0x00002b0c   Section        0  balance_isr.o(i.PIT_CH0_IRQHandler)
    i.SystemInit                             0x00002c14   Section        0  system_skeaz1284.o(i.SystemInit)
    i.__ARM_fpclassify                       0x00002c74   Section        0  fpclassify.o(i.__ARM_fpclassify)
    i.__kernel_poly                          0x00002ca0   Section        0  poly.o(i.__kernel_poly)
    i.__mathlib_dbl_infnan                   0x00002d4c   Section        0  dunder.o(i.__mathlib_dbl_infnan)
    i.__mathlib_dbl_infnan2                  0x00002d56   Section        0  dunder.o(i.__mathlib_dbl_infnan2)
    i.__mathlib_dbl_underflow                0x00002d60   Section        0  dunder.o(i.__mathlib_dbl_underflow)
    i.acceInit                               0x00002d74   Section        0  accelerometer.o(i.acceInit)
    i.acceReadL                              0x00002e0c   Section        0  accelerometer.o(i.acceReadL)
    i.acceSolveData                          0x00002e82   Section        0  accelerometer.o(i.acceSolveData)
    i.acceWriteByte                          0x00002eee   Section        0  accelerometer.o(i.acceWriteByte)
    i.acce_readbyte                          0x00002f3a   Section        0  accelerometer.o(i.acce_readbyte)
    i.atan                                   0x00002f94   Section        0  atan.o(i.atan)
    i.atan2                                  0x000031b0   Section        0  atan2.o(i.atan2)
    i.dataDecrement                          0x00003328   Section        0  display.o(i.dataDecrement)
    i.dataIncrement                          0x0000333c   Section        0  display.o(i.dataIncrement)
    i.delay_Init                             0x00003350   Section        0  delay.o(i.delay_Init)
    i.delay_ms                               0x00003390   Section        0  delay.o(i.delay_ms)
    i.delay_us                               0x00003420   Section        0  delay.o(i.delay_us)
    i.dis_num                                0x000034c4   Section        0  oled.o(i.dis_num)
    i.getGyroMid                             0x0000358c   Section        0  gyro.o(i.getGyroMid)
    i.getX                                   0x000035a8   Section        0  distance.o(i.getX)
    i.globalDisplayInit                      0x00003830   Section        0  balance.o(i.globalDisplayInit)
    i.globalKBIInit                          0x00003e44   Section        0  balance.o(i.globalKBIInit)
    i.globalKalmanLoop                       0x00003e84   Section        0  balance.o(i.globalKalmanLoop)
    i.globalResetMid                         0x00004110   Section        0  balance.o(i.globalResetMid)
    i.gpio_get                               0x00004124   Section        0  gpio.o(i.gpio_get)
    i.gpio_init                              0x000041a4   Section        0  gpio.o(i.gpio_init)
    i.gpio_port_pin_num                      0x00004260   Section        0  gpio.o(i.gpio_port_pin_num)
    gpio_port_pin_num                        0x00004261   Thumb Code     8  gpio.o(i.gpio_port_pin_num)
    i.gpio_pull                              0x00004268   Section        0  gpio.o(i.gpio_pull)
    i.gpio_set                               0x0000434c   Section        0  gpio.o(i.gpio_set)
    i.gpio_setIn                             0x000043e4   Section        0  gpio.o(i.gpio_setIn)
    i.gpio_setOut                            0x00004474   Section        0  gpio.o(i.gpio_setOut)
    i.i2c_Ack                                0x00004504   Section        0  i2c.o(i.i2c_Ack)
    i.i2c_InitConfig                         0x0000454e   Section        0  i2c.o(i.i2c_InitConfig)
    i.i2c_NAck                               0x00004584   Section        0  i2c.o(i.i2c_NAck)
    i.i2c_Read_Byte                          0x000045ce   Section        0  i2c.o(i.i2c_Read_Byte)
    i.i2c_Send_Byte                          0x00004634   Section        0  i2c.o(i.i2c_Send_Byte)
    i.i2c_Start                              0x0000469a   Section        0  i2c.o(i.i2c_Start)
    i.i2c_Stop                               0x000046da   Section        0  i2c.o(i.i2c_Stop)
    i.i2c_Wait_Ack                           0x0000471a   Section        0  i2c.o(i.i2c_Wait_Ack)
    i.initEncoder                            0x00004774   Section        0  encoder.o(i.initEncoder)
    i.initMotor                              0x000047e0   Section        0  motor.o(i.initMotor)
    i.isEncoderFlagSet                       0x0000482c   Section        0  encoder.o(i.isEncoderFlagSet)
    i.isKBIFlagSet                           0x0000485c   Section        0  kbi.o(i.isKBIFlagSet)
    i.lineSwitch                             0x0000488c   Section        0  display.o(i.lineSwitch)
    i.main                                   0x000048b8   Section        0  balance.o(i.main)
    i.oled_pow                               0x00004df8   Section        0  oled.o(i.oled_pow)
    i.pageSwitch                             0x00004e14   Section        0  display.o(i.pageSwitch)
    i.pitInit_us                             0x00004e38   Section        0  pit.o(i.pitInit_us)
    i.pit_IRQClearFlag                       0x00004ed8   Section        0  pit.o(i.pit_IRQClearFlag)
    i.pit_IRQSwitch                          0x00004ef4   Section        0  pit.o(i.pit_IRQSwitch)
    i.pit_Switch                             0x00004f38   Section        0  pit.o(i.pit_Switch)
    i.setForwDuty                            0x00004f70   Section        0  motor.o(i.setForwDuty)
    i.setReveDuty                            0x00004fc2   Section        0  motor.o(i.setReveDuty)
    i.speedLeagalize                         0x00005014   Section        0  motor.o(i.speedLeagalize)
    x$fpl$dleqf                              0x0000503c   Section      100  dlef.o(x$fpl$dleqf)
    x$fpl$drleqf                             0x000050a0   Section      104  drlef.o(x$fpl$drleqf)
    x$fpl$fadd                               0x00005108   Section      140  faddsub.o(x$fpl$fadd)
    _fadd1                                   0x00005115   Thumb Code     0  faddsub.o(x$fpl$fadd)
    x$fpl$fleqf                              0x00005194   Section       84  flef.o(x$fpl$fleqf)
    x$fpl$fmul                               0x000051e8   Section      176  fmul.o(x$fpl$fmul)
    x$fpl$frleqf                             0x00005298   Section       88  frlef.o(x$fpl$frleqf)
    x$fpl$frsb                               0x000052f0   Section       24  faddsub.o(x$fpl$frsb)
    x$fpl$fsub                               0x00005308   Section      208  faddsub.o(x$fpl$fsub)
    _fsub1                                   0x00005315   Thumb Code     0  faddsub.o(x$fpl$fsub)
    .constdata                               0x000053d8   Section       12  pwm.o(.constdata)
    .constdata                               0x000053e4   Section     2072  oled.o(.constdata)
    .constdata                               0x00005bfc   Section      128  ddiv.o(.constdata)
    ddiv_reciptbl                            0x00005bfc   Data         128  ddiv.o(.constdata)
    .constdata                               0x00005c7c   Section       64  fdiv.o(.constdata)
    fdiv_tab                                 0x00005c7c   Data          64  fdiv.o(.constdata)
    .constdata                               0x00005cc0   Section      152  atan.o(.constdata)
    atanhi                                   0x00005cc0   Data          32  atan.o(.constdata)
    atanlo                                   0x00005ce0   Data          32  atan.o(.constdata)
    aTodd                                    0x00005d00   Data          40  atan.o(.constdata)
    aTeven                                   0x00005d28   Data          48  atan.o(.constdata)
    .constdata                               0x00005d58   Section        8  qnan.o(.constdata)
    .data                                    0x1ffff000   Section        4  system_skeaz1284.o(.data)
    .data                                    0x1ffff004   Section        4  gpio.o(.data)
    .data                                    0x1ffff008   Section        2  pwm.o(.data)
    MOD_VALUE                                0x1ffff008   Data           2  pwm.o(.data)
    .data                                    0x1ffff00c   Section       12  incap.o(.data)
    .data                                    0x1ffff018   Section       31  display.o(.data)
    index                                    0x1ffff035   Data           1  display.o(.data)
    row                                      0x1ffff036   Data           1  display.o(.data)
    .data                                    0x1ffff038   Section        4  delay.o(.data)
    .data                                    0x1ffff03c   Section        2  accelerometer.o(.data)
    .data                                    0x1ffff03e   Section        2  gyro.o(.data)
    .data                                    0x1ffff040   Section        6  balancecontrol.o(.data)
    optimumAngle                             0x1ffff040   Data           4  balancecontrol.o(.data)
    optimumCovariance                        0x1ffff044   Data           2  balancecontrol.o(.data)
    .data                                    0x1ffff048   Section       36  distance.o(.data)
    .data                                    0x1ffff06c   Section      164  balance.o(.data)
    index                                    0x1ffff10e   Data           1  balance.o(.data)
    count                                    0x1ffff10f   Data           1  balance.o(.data)
    .data                                    0x1ffff110   Section       44  balance_isr.o(.data)
    index                                    0x1ffff124   Data           1  balance_isr.o(.data)
    count                                    0x1ffff126   Data           2  balance_isr.o(.data)
    index                                    0x1ffff128   Data           1  balance_isr.o(.data)
    count                                    0x1ffff12a   Data           2  balance_isr.o(.data)
    i                                        0x1ffff12c   Data           1  balance_isr.o(.data)
    flag                                     0x1ffff130   Data           4  balance_isr.o(.data)
    record                                   0x1ffff134   Data           4  balance_isr.o(.data)
    count                                    0x1ffff138   Data           4  balance_isr.o(.data)
    .bss                                     0x1ffff13c   Section      912  balance.o(.bss)
    .bss                                     0x1ffff4cc   Section       40  balance_isr.o(.bss)
    results                                  0x1ffff4cc   Data          20  balance_isr.o(.bss)
    results                                  0x1ffff4e0   Data          20  balance_isr.o(.bss)
    .bss                                     0x1ffff4f4   Section       96  libspace.o(.bss)
    HEAP                                     0x1ffff558   Section        0  startup_skeaz1284.o(HEAP)
    STACK                                    0x1ffff558   Section      512  startup_skeaz1284.o(STACK)
    Heap_Mem                                 0x1ffff558   Data           0  startup_skeaz1284.o(HEAP)
    Stack_Mem                                0x1ffff558   Data         512  startup_skeaz1284.o(STACK)
    __initial_sp                             0x1ffff758   Data           0  startup_skeaz1284.o(STACK)

    Global Symbols

    Symbol Name                              Value     Ov Type        Size  Object(Section)

    BuildAttributes$$THM_ISAv3M$S$PE$A:L22$X:L11$S22$IEEE1$IW$USESV6$~STKCKD$USESV7$~SHL$OTIME$ROPI$IEEEX$EBA8$UX$STANDARDLIB$REQ8$PRES8$EABIv2 0x00000000   Number         0  anon$$obj.o ABSOLUTE
    __ARM_use_no_argv                        0x00000000   Number         0  balance.o ABSOLUTE
    __Vectors                                0x00000000   Data           4  startup_skeaz1284.o(RESET)
    __ARM_exceptions_init                     - Undefined Weak Reference
    __alloca_initialize                       - Undefined Weak Reference
    __arm_preinit_                            - Undefined Weak Reference
    __cpp_initialize__aeabi_                  - Undefined Weak Reference
    __cxa_finalize                            - Undefined Weak Reference
    __rt_locale                               - Undefined Weak Reference
    __sigvec_lookup                           - Undefined Weak Reference
    _atexit_init                              - Undefined Weak Reference
    _call_atexit_fns                          - Undefined Weak Reference
    _clock_init                               - Undefined Weak Reference
    _fp_trap_init                             - Undefined Weak Reference
    _fp_trap_shutdown                         - Undefined Weak Reference
    _get_lc_collate                           - Undefined Weak Reference
    _get_lc_ctype                             - Undefined Weak Reference
    _get_lc_monetary                          - Undefined Weak Reference
    _get_lc_numeric                           - Undefined Weak Reference
    _get_lc_time                              - Undefined Weak Reference
    _getenv_init                              - Undefined Weak Reference
    _handle_redirection                       - Undefined Weak Reference
    _init_alloc                               - Undefined Weak Reference
    _init_user_alloc                          - Undefined Weak Reference
    _initio                                   - Undefined Weak Reference
    _rand_init                                - Undefined Weak Reference
    _signal_finish                            - Undefined Weak Reference
    _signal_init                              - Undefined Weak Reference
    _terminate_alloc                          - Undefined Weak Reference
    _terminate_user_alloc                     - Undefined Weak Reference
    _terminateio                              - Undefined Weak Reference
    __Vectors_End                            0x000000c0   Data           0  startup_skeaz1284.o(RESET)
    __Vectors_Size                           0x000000c0   Number         0  startup_skeaz1284.o ABSOLUTE
    __main                                   0x000000c1   Thumb Code     8  __main.o(!!!main)
    __scatterload                            0x000000c9   Thumb Code     0  __scatter.o(!!!scatter)
    __scatterload_rt2                        0x000000c9   Thumb Code    52  __scatter.o(!!!scatter)
    __scatterload_rt2_thumb_only             0x000000c9   Thumb Code     0  __scatter.o(!!!scatter)
    __scatterload_null                       0x000000d9   Thumb Code     0  __scatter.o(!!!scatter)
    __scatterload_zeroinit                   0x00000105   Thumb Code    28  __scatter_zi.o(!!handler_zi)
    __rt_lib_init                            0x00000121   Thumb Code     0  libinit.o(.ARM.Collect$$libinit$$00000000)
    __rt_lib_init_alloca_1                   0x00000123   Thumb Code     0  libinit2.o(.ARM.Collect$$libinit$$0000002E)
    __rt_lib_init_argv_1                     0x00000123   Thumb Code     0  libinit2.o(.ARM.Collect$$libinit$$0000002C)
    __rt_lib_init_atexit_1                   0x00000123   Thumb Code     0  libinit2.o(.ARM.Collect$$libinit$$0000001B)
    __rt_lib_init_clock_1                    0x00000123   Thumb Code     0  libinit2.o(.ARM.Collect$$libinit$$00000021)
    __rt_lib_init_cpp_1                      0x00000123   Thumb Code     0  libinit2.o(.ARM.Collect$$libinit$$00000032)
    __rt_lib_init_exceptions_1               0x00000123   Thumb Code     0  libinit2.o(.ARM.Collect$$libinit$$00000030)
    __rt_lib_init_fp_1                       0x00000123   Thumb Code     0  libinit2.o(.ARM.Collect$$libinit$$00000002)
    __rt_lib_init_fp_trap_1                  0x00000123   Thumb Code     0  libinit2.o(.ARM.Collect$$libinit$$0000001F)
    __rt_lib_init_getenv_1                   0x00000123   Thumb Code     0  libinit2.o(.ARM.Collect$$libinit$$00000023)
    __rt_lib_init_heap_1                     0x00000123   Thumb Code     0  libinit2.o(.ARM.Collect$$libinit$$0000000A)
    __rt_lib_init_lc_collate_1               0x00000123   Thumb Code     0  libinit2.o(.ARM.Collect$$libinit$$00000011)
    __rt_lib_init_lc_ctype_1                 0x00000123   Thumb Code     0  libinit2.o(.ARM.Collect$$libinit$$00000013)
    __rt_lib_init_lc_monetary_1              0x00000123   Thumb Code     0  libinit2.o(.ARM.Collect$$libinit$$00000015)
    __rt_lib_init_lc_numeric_1               0x00000123   Thumb Code     0  libinit2.o(.ARM.Collect$$libinit$$00000017)
    __rt_lib_init_lc_time_1                  0x00000123   Thumb Code     0  libinit2.o(.ARM.Collect$$libinit$$00000019)
    __rt_lib_init_preinit_1                  0x00000123   Thumb Code     0  libinit2.o(.ARM.Collect$$libinit$$00000004)
    __rt_lib_init_rand_1                     0x00000123   Thumb Code     0  libinit2.o(.ARM.Collect$$libinit$$0000000E)
    __rt_lib_init_return                     0x00000123   Thumb Code     0  libinit2.o(.ARM.Collect$$libinit$$00000033)
    __rt_lib_init_signal_1                   0x00000123   Thumb Code     0  libinit2.o(.ARM.Collect$$libinit$$0000001D)
    __rt_lib_init_stdio_1                    0x00000123   Thumb Code     0  libinit2.o(.ARM.Collect$$libinit$$00000025)
    __rt_lib_init_user_alloc_1               0x00000123   Thumb Code     0  libinit2.o(.ARM.Collect$$libinit$$0000000C)
    __rt_lib_shutdown                        0x00000125   Thumb Code     0  libshutdown.o(.ARM.Collect$$libshutdown$$00000000)
    __rt_lib_shutdown_cpp_1                  0x00000127   Thumb Code     0  libshutdown2.o(.ARM.Collect$$libshutdown$$00000002)
    __rt_lib_shutdown_fp_trap_1              0x00000127   Thumb Code     0  libshutdown2.o(.ARM.Collect$$libshutdown$$00000007)
    __rt_lib_shutdown_heap_1                 0x00000127   Thumb Code     0  libshutdown2.o(.ARM.Collect$$libshutdown$$0000000F)
    __rt_lib_shutdown_return                 0x00000127   Thumb Code     0  libshutdown2.o(.ARM.Collect$$libshutdown$$00000010)
    __rt_lib_shutdown_signal_1               0x00000127   Thumb Code     0  libshutdown2.o(.ARM.Collect$$libshutdown$$0000000A)
    __rt_lib_shutdown_stdio_1                0x00000127   Thumb Code     0  libshutdown2.o(.ARM.Collect$$libshutdown$$00000004)
    __rt_lib_shutdown_user_alloc_1           0x00000127   Thumb Code     0  libshutdown2.o(.ARM.Collect$$libshutdown$$0000000C)
    __rt_entry                               0x00000129   Thumb Code     0  __rtentry.o(.ARM.Collect$$rtentry$$00000000)
    __rt_entry_presh_1                       0x00000129   Thumb Code     0  __rtentry2.o(.ARM.Collect$$rtentry$$00000002)
    __rt_entry_sh                            0x00000129   Thumb Code     0  __rtentry4.o(.ARM.Collect$$rtentry$$00000004)
    __rt_entry_li                            0x0000012f   Thumb Code     0  __rtentry2.o(.ARM.Collect$$rtentry$$0000000A)
    __rt_entry_postsh_1                      0x0000012f   Thumb Code     0  __rtentry2.o(.ARM.Collect$$rtentry$$00000009)
    __rt_entry_main                          0x00000133   Thumb Code     0  __rtentry2.o(.ARM.Collect$$rtentry$$0000000D)
    __rt_entry_postli_1                      0x00000133   Thumb Code     0  __rtentry2.o(.ARM.Collect$$rtentry$$0000000C)
    __rt_exit                                0x0000013b   Thumb Code     0  rtexit.o(.ARM.Collect$$rtexit$$00000000)
    __rt_exit_ls                             0x0000013d   Thumb Code     0  rtexit2.o(.ARM.Collect$$rtexit$$00000003)
    __rt_exit_prels_1                        0x0000013d   Thumb Code     0  rtexit2.o(.ARM.Collect$$rtexit$$00000002)
    __rt_exit_exit                           0x00000141   Thumb Code     0  rtexit2.o(.ARM.Collect$$rtexit$$00000004)
    init_data_bss                            0x00000149   Thumb Code     2  startup_skeaz1284.o(.text)
    Reset_Handler                            0x0000014b   Thumb Code    12  startup_skeaz1284.o(.text)
    NMI_Handler                              0x00000157   Thumb Code     2  startup_skeaz1284.o(.text)
    HardFault_Handler                        0x00000159   Thumb Code     2  startup_skeaz1284.o(.text)
    SVC_Handler                              0x0000015b   Thumb Code     2  startup_skeaz1284.o(.text)
    PendSV_Handler                           0x0000015d   Thumb Code     2  startup_skeaz1284.o(.text)
    SysTick_Handler                          0x0000015f   Thumb Code     2  startup_skeaz1284.o(.text)
    ACMP0_IRQHandler                         0x00000161   Thumb Code     0  startup_skeaz1284.o(.text)
    ACMP1_IRQHandler                         0x00000161   Thumb Code     0  startup_skeaz1284.o(.text)
    ADC_IRQHandler                           0x00000161   Thumb Code     0  startup_skeaz1284.o(.text)
    DefaultISR                               0x00000161   Thumb Code     0  startup_skeaz1284.o(.text)
    FTM2_IRQHandler                          0x00000161   Thumb Code     0  startup_skeaz1284.o(.text)
    FTMRE_IRQHandler                         0x00000161   Thumb Code     0  startup_skeaz1284.o(.text)
    I2C0_IRQHandler                          0x00000161   Thumb Code     0  startup_skeaz1284.o(.text)
    I2C1_IRQHandler                          0x00000161   Thumb Code     0  startup_skeaz1284.o(.text)
    ICS_IRQHandler                           0x00000161   Thumb Code     0  startup_skeaz1284.o(.text)
    IRQ_IRQHandler                           0x00000161   Thumb Code     0  startup_skeaz1284.o(.text)
    KBI1_IRQHandler                          0x00000161   Thumb Code     0  startup_skeaz1284.o(.text)
    MSCAN_RX_IRQHandler                      0x00000161   Thumb Code     0  startup_skeaz1284.o(.text)
    MSCAN_TX_IRQHandler                      0x00000161   Thumb Code     0  startup_skeaz1284.o(.text)
    PIT_CH1_IRQHandler                       0x00000161   Thumb Code     0  startup_skeaz1284.o(.text)
    PMC_IRQHandler                           0x00000161   Thumb Code     0  startup_skeaz1284.o(.text)
    PWT_IRQHandler                           0x00000161   Thumb Code     0  startup_skeaz1284.o(.text)
    RTC_IRQHandler                           0x00000161   Thumb Code     0  startup_skeaz1284.o(.text)
    Reserved16_IRQHandler                    0x00000161   Thumb Code     0  startup_skeaz1284.o(.text)
    Reserved17_IRQHandler                    0x00000161   Thumb Code     0  startup_skeaz1284.o(.text)
    Reserved18_IRQHandler                    0x00000161   Thumb Code     0  startup_skeaz1284.o(.text)
    Reserved19_IRQHandler                    0x00000161   Thumb Code     0  startup_skeaz1284.o(.text)
    Reserved20_IRQHandler                    0x00000161   Thumb Code     0  startup_skeaz1284.o(.text)
    Reserved42_IRQHandler                    0x00000161   Thumb Code     0  startup_skeaz1284.o(.text)
    SPI0_IRQHandler                          0x00000161   Thumb Code     0  startup_skeaz1284.o(.text)
    SPI1_IRQHandler                          0x00000161   Thumb Code     0  startup_skeaz1284.o(.text)
    UART0_IRQHandler                         0x00000161   Thumb Code     0  startup_skeaz1284.o(.text)
    UART1_IRQHandler                         0x00000161   Thumb Code     0  startup_skeaz1284.o(.text)
    UART2_IRQHandler                         0x00000161   Thumb Code     0  startup_skeaz1284.o(.text)
    WDOG_IRQHandler                          0x00000161   Thumb Code     0  startup_skeaz1284.o(.text)
    __user_initial_stackheap                 0x00000165   Thumb Code     0  startup_skeaz1284.o(.text)
    strcpy                                   0x00000189   Thumb Code    70  strcpy.o(.text)
    __aeabi_uidiv                            0x000001d5   Thumb Code     0  aeabi_sdiv.o(.text)
    __aeabi_uidivmod                         0x000001d5   Thumb Code    20  aeabi_sdiv.o(.text)
    __aeabi_idiv                             0x000001e9   Thumb Code     0  aeabi_sdiv.o(.text)
    __aeabi_idivmod                          0x000001e9   Thumb Code   326  aeabi_sdiv.o(.text)
    __use_two_region_memory                  0x0000032f   Thumb Code     2  heapauxi.o(.text)
    __rt_heap_escrow$2region                 0x00000331   Thumb Code     2  heapauxi.o(.text)
    __rt_heap_expand$2region                 0x00000333   Thumb Code     2  heapauxi.o(.text)
    __aeabi_d2f                              0x00000335   Thumb Code     0  d2f.o(.text)
    _d2f                                     0x00000335   Thumb Code   120  d2f.o(.text)
    __aeabi_f2iz                             0x000003b1   Thumb Code     0  ffixi.o(.text)
    _ffix                                    0x000003b1   Thumb Code    76  ffixi.o(.text)
    __I$use$semihosting                      0x000003fd   Thumb Code     0  use_no_semi.o(.text)
    __use_no_semihosting_swi                 0x000003fd   Thumb Code     2  use_no_semi.o(.text)
    __I$use$fp                               0x000003fe   Number         0  usenofp.o(x$fpl$usenofp)
    __semihosting_library_function           0x000003ff   Thumb Code     0  indicate_semi.o(.text)
    __aeabi_dadd                             0x00000709   Thumb Code     0  daddsub.o(.text)
    _dadd                                    0x00000709   Thumb Code    26  daddsub.o(.text)
    __aeabi_dsub                             0x00000723   Thumb Code     0  daddsub.o(.text)
    _dsub                                    0x00000723   Thumb Code    22  daddsub.o(.text)
    __aeabi_drsub                            0x00000739   Thumb Code     0  daddsub.o(.text)
    _drsb                                    0x00000739   Thumb Code    28  daddsub.o(.text)
    __aeabi_ddiv                             0x00000769   Thumb Code     0  ddiv.o(.text)
    _ddiv                                    0x00000769   Thumb Code  1072  ddiv.o(.text)
    _drdiv                                   0x00000b99   Thumb Code    20  ddiv.o(.text)
    __aeabi_d2iz                             0x00000bb1   Thumb Code     0  dfixi.o(.text)
    _dfix                                    0x00000bb1   Thumb Code    98  dfixi.o(.text)
    __aeabi_i2d_normalise                    0x00000c1d   Thumb Code    66  dflti.o(.text)
    __aeabi_i2d                              0x00000c5f   Thumb Code    16  dflti.o(.text)
    _dflt                                    0x00000c5f   Thumb Code     0  dflti.o(.text)
    __aeabi_ui2d                             0x00000c6f   Thumb Code     6  dflti.o(.text)
    _dfltu                                   0x00000c6f   Thumb Code     0  dflti.o(.text)
    __aeabi_dmul                             0x00000c75   Thumb Code     0  dmul.o(.text)
    _dmul                                    0x00000c75   Thumb Code   558  dmul.o(.text)
    __aeabi_f2d                              0x00000ebd   Thumb Code     0  f2d.o(.text)
    _f2d                                     0x00000ebd   Thumb Code    80  f2d.o(.text)
    __aeabi_fdiv                             0x00000f11   Thumb Code     0  fdiv.o(.text)
    _fdiv                                    0x00000f11   Thumb Code   334  fdiv.o(.text)
    _frdiv                                   0x0000105f   Thumb Code     8  fdiv.o(.text)
    __aeabi_f2uiz                            0x00001071   Thumb Code     0  ffixui.o(.text)
    _ffixu                                   0x00001071   Thumb Code    48  ffixui.o(.text)
    __aeabi_i2f_normalise                    0x000010a1   Thumb Code    72  fflti.o(.text)
    __aeabi_i2f                              0x000010e9   Thumb Code    16  fflti.o(.text)
    _fflt                                    0x000010e9   Thumb Code     0  fflti.o(.text)
    __aeabi_ui2f                             0x000010f9   Thumb Code     6  fflti.o(.text)
    _ffltu                                   0x000010f9   Thumb Code     0  fflti.o(.text)
    __fpl_dcmp_InfNaN                        0x00001101   Thumb Code   140  dcmpin.o(.text)
    __fpl_fcmp_InfNaN                        0x00001191   Thumb Code    96  fcmpin.o(.text)
    __fpl_cmpreturn                          0x000011f5   Thumb Code    46  cmpret.o(.text)
    __fpl_dcheck_NaN2                        0x00001225   Thumb Code    14  dnan2.o(.text)
    __ARM_scalbn                             0x00001239   Thumb Code    84  dscalbn.o(.text)
    __fpl_fcheck_NaN2                        0x00001299   Thumb Code    10  fnan2.o(.text)
    __user_libspace                          0x000012a9   Thumb Code     8  libspace.o(.text)
    __user_perproc_libspace                  0x000012a9   Thumb Code     0  libspace.o(.text)
    __user_perthread_libspace                0x000012a9   Thumb Code     0  libspace.o(.text)
    __user_setup_stackheap                   0x000012b1   Thumb Code    62  sys_stackheap_outer.o(.text)
    exit                                     0x000012ef   Thumb Code    16  exit.o(.text)
    __fpl_return_NaN                         0x000012ff   Thumb Code    94  retnan.o(.text)
    _sys_exit                                0x0000135d   Thumb Code     8  sys_exit.o(.text)
    __decompress                             0x00001369   Thumb Code     0  __dczerorl2.o(.text)
    __decompress1                            0x00001369   Thumb Code    86  __dczerorl2.o(.text)
    ADCRead                                  0x000013c1   Thumb Code   118  adc.o(i.ADCRead)
    ADCReadn                                 0x0000143d   Thumb Code    40  adc.o(i.ADCReadn)
    ADC_Read                                 0x00001465   Thumb Code   184  distance.o(i.ADC_Read)
    ADC_Smoothing                            0x0000151d   Thumb Code   100  distance.o(i.ADC_Smoothing)
    EncoderClrFlag                           0x00001581   Thumb Code    44  encoder.o(i.EncoderClrFlag)
    EncoderRead                              0x000015b5   Thumb Code    36  encoder.o(i.EncoderRead)
    FTM0_IRQHandler                          0x000015e1   Thumb Code   188  balance_isr.o(i.FTM0_IRQHandler)
    FTM1_IRQHandler                          0x000016c1   Thumb Code   188  balance_isr.o(i.FTM1_IRQHandler)
    FTMEnInterrupt                           0x000017a1   Thumb Code    22  incap.o(i.FTMEnInterrupt)
    FTM_PWM_init                             0x000017bd   Thumb Code   478  pwm.o(i.FTM_PWM_init)
    FTM_PWM_set_duty                         0x000019bd   Thumb Code    80  pwm.o(i.FTM_PWM_set_duty)
    GYROInit                                 0x00001a19   Thumb Code    70  gyro.o(i.GYROInit)
    GYRORead                                 0x00001a69   Thumb Code   118  gyro.o(i.GYRORead)
    GYROReadn                                0x00001ae5   Thumb Code    40  gyro.o(i.GYROReadn)
    INCaptureInit                            0x00001b0d   Thumb Code   272  incap.o(i.INCaptureInit)
    KALMANFilter                             0x00001c29   Thumb Code   154  balancecontrol.o(i.KALMANFilter)
    KBI0_IRQHandler                          0x00001cd9   Thumb Code  1450  balance_isr.o(i.KBI0_IRQHandler)
    KBIClear                                 0x00002295   Thumb Code    68  kbi.o(i.KBIClear)
    KBIInit                                  0x000022e1   Thumb Code   464  kbi.o(i.KBIInit)
    OLEDDisplay                              0x00002571   Thumb Code   390  display.o(i.OLEDDisplay)
    OLED_Clear                               0x00002715   Thumb Code    64  oled.o(i.OLED_Clear)
    OLED_Init                                0x00002755   Thumb Code   346  oled.o(i.OLED_Init)
    OLED_Set_Pos                             0x000028b5   Thumb Code    52  oled.o(i.OLED_Set_Pos)
    OLED_ShowChar                            0x000028e9   Thumb Code    72  oled.o(i.OLED_ShowChar)
    OLED_ShowNum                             0x00002935   Thumb Code   136  oled.o(i.OLED_ShowNum)
    OLED_ShowString                          0x000029bd   Thumb Code    50  oled.o(i.OLED_ShowString)
    OLED_WR_Byte                             0x000029f1   Thumb Code   122  oled.o(i.OLED_WR_Byte)
    PIDInit                                  0x00002a71   Thumb Code    26  pid.o(i.PIDInit)
    PIDcalc                                  0x00002a8b   Thumb Code   130  pid.o(i.PIDcalc)
    PIT_CH0_IRQHandler                       0x00002b0d   Thumb Code   250  balance_isr.o(i.PIT_CH0_IRQHandler)
    SystemInit                               0x00002c15   Thumb Code    80  system_skeaz1284.o(i.SystemInit)
    __ARM_fpclassify                         0x00002c75   Thumb Code    40  fpclassify.o(i.__ARM_fpclassify)
    __kernel_poly                            0x00002ca1   Thumb Code   172  poly.o(i.__kernel_poly)
    __mathlib_dbl_infnan                     0x00002d4d   Thumb Code    10  dunder.o(i.__mathlib_dbl_infnan)
    __mathlib_dbl_infnan2                    0x00002d57   Thumb Code     8  dunder.o(i.__mathlib_dbl_infnan2)
    __mathlib_dbl_underflow                  0x00002d61   Thumb Code    14  dunder.o(i.__mathlib_dbl_underflow)
    acceInit                                 0x00002d75   Thumb Code   142  accelerometer.o(i.acceInit)
    acceReadL                                0x00002e0d   Thumb Code   118  accelerometer.o(i.acceReadL)
    acceSolveData                            0x00002e83   Thumb Code   108  accelerometer.o(i.acceSolveData)
    acceWriteByte                            0x00002eef   Thumb Code    76  accelerometer.o(i.acceWriteByte)
    acce_readbyte                            0x00002f3b   Thumb Code    90  accelerometer.o(i.acce_readbyte)
    atan                                     0x00002f95   Thumb Code   472  atan.o(i.atan)
    atan2                                    0x000031b1   Thumb Code   334  atan2.o(i.atan2)
    dataDecrement                            0x00003329   Thumb Code    14  display.o(i.dataDecrement)
    dataIncrement                            0x0000333d   Thumb Code    14  display.o(i.dataIncrement)
    delay_Init                               0x00003351   Thumb Code    60  delay.o(i.delay_Init)
    delay_ms                                 0x00003391   Thumb Code   132  delay.o(i.delay_ms)
    delay_us                                 0x00003421   Thumb Code   150  delay.o(i.delay_us)
    dis_num                                  0x000034c5   Thumb Code   198  oled.o(i.dis_num)
    getGyroMid                               0x0000358d   Thumb Code    22  gyro.o(i.getGyroMid)
    getX                                     0x000035a9   Thumb Code   602  distance.o(i.getX)
    globalDisplayInit                        0x00003831   Thumb Code  1516  balance.o(i.globalDisplayInit)
    globalKBIInit                            0x00003e45   Thumb Code    64  balance.o(i.globalKBIInit)
    globalKalmanLoop                         0x00003e85   Thumb Code   572  balance.o(i.globalKalmanLoop)
    globalResetMid                           0x00004111   Thumb Code    10  balance.o(i.globalResetMid)
    gpio_get                                 0x00004125   Thumb Code   118  gpio.o(i.gpio_get)
    gpio_init                                0x000041a5   Thumb Code   180  gpio.o(i.gpio_init)
    gpio_pull                                0x00004269   Thumb Code   218  gpio.o(i.gpio_pull)
    gpio_set                                 0x0000434d   Thumb Code   142  gpio.o(i.gpio_set)
    gpio_setIn                               0x000043e5   Thumb Code   134  gpio.o(i.gpio_setIn)
    gpio_setOut                              0x00004475   Thumb Code   134  gpio.o(i.gpio_setOut)
    i2c_Ack                                  0x00004505   Thumb Code    74  i2c.o(i.i2c_Ack)
    i2c_InitConfig                           0x0000454f   Thumb Code    54  i2c.o(i.i2c_InitConfig)
    i2c_NAck                                 0x00004585   Thumb Code    74  i2c.o(i.i2c_NAck)
    i2c_Read_Byte                            0x000045cf   Thumb Code   102  i2c.o(i.i2c_Read_Byte)
    i2c_Send_Byte                            0x00004635   Thumb Code   102  i2c.o(i.i2c_Send_Byte)
    i2c_Start                                0x0000469b   Thumb Code    64  i2c.o(i.i2c_Start)
    i2c_Stop                                 0x000046db   Thumb Code    64  i2c.o(i.i2c_Stop)
    i2c_Wait_Ack                             0x0000471b   Thumb Code    88  i2c.o(i.i2c_Wait_Ack)
    initEncoder                              0x00004775   Thumb Code    98  encoder.o(i.initEncoder)
    initMotor                                0x000047e1   Thumb Code    74  motor.o(i.initMotor)
    isEncoderFlagSet                         0x0000482d   Thumb Code    40  encoder.o(i.isEncoderFlagSet)
    isKBIFlagSet                             0x0000485d   Thumb Code    38  kbi.o(i.isKBIFlagSet)
    lineSwitch                               0x0000488d   Thumb Code    36  display.o(i.lineSwitch)
    main                                     0x000048b9   Thumb Code  1332  balance.o(i.main)
    oled_pow                                 0x00004df9   Thumb Code    26  oled.o(i.oled_pow)
    pageSwitch                               0x00004e15   Thumb Code    28  display.o(i.pageSwitch)
    pitInit_us                               0x00004e39   Thumb Code   144  pit.o(i.pitInit_us)
    pit_IRQClearFlag                         0x00004ed9   Thumb Code    22  pit.o(i.pit_IRQClearFlag)
    pit_IRQSwitch                            0x00004ef5   Thumb Code    68  pit.o(i.pit_IRQSwitch)
    pit_Switch                               0x00004f39   Thumb Code    50  pit.o(i.pit_Switch)
    setForwDuty                              0x00004f71   Thumb Code    82  motor.o(i.setForwDuty)
    setReveDuty                              0x00004fc3   Thumb Code    82  motor.o(i.setReveDuty)
    speedLeagalize                           0x00005015   Thumb Code    36  motor.o(i.speedLeagalize)
    __aeabi_cdcmple                          0x0000503d   Thumb Code     0  dlef.o(x$fpl$dleqf)
    _dcmple                                  0x0000503d   Thumb Code    94  dlef.o(x$fpl$dleqf)
    __aeabi_cdrcmple                         0x000050a1   Thumb Code     0  drlef.o(x$fpl$drleqf)
    _drcmple                                 0x000050a1   Thumb Code   100  drlef.o(x$fpl$drleqf)
    __aeabi_fadd                             0x00005109   Thumb Code     0  faddsub.o(x$fpl$fadd)
    _fadd                                    0x00005109   Thumb Code   134  faddsub.o(x$fpl$fadd)
    __aeabi_cfcmple                          0x00005195   Thumb Code     0  flef.o(x$fpl$fleqf)
    _fcmple                                  0x00005195   Thumb Code    78  flef.o(x$fpl$fleqf)
    __aeabi_fmul                             0x000051e9   Thumb Code     0  fmul.o(x$fpl$fmul)
    _fmul                                    0x000051e9   Thumb Code   172  fmul.o(x$fpl$fmul)
    __aeabi_cfrcmple                         0x00005299   Thumb Code     0  frlef.o(x$fpl$frleqf)
    _frcmple                                 0x00005299   Thumb Code    84  frlef.o(x$fpl$frleqf)
    __aeabi_frsub                            0x000052f1   Thumb Code     0  faddsub.o(x$fpl$frsb)
    _frsb                                    0x000052f1   Thumb Code    24  faddsub.o(x$fpl$frsb)
    __aeabi_fsub                             0x00005309   Thumb Code     0  faddsub.o(x$fpl$fsub)
    _fsub                                    0x00005309   Thumb Code   204  faddsub.o(x$fpl$fsub)
    FTM_ARR                                  0x000053d8   Data          12  pwm.o(.constdata)
    F6x8                                     0x000053e4   Data         552  oled.o(.constdata)
    F8X16                                    0x0000560c   Data        1520  oled.o(.constdata)
    __mathlib_zero                           0x00005d58   Data           8  qnan.o(.constdata)
    Region$$Table$$Base                      0x00005d60   Number         0  anon$$obj.o(Region$$Table)
    Region$$Table$$Limit                     0x00005d80   Number         0  anon$$obj.o(Region$$Table)
    SystemCoreClock                          0x1ffff000   Data           4  system_skeaz1284.o(.data)
    bit                                      0x1ffff004   Data           4  gpio.o(.data)
    FTM_ARR2                                 0x1ffff00c   Data          12  incap.o(.data)
    focusLine                                0x1ffff018   Data           1  display.o(.data)
    currPage                                 0x1ffff019   Data           1  display.o(.data)
    flag                                     0x1ffff01a   Data           1  display.o(.data)
    dispLines                                0x1ffff01b   Data           8  display.o(.data)
    spaces                                   0x1ffff023   Data          18  display.o(.data)
    delay_tmp                                0x1ffff038   Data           4  delay.o(.data)
    MMA_Mode_Val                             0x1ffff03c   Data           1  accelerometer.o(.data)
    MMA_Sensi_Val                            0x1ffff03d   Data           1  accelerometer.o(.data)
    gyroMid                                  0x1ffff03e   Data           2  gyro.o(.data)
    DISTANCE_FLAGS                           0x1ffff048   Data           1  distance.o(.data)
    x_save                                   0x1ffff04c   Data           8  distance.o(.data)
    X                                        0x1ffff054   Data           4  distance.o(.data)
    max                                      0x1ffff058   Data           4  distance.o(.data)
    min                                      0x1ffff05c   Data           4  distance.o(.data)
    Max                                      0x1ffff060   Data           4  distance.o(.data)
    aus_count                                0x1ffff064   Data           4  distance.o(.data)
    K                                        0x1ffff068   Data           4  distance.o(.data)
    peripheralRun                            0x1ffff06c   Data           1  balance.o(.data)
    runningMode                              0x1ffff06d   Data           1  balance.o(.data)
    rawAcce                                  0x1ffff06e   Data           8  balance.o(.data)
    acceValue                                0x1ffff076   Data           6  balance.o(.data)
    angVelocity                              0x1ffff07c   Data           2  balance.o(.data)
    xAxisMean                                0x1ffff07e   Data           2  balance.o(.data)
    zAxisMean                                0x1ffff080   Data           2  balance.o(.data)
    gyroMean                                 0x1ffff082   Data           2  balance.o(.data)
    Fil                                      0x1ffff084   Data          40  balance.o(.data)
    acceAngle                                0x1ffff0ac   Data           2  balance.o(.data)
    gyroAngle                                0x1ffff0ae   Data           2  balance.o(.data)
    KalmanAngle                              0x1ffff0b0   Data           4  balance.o(.data)
    TargetAngle                              0x1ffff0b4   Data           4  balance.o(.data)
    sSpeed                                   0x1ffff0b8   Data           4  balance.o(.data)
    currentDuty                              0x1ffff0bc   Data           8  balance.o(.data)
    speedTarget                              0x1ffff0c4   Data           4  balance.o(.data)
    speedDuty                                0x1ffff0c8   Data           4  balance.o(.data)
    speedDutyPrev                            0x1ffff0cc   Data           4  balance.o(.data)
    balanceDuty                              0x1ffff0d0   Data           4  balance.o(.data)
    dirDutyDif                               0x1ffff0d4   Data           4  balance.o(.data)
    targetX                                  0x1ffff0d8   Data           2  balance.o(.data)
    currentX                                 0x1ffff0da   Data           2  balance.o(.data)
    setGoalRPM                               0x1ffff0dc   Data           8  balance.o(.data)
    meanSpeed                                0x1ffff0e4   Data           4  balance.o(.data)
    globalCount                              0x1ffff0e8   Data           2  balance.o(.data)
    GyroMid                                  0x1ffff0ec   Data           4  balance.o(.data)
    delta                                    0x1ffff0f0   Data           2  balance.o(.data)
    GM                                       0x1ffff0f2   Data           2  balance.o(.data)
    KA                                       0x1ffff0f4   Data           2  balance.o(.data)
    PID_pos_p                                0x1ffff0f6   Data           2  balance.o(.data)
    PID_pos_i                                0x1ffff0f8   Data           2  balance.o(.data)
    PID_pos_d                                0x1ffff0fa   Data           2  balance.o(.data)
    PID_spd_p                                0x1ffff0fc   Data           2  balance.o(.data)
    PID_spd_i                                0x1ffff0fe   Data           2  balance.o(.data)
    PID_spd_d                                0x1ffff100   Data           2  balance.o(.data)
    speedIndex                               0x1ffff102   Data           2  balance.o(.data)
    deltaExp                                 0x1ffff104   Data           2  balance.o(.data)
    maxLIM                                   0x1ffff106   Data           2  balance.o(.data)
    spdLimit                                 0x1ffff108   Data           2  balance.o(.data)
    ADCVal_01                                0x1ffff10a   Data           2  balance.o(.data)
    ADCVal_03                                0x1ffff10c   Data           2  balance.o(.data)
    frequency                                0x1ffff110   Data           4  balance_isr.o(.data)
    countLoop                                0x1ffff114   Data           4  balance_isr.o(.data)
    speedRPM                                 0x1ffff118   Data           8  balance_isr.o(.data)
    avg                                      0x1ffff120   Data           4  balance_isr.o(.data)
    gyroValue                                0x1ffff13c   Data          10  balance.o(.bss)
    xAxis                                    0x1ffff146   Data          10  balance.o(.bss)
    zAxis                                    0x1ffff150   Data          10  balance.o(.bss)
    Data_Res                                 0x1ffff15a   Data         200  balance.o(.bss)
    Data_New                                 0x1ffff222   Data          20  balance.o(.bss)
    items                                    0x1ffff238   Data         480  balance.o(.bss)
    PID_Speed                                0x1ffff418   Data          72  balance.o(.bss)
    PID_Posi                                 0x1ffff460   Data          72  balance.o(.bss)
    PID_Dir                                  0x1ffff4a8   Data          36  balance.o(.bss)
    __libspace_start                         0x1ffff4f4   Data          96  libspace.o(.bss)
    __temporary_stack_top$libspace           0x1ffff554   Data           0  libspace.o(.bss)



==============================================================================

Memory Map of the image

  Image Entry point : 0x000000c1

  Load Region LR_IROM1 (Base: 0x00000000, Size: 0x00005ebc, Max: 0x00020000, ABSOLUTE, COMPRESSED[0x00005dd8])

    Execution Region ER_IROM1 (Exec base: 0x00000000, Load base: 0x00000000, Size: 0x00005d80, Max: 0x00020000, ABSOLUTE)

    Exec Addr    Load Addr    Size         Type   Attr      Idx    E Section Name        Object

    0x00000000   0x00000000   0x000000c0   Data   RO            3    RESET               startup_skeaz1284.o
    0x000000c0   0x000000c0   0x00000008   Code   RO         1109  * !!!main             c_p.l(__main.o)
    0x000000c8   0x000000c8   0x0000003c   Code   RO         1379    !!!scatter          c_p.l(__scatter.o)
    0x00000104   0x00000104   0x0000001c   Code   RO         1381    !!handler_zi        c_p.l(__scatter_zi.o)
    0x00000120   0x00000120   0x00000002   Code   RO         1247    .ARM.Collect$$libinit$$00000000  c_p.l(libinit.o)
    0x00000122   0x00000122   0x00000000   Code   RO         1260    .ARM.Collect$$libinit$$00000002  c_p.l(libinit2.o)
    0x00000122   0x00000122   0x00000000   Code   RO         1262    .ARM.Collect$$libinit$$00000004  c_p.l(libinit2.o)
    0x00000122   0x00000122   0x00000000   Code   RO         1265    .ARM.Collect$$libinit$$0000000A  c_p.l(libinit2.o)
    0x00000122   0x00000122   0x00000000   Code   RO         1267    .ARM.Collect$$libinit$$0000000C  c_p.l(libinit2.o)
    0x00000122   0x00000122   0x00000000   Code   RO         1269    .ARM.Collect$$libinit$$0000000E  c_p.l(libinit2.o)
    0x00000122   0x00000122   0x00000000   Code   RO         1272    .ARM.Collect$$libinit$$00000011  c_p.l(libinit2.o)
    0x00000122   0x00000122   0x00000000   Code   RO         1274    .ARM.Collect$$libinit$$00000013  c_p.l(libinit2.o)
    0x00000122   0x00000122   0x00000000   Code   RO         1276    .ARM.Collect$$libinit$$00000015  c_p.l(libinit2.o)
    0x00000122   0x00000122   0x00000000   Code   RO         1278    .ARM.Collect$$libinit$$00000017  c_p.l(libinit2.o)
    0x00000122   0x00000122   0x00000000   Code   RO         1280    .ARM.Collect$$libinit$$00000019  c_p.l(libinit2.o)
    0x00000122   0x00000122   0x00000000   Code   RO         1282    .ARM.Collect$$libinit$$0000001B  c_p.l(libinit2.o)
    0x00000122   0x00000122   0x00000000   Code   RO         1284    .ARM.Collect$$libinit$$0000001D  c_p.l(libinit2.o)
    0x00000122   0x00000122   0x00000000   Code   RO         1286    .ARM.Collect$$libinit$$0000001F  c_p.l(libinit2.o)
    0x00000122   0x00000122   0x00000000   Code   RO         1288    .ARM.Collect$$libinit$$00000021  c_p.l(libinit2.o)
    0x00000122   0x00000122   0x00000000   Code   RO         1290    .ARM.Collect$$libinit$$00000023  c_p.l(libinit2.o)
    0x00000122   0x00000122   0x00000000   Code   RO         1292    .ARM.Collect$$libinit$$00000025  c_p.l(libinit2.o)
    0x00000122   0x00000122   0x00000000   Code   RO         1296    .ARM.Collect$$libinit$$0000002C  c_p.l(libinit2.o)
    0x00000122   0x00000122   0x00000000   Code   RO         1298    .ARM.Collect$$libinit$$0000002E  c_p.l(libinit2.o)
    0x00000122   0x00000122   0x00000000   Code   RO         1300    .ARM.Collect$$libinit$$00000030  c_p.l(libinit2.o)
    0x00000122   0x00000122   0x00000000   Code   RO         1302    .ARM.Collect$$libinit$$00000032  c_p.l(libinit2.o)
    0x00000122   0x00000122   0x00000002   Code   RO         1303    .ARM.Collect$$libinit$$00000033  c_p.l(libinit2.o)
    0x00000124   0x00000124   0x00000002   Code   RO         1334    .ARM.Collect$$libshutdown$$00000000  c_p.l(libshutdown.o)
    0x00000126   0x00000126   0x00000000   Code   RO         1360    .ARM.Collect$$libshutdown$$00000002  c_p.l(libshutdown2.o)
    0x00000126   0x00000126   0x00000000   Code   RO         1362    .ARM.Collect$$libshutdown$$00000004  c_p.l(libshutdown2.o)
    0x00000126   0x00000126   0x00000000   Code   RO         1365    .ARM.Collect$$libshutdown$$00000007  c_p.l(libshutdown2.o)
    0x00000126   0x00000126   0x00000000   Code   RO         1368    .ARM.Collect$$libshutdown$$0000000A  c_p.l(libshutdown2.o)
    0x00000126   0x00000126   0x00000000   Code   RO         1370    .ARM.Collect$$libshutdown$$0000000C  c_p.l(libshutdown2.o)
    0x00000126   0x00000126   0x00000000   Code   RO         1373    .ARM.Collect$$libshutdown$$0000000F  c_p.l(libshutdown2.o)
    0x00000126   0x00000126   0x00000002   Code   RO         1374    .ARM.Collect$$libshutdown$$00000010  c_p.l(libshutdown2.o)
    0x00000128   0x00000128   0x00000000   Code   RO         1159    .ARM.Collect$$rtentry$$00000000  c_p.l(__rtentry.o)
    0x00000128   0x00000128   0x00000000   Code   RO         1197    .ARM.Collect$$rtentry$$00000002  c_p.l(__rtentry2.o)
    0x00000128   0x00000128   0x00000006   Code   RO         1209    .ARM.Collect$$rtentry$$00000004  c_p.l(__rtentry4.o)
    0x0000012e   0x0000012e   0x00000000   Code   RO         1199    .ARM.Collect$$rtentry$$00000009  c_p.l(__rtentry2.o)
    0x0000012e   0x0000012e   0x00000004   Code   RO         1200    .ARM.Collect$$rtentry$$0000000A  c_p.l(__rtentry2.o)
    0x00000132   0x00000132   0x00000000   Code   RO         1202    .ARM.Collect$$rtentry$$0000000C  c_p.l(__rtentry2.o)
    0x00000132   0x00000132   0x00000008   Code   RO         1203    .ARM.Collect$$rtentry$$0000000D  c_p.l(__rtentry2.o)
    0x0000013a   0x0000013a   0x00000002   Code   RO         1251    .ARM.Collect$$rtexit$$00000000  c_p.l(rtexit.o)
    0x0000013c   0x0000013c   0x00000000   Code   RO         1307    .ARM.Collect$$rtexit$$00000002  c_p.l(rtexit2.o)
    0x0000013c   0x0000013c   0x00000004   Code   RO         1308    .ARM.Collect$$rtexit$$00000003  c_p.l(rtexit2.o)
    0x00000140   0x00000140   0x00000006   Code   RO         1309    .ARM.Collect$$rtexit$$00000004  c_p.l(rtexit2.o)
    0x00000146   0x00000146   0x00000002   PAD
    0x00000148   0x00000148   0x00000040   Code   RO            5    .text               startup_skeaz1284.o
    0x00000188   0x00000188   0x0000004c   Code   RO         1101    .text               c_p.l(strcpy.o)
    0x000001d4   0x000001d4   0x0000015a   Code   RO         1103    .text               c_p.l(aeabi_sdiv.o)
    0x0000032e   0x0000032e   0x00000006   Code   RO         1107    .text               c_p.l(heapauxi.o)
    0x00000334   0x00000334   0x0000007c   Code   RO         1111    .text               fz_ps.l(d2f.o)
    0x000003b0   0x000003b0   0x0000004c   Code   RO         1139    .text               fz_ps.l(ffixi.o)
    0x000003fc   0x000003fc   0x00000002   Code   RO         1323    .text               c_p.l(use_no_semi.o)
    0x000003fe   0x000003fe   0x00000000   Code   RO         1325    .text               c_p.l(indicate_semi.o)
    0x000003fe   0x000003fe   0x00000000   Code   RO         1170    x$fpl$usenofp       fz_ps.l(usenofp.o)
    0x000003fe   0x000003fe   0x00000002   PAD
    0x00000400   0x00000400   0x00000010   Code   RO            4    .ARM.__at_0x400     startup_skeaz1284.o
    0x00000410   0x00000410   0x00000358   Code   RO         1113    .text               fz_ps.l(daddsub.o)
    0x00000768   0x00000768   0x00000448   Code   RO         1115    .text               fz_ps.l(ddiv.o)
    0x00000bb0   0x00000bb0   0x0000006c   Code   RO         1118    .text               fz_ps.l(dfixi.o)
    0x00000c1c   0x00000c1c   0x00000058   Code   RO         1120    .text               fz_ps.l(dflti.o)
    0x00000c74   0x00000c74   0x00000248   Code   RO         1124    .text               fz_ps.l(dmul.o)
    0x00000ebc   0x00000ebc   0x00000054   Code   RO         1128    .text               fz_ps.l(f2d.o)
    0x00000f10   0x00000f10   0x00000160   Code   RO         1136    .text               fz_ps.l(fdiv.o)
    0x00001070   0x00001070   0x00000030   Code   RO         1141    .text               fz_ps.l(ffixui.o)
    0x000010a0   0x000010a0   0x0000005e   Code   RO         1143    .text               fz_ps.l(fflti.o)
    0x000010fe   0x000010fe   0x00000002   PAD
    0x00001100   0x00001100   0x00000090   Code   RO         1166    .text               fz_ps.l(dcmpin.o)
    0x00001190   0x00001190   0x00000064   Code   RO         1168    .text               fz_ps.l(fcmpin.o)
    0x000011f4   0x000011f4   0x0000002e   Code   RO         1218    .text               fz_ps.l(cmpret.o)
    0x00001222   0x00001222   0x00000002   PAD
    0x00001224   0x00001224   0x00000014   Code   RO         1220    .text               fz_ps.l(dnan2.o)
    0x00001238   0x00001238   0x00000060   Code   RO         1222    .text               fz_ps.l(dscalbn.o)
    0x00001298   0x00001298   0x00000010   Code   RO         1224    .text               fz_ps.l(fnan2.o)
    0x000012a8   0x000012a8   0x00000008   Code   RO         1230    .text               c_p.l(libspace.o)
    0x000012b0   0x000012b0   0x0000003e   Code   RO         1233    .text               c_p.l(sys_stackheap_outer.o)
    0x000012ee   0x000012ee   0x00000010   Code   RO         1236    .text               c_p.l(exit.o)
    0x000012fe   0x000012fe   0x0000005e   Code   RO         1248    .text               fz_ps.l(retnan.o)
    0x0000135c   0x0000135c   0x0000000c   Code   RO         1304    .text               c_p.l(sys_exit.o)
    0x00001368   0x00001368   0x00000056   Code   RO         1377    .text               c_p.l(__dczerorl2.o)
    0x000013be   0x000013be   0x00000002   PAD
    0x000013c0   0x000013c0   0x0000007c   Code   RO          321    i.ADCRead           adc.o
    0x0000143c   0x0000143c   0x00000028   Code   RO          322    i.ADCReadn          adc.o
    0x00001464   0x00001464   0x000000b8   Code   RO          953    i.ADC_Read          distance.o
    0x0000151c   0x0000151c   0x00000064   Code   RO          954    i.ADC_Smoothing     distance.o
    0x00001580   0x00001580   0x00000034   Code   RO          842    i.EncoderClrFlag    encoder.o
    0x000015b4   0x000015b4   0x0000002c   Code   RO          843    i.EncoderRead       encoder.o
    0x000015e0   0x000015e0   0x000000e0   Code   RO         1055    i.FTM0_IRQHandler   balance_isr.o
    0x000016c0   0x000016c0   0x000000e0   Code   RO         1056    i.FTM1_IRQHandler   balance_isr.o
    0x000017a0   0x000017a0   0x0000001c   Code   RO          388    i.FTMEnInterrupt    incap.o
    0x000017bc   0x000017bc   0x00000200   Code   RO          355    i.FTM_PWM_init      pwm.o
    0x000019bc   0x000019bc   0x0000005c   Code   RO          356    i.FTM_PWM_set_duty  pwm.o
    0x00001a18   0x00001a18   0x00000050   Code   RO          728    i.GYROInit          gyro.o
    0x00001a68   0x00001a68   0x0000007c   Code   RO          729    i.GYRORead          gyro.o
    0x00001ae4   0x00001ae4   0x00000028   Code   RO          730    i.GYROReadn         gyro.o
    0x00001b0c   0x00001b0c   0x0000011c   Code   RO          390    i.INCaptureInit     incap.o
    0x00001c28   0x00001c28   0x000000b0   Code   RO          811    i.KALMANFilter      balancecontrol.o
    0x00001cd8   0x00001cd8   0x000005bc   Code   RO         1057    i.KBI0_IRQHandler   balance_isr.o
    0x00002294   0x00002294   0x0000004c   Code   RO          137    i.KBIClear          kbi.o
    0x000022e0   0x000022e0   0x000001dc   Code   RO          138    i.KBIInit           kbi.o
    0x000024bc   0x000024bc   0x00000014   Code   RO          254    i.NVIC_DisableIRQ   pit.o
    0x000024d0   0x000024d0   0x00000014   Code   RO          139    i.NVIC_EnableIRQ    kbi.o
    0x000024e4   0x000024e4   0x00000014   Code   RO          255    i.NVIC_EnableIRQ    pit.o
    0x000024f8   0x000024f8   0x00000078   Code   RO          623    i.NVIC_SetPriority  delay.o
    0x00002570   0x00002570   0x000001a4   Code   RO          573    i.OLEDDisplay       display.o
    0x00002714   0x00002714   0x00000040   Code   RO          475    i.OLED_Clear        oled.o
    0x00002754   0x00002754   0x00000160   Code   RO          479    i.OLED_Init         oled.o
    0x000028b4   0x000028b4   0x00000034   Code   RO          480    i.OLED_Set_Pos      oled.o
    0x000028e8   0x000028e8   0x0000004c   Code   RO          481    i.OLED_ShowChar     oled.o
    0x00002934   0x00002934   0x00000088   Code   RO          482    i.OLED_ShowNum      oled.o
    0x000029bc   0x000029bc   0x00000032   Code   RO          483    i.OLED_ShowString   oled.o
    0x000029ee   0x000029ee   0x00000002   PAD
    0x000029f0   0x000029f0   0x00000080   Code   RO          484    i.OLED_WR_Byte      oled.o
    0x00002a70   0x00002a70   0x0000001a   Code   RO          778    i.PIDInit           pid.o
    0x00002a8a   0x00002a8a   0x00000082   Code   RO          779    i.PIDcalc           pid.o
    0x00002b0c   0x00002b0c   0x00000108   Code   RO         1058    i.PIT_CH0_IRQHandler  balance_isr.o
    0x00002c14   0x00002c14   0x00000060   Code   RO           16    i.SystemInit        system_skeaz1284.o
    0x00002c74   0x00002c74   0x0000002c   Code   RO         1226    i.__ARM_fpclassify  m_ps.l(fpclassify.o)
    0x00002ca0   0x00002ca0   0x000000ac   Code   RO         1228    i.__kernel_poly     m_ps.l(poly.o)
    0x00002d4c   0x00002d4c   0x0000000a   Code   RO         1182    i.__mathlib_dbl_infnan  m_ps.l(dunder.o)
    0x00002d56   0x00002d56   0x00000008   Code   RO         1183    i.__mathlib_dbl_infnan2  m_ps.l(dunder.o)
    0x00002d5e   0x00002d5e   0x00000002   PAD
    0x00002d60   0x00002d60   0x00000014   Code   RO         1187    i.__mathlib_dbl_underflow  m_ps.l(dunder.o)
    0x00002d74   0x00002d74   0x00000098   Code   RO          666    i.acceInit          accelerometer.o
    0x00002e0c   0x00002e0c   0x00000076   Code   RO          668    i.acceReadL         accelerometer.o
    0x00002e82   0x00002e82   0x0000006c   Code   RO          669    i.acceSolveData     accelerometer.o
    0x00002eee   0x00002eee   0x0000004c   Code   RO          670    i.acceWriteByte     accelerometer.o
    0x00002f3a   0x00002f3a   0x0000005a   Code   RO          672    i.acce_readbyte     accelerometer.o
    0x00002f94   0x00002f94   0x0000021c   Code   RO         1172    i.atan              m_ps.l(atan.o)
    0x000031b0   0x000031b0   0x00000178   Code   RO         1152    i.atan2             m_ps.l(atan2.o)
    0x00003328   0x00003328   0x00000014   Code   RO          574    i.dataDecrement     display.o
    0x0000333c   0x0000333c   0x00000014   Code   RO          575    i.dataIncrement     display.o
    0x00003350   0x00003350   0x00000040   Code   RO          624    i.delay_Init        delay.o
    0x00003390   0x00003390   0x00000090   Code   RO          625    i.delay_ms          delay.o
    0x00003420   0x00003420   0x000000a4   Code   RO          626    i.delay_us          delay.o
    0x000034c4   0x000034c4   0x000000c6   Code   RO          486    i.dis_num           oled.o
    0x0000358a   0x0000358a   0x00000002   PAD
    0x0000358c   0x0000358c   0x0000001c   Code   RO          732    i.getGyroMid        gyro.o
    0x000035a8   0x000035a8   0x00000288   Code   RO          955    i.getX              distance.o
    0x00003830   0x00003830   0x00000614   Code   RO          989    i.globalDisplayInit  balance.o
    0x00003e44   0x00003e44   0x00000040   Code   RO          990    i.globalKBIInit     balance.o
    0x00003e84   0x00003e84   0x0000028c   Code   RO          991    i.globalKalmanLoop  balance.o
    0x00004110   0x00004110   0x00000014   Code   RO          992    i.globalResetMid    balance.o
    0x00004124   0x00004124   0x00000080   Code   RO           63    i.gpio_get          gpio.o
    0x000041a4   0x000041a4   0x000000bc   Code   RO           64    i.gpio_init         gpio.o
    0x00004260   0x00004260   0x00000008   Code   RO           65    i.gpio_port_pin_num  gpio.o
    0x00004268   0x00004268   0x000000e4   Code   RO           66    i.gpio_pull         gpio.o
    0x0000434c   0x0000434c   0x00000098   Code   RO           68    i.gpio_set          gpio.o
    0x000043e4   0x000043e4   0x00000090   Code   RO           69    i.gpio_setIn        gpio.o
    0x00004474   0x00004474   0x00000090   Code   RO           70    i.gpio_setOut       gpio.o
    0x00004504   0x00004504   0x0000004a   Code   RO          180    i.i2c_Ack           i2c.o
    0x0000454e   0x0000454e   0x00000036   Code   RO          181    i.i2c_InitConfig    i2c.o
    0x00004584   0x00004584   0x0000004a   Code   RO          182    i.i2c_NAck          i2c.o
    0x000045ce   0x000045ce   0x00000066   Code   RO          183    i.i2c_Read_Byte     i2c.o
    0x00004634   0x00004634   0x00000066   Code   RO          184    i.i2c_Send_Byte     i2c.o
    0x0000469a   0x0000469a   0x00000040   Code   RO          185    i.i2c_Start         i2c.o
    0x000046da   0x000046da   0x00000040   Code   RO          186    i.i2c_Stop          i2c.o
    0x0000471a   0x0000471a   0x00000058   Code   RO          187    i.i2c_Wait_Ack      i2c.o
    0x00004772   0x00004772   0x00000002   PAD
    0x00004774   0x00004774   0x0000006c   Code   RO          844    i.initEncoder       encoder.o
    0x000047e0   0x000047e0   0x0000004a   Code   RO          884    i.initMotor         motor.o
    0x0000482a   0x0000482a   0x00000002   PAD
    0x0000482c   0x0000482c   0x00000030   Code   RO          845    i.isEncoderFlagSet  encoder.o
    0x0000485c   0x0000485c   0x00000030   Code   RO          140    i.isKBIFlagSet      kbi.o
    0x0000488c   0x0000488c   0x0000002c   Code   RO          576    i.lineSwitch        display.o
    0x000048b8   0x000048b8   0x00000540   Code   RO          993    i.main              balance.o
    0x00004df8   0x00004df8   0x0000001a   Code   RO          487    i.oled_pow          oled.o
    0x00004e12   0x00004e12   0x00000002   PAD
    0x00004e14   0x00004e14   0x00000024   Code   RO          577    i.pageSwitch        display.o
    0x00004e38   0x00004e38   0x000000a0   Code   RO          257    i.pitInit_us        pit.o
    0x00004ed8   0x00004ed8   0x0000001c   Code   RO          258    i.pit_IRQClearFlag  pit.o
    0x00004ef4   0x00004ef4   0x00000044   Code   RO          260    i.pit_IRQSwitch     pit.o
    0x00004f38   0x00004f38   0x00000038   Code   RO          261    i.pit_Switch        pit.o
    0x00004f70   0x00004f70   0x00000052   Code   RO          885    i.setForwDuty       motor.o
    0x00004fc2   0x00004fc2   0x00000052   Code   RO          886    i.setReveDuty       motor.o
    0x00005014   0x00005014   0x00000028   Code   RO          887    i.speedLeagalize    motor.o
    0x0000503c   0x0000503c   0x00000064   Code   RO         1122    x$fpl$dleqf         fz_ps.l(dlef.o)
    0x000050a0   0x000050a0   0x00000068   Code   RO         1126    x$fpl$drleqf        fz_ps.l(drlef.o)
    0x00005108   0x00005108   0x0000008c   Code   RO         1130    x$fpl$fadd          fz_ps.l(faddsub.o)
    0x00005194   0x00005194   0x00000054   Code   RO         1145    x$fpl$fleqf         fz_ps.l(flef.o)
    0x000051e8   0x000051e8   0x000000b0   Code   RO         1147    x$fpl$fmul          fz_ps.l(fmul.o)
    0x00005298   0x00005298   0x00000058   Code   RO         1149    x$fpl$frleqf        fz_ps.l(frlef.o)
    0x000052f0   0x000052f0   0x00000018   Code   RO         1131    x$fpl$frsb          fz_ps.l(faddsub.o)
    0x00005308   0x00005308   0x000000d0   Code   RO         1132    x$fpl$fsub          fz_ps.l(faddsub.o)
    0x000053d8   0x000053d8   0x0000000c   Data   RO          357    .constdata          pwm.o
    0x000053e4   0x000053e4   0x00000818   Data   RO          488    .constdata          oled.o
    0x00005bfc   0x00005bfc   0x00000080   Data   RO         1116    .constdata          fz_ps.l(ddiv.o)
    0x00005c7c   0x00005c7c   0x00000040   Data   RO         1137    .constdata          fz_ps.l(fdiv.o)
    0x00005cbc   0x00005cbc   0x00000004   PAD
    0x00005cc0   0x00005cc0   0x00000098   Data   RO         1173    .constdata          m_ps.l(atan.o)
    0x00005d58   0x00005d58   0x00000008   Data   RO         1195    .constdata          m_ps.l(qnan.o)
    0x00005d60   0x00005d60   0x00000020   Data   RO         1375    Region$$Table       anon$$obj.o


    Execution Region RW_IRAM1 (Exec base: 0x1ffff000, Load base: 0x00005d80, Size: 0x00000758, Max: 0x00004000, ABSOLUTE, COMPRESSED[0x00000058])

    Exec Addr    Load Addr    Size         Type   Attr      Idx    E Section Name        Object

    0x1ffff000   COMPRESSED   0x00000004   Data   RW           17    .data               system_skeaz1284.o
    0x1ffff004   COMPRESSED   0x00000004   Data   RW           71    .data               gpio.o
    0x1ffff008   COMPRESSED   0x00000002   Data   RW          358    .data               pwm.o
    0x1ffff00a   COMPRESSED   0x00000002   PAD
    0x1ffff00c   COMPRESSED   0x0000000c   Data   RW          391    .data               incap.o
    0x1ffff018   COMPRESSED   0x0000001f   Data   RW          578    .data               display.o
    0x1ffff037   COMPRESSED   0x00000001   PAD
    0x1ffff038   COMPRESSED   0x00000004   Data   RW          627    .data               delay.o
    0x1ffff03c   COMPRESSED   0x00000002   Data   RW          673    .data               accelerometer.o
    0x1ffff03e   COMPRESSED   0x00000002   Data   RW          733    .data               gyro.o
    0x1ffff040   COMPRESSED   0x00000006   Data   RW          812    .data               balancecontrol.o
    0x1ffff046   COMPRESSED   0x00000002   PAD
    0x1ffff048   COMPRESSED   0x00000024   Data   RW          956    .data               distance.o
    0x1ffff06c   COMPRESSED   0x000000a4   Data   RW          995    .data               balance.o
    0x1ffff110   COMPRESSED   0x0000002c   Data   RW         1060    .data               balance_isr.o
    0x1ffff13c        -       0x00000390   Zero   RW          994    .bss                balance.o
    0x1ffff4cc        -       0x00000028   Zero   RW         1059    .bss                balance_isr.o
    0x1ffff4f4        -       0x00000060   Zero   RW         1231    .bss                c_p.l(libspace.o)
    0x1ffff554   COMPRESSED   0x00000004   PAD
    0x1ffff558        -       0x00000000   Zero   RW            2    HEAP                startup_skeaz1284.o
    0x1ffff558        -       0x00000200   Zero   RW            1    STACK               startup_skeaz1284.o


==============================================================================

Image component sizes


      Code (inc. data)   RO Data    RW Data    ZI Data      Debug   Object Name

       544         10          0          2          0      10504   accelerometer.o
       164          6          0          0          0       1229   adc.o
      3636        574          0        164        912       5723   balance.o
      2180        176          0         44         40       3566   balance_isr.o
       176         22          0          6          0        743   balancecontrol.o
       492         40          0          4          0       7915   delay.o
       540         58          0         31          0       3683   display.o
       932         46          0         36          0       2820   distance.o
       252         34          0          0          0       2012   encoder.o
       992         58          0          4          0       5787   gpio.o
       272         22          0          2          0       2321   gyro.o
       622          0          0          0          0       4240   i2c.o
       312         18          0         12          0       1592   incap.o
       620         36          0          0          0       8028   kbi.o
       278          4          0          0          0       2193   motor.o
      1082         16       2072          0          0       6262   oled.o
       156          0          0          0          0       1692   pid.o
       352         40          0          0          0       8965   pit.o
       604         46         12          2          0       2000   pwm.o
        80         44        192          0        512        900   startup_skeaz1284.o
        96         16          0          4          0     110627   system_skeaz1284.o

    ----------------------------------------------------------------------
     14392       1266       2308        316       1464     192802   Object Totals
         0          0         32          0          0          0   (incl. Generated)
        10          0          0          5          0          0   (incl. Padding)

    ----------------------------------------------------------------------

      Code (inc. data)   RO Data    RW Data    ZI Data      Debug   Library Member Name

        86          0          0          0          0          0   __dczerorl2.o
         8          0          0          0          0         68   __main.o
         0          0          0          0          0          0   __rtentry.o
        12          0          0          0          0          0   __rtentry2.o
         6          0          0          0          0          0   __rtentry4.o
        60          8          0          0          0          0   __scatter.o
        28          0          0          0          0          0   __scatter_zi.o
       346          0          0          0          0         92   aeabi_sdiv.o
        16          0          0          0          0         68   exit.o
         6          0          0          0          0        136   heapauxi.o
         0          0          0          0          0          0   indicate_semi.o
         2          0          0          0          0          0   libinit.o
         2          0          0          0          0          0   libinit2.o
         2          0          0          0          0          0   libshutdown.o
         2          0          0          0          0          0   libshutdown2.o
         8          4          0          0         96         68   libspace.o
         2          0          0          0          0          0   rtexit.o
        10          0          0          0          0          0   rtexit2.o
        76          6          0          0          0         72   strcpy.o
        12          4          0          0          0         60   sys_exit.o
        62          0          0          0          0         80   sys_stackheap_outer.o
         2          0          0          0          0         68   use_no_semi.o
        46          0          0          0          0         60   cmpret.o
       124          4          0          0          0         72   d2f.o
       856         20          0          0          0        208   daddsub.o
       144          4          0          0          0         76   dcmpin.o
      1096         26        128          0          0        112   ddiv.o
       108         10          0          0          0         72   dfixi.o
        88          0          0          0          0         92   dflti.o
       100          4          0          0          0         92   dlef.o
       584         26          0          0          0         84   dmul.o
        20          6          0          0          0         68   dnan2.o
       104          4          0          0          0        104   drlef.o
        96         12          0          0          0         72   dscalbn.o
        84          4          0          0          0         60   f2d.o
       372          8          0          0          0        240   faddsub.o
       100          4          0          0          0         68   fcmpin.o
       352         10         64          0          0         92   fdiv.o
        76          0          0          0          0         68   ffixi.o
        48          0          0          0          0         60   ffixui.o
        94          0          0          0          0         92   fflti.o
        84          4          0          0          0         76   flef.o
       176          4          0          0          0         80   fmul.o
        16          6          0          0          0         68   fnan2.o
        88          4          0          0          0         76   frlef.o
        94          0          0          0          0         68   retnan.o
         0          0          0          0          0          0   usenofp.o
       540         68        152          0          0        112   atan.o
       376         42          0          0          0        144   atan2.o
        38          6          0          0          0        204   dunder.o
        44          4          0          0          0         60   fpclassify.o
       172          0          0          0          0         76   poly.o
         0          0          8          0          0          0   qnan.o

    ----------------------------------------------------------------------
      6880        302        356          0        100       3468   Library Totals
        12          0          4          0          4          0   (incl. Padding)

    ----------------------------------------------------------------------

      Code (inc. data)   RO Data    RW Data    ZI Data      Debug   Library Name

       748         22          0          0         96        712   c_p.l
      4950        160        192          0          0       2160   fz_ps.l
      1170        120        160          0          0        596   m_ps.l

    ----------------------------------------------------------------------
      6880        302        356          0        100       3468   Library Totals

    ----------------------------------------------------------------------

==============================================================================


      Code (inc. data)   RO Data    RW Data    ZI Data      Debug   

     21272       1568       2664        316       1564     191050   Grand Totals
     21272       1568       2664         88       1564     191050   ELF Image Totals (compressed)
     21272       1568       2664         88          0          0   ROM Totals

==============================================================================

    Total RO  Size (Code + RO Data)                23936 (  23.38kB)
    Total RW  Size (RW Data + ZI Data)              1880 (   1.84kB)
    Total ROM Size (Code + RO Data + RW Data)      24024 (  23.46kB)

==============================================================================

