<html>
<body>
<pre>
<h1>µVision Build Log</h1>
<h2>Tool Versions:</h2>
IDE-Version: ¦ÌVision V5.20.0.39
Copyright (C) 2016 ARM Ltd and ARM Germany GmbH. All rights reserved.
License Information: Tao Yang, TJ, LIC=GE7EV-PAMAA-17CRR-KKR48-QU6X9-GQ4G4
 
Tool Versions:
Toolchain:       MDK-ARM Professional  Version: 5.24.1
Toolchain Path:  D:\Program Files\Keil_v5\ARM\ARMCC\Bin
C Compiler:      Armcc.exe V5.06 update 5 (build 528)
Assembler:       Armasm.exe V5.06 update 5 (build 528)
Linker/Locator:  ArmLink.exe V5.06 update 5 (build 528)
Library Manager: ArmAr.exe V5.06 update 5 (build 528)
Hex Converter:   FromElf.exe V5.06 update 5 (build 528)
CPU DLL:         SARMCM3.DLL V5.24.1
Dialog DLL:      DARMCM1.DLL V1.18.0.0
Target DLL:      Segger\JL2CM3.dll V2.99.26.0
Dialog DLL:      TARMCM1.DLL V1.13.0.0
 
<h2>Project:</h2>
E:\Work\TU-Smart\KEA\PRJ\5cm_s\EncoderTest\project\Encoder.uvprojx
Project File Date:  04/14/2018

<h2>Output:</h2>
*** Using Compiler 'V5.06 update 5 (build 528)', folder: 'D:\Program Files\Keil_v5\ARM\ARMCC\Bin'
Rebuild target 'Target 1'
assembling startup_SKEAZ1284.s...
compiling system_SKEAZ1284.c...
compiling motor.c...
compiling encoder.c...
..\LIB\encoder.c(74): warning:  #550-D: variable "direction"  was set but never used
  	uint_8 direction;
..\LIB\encoder.c: 1 warning, 0 errors
compiling incap.c...
..\DRIVER\incap.c(105): warning:  #188-D: enumerated type mixed with another type
      NVIC_EnableIRQ(
TM0_irq_no + FTMChannel);
..\DRIVER\incap.c(117): warning:  #188-D: enumerated type mixed with another type
      NVIC_DisableIRQ(
TM0_irq_no + FTMChannel);
..\DRIVER\incap.c: 2 warnings, 0 errors
compiling OLED.c...
compiling pwm.c...
compiling gpio.c...
compiling i2c.c...
compiling delay.c...
compiling pit.c...
compiling isr.c...
..\USER\isr.c(9): warning:  #177-D: variable "direction"  was declared but never referenced
  	  static uint_8 index = 0,direction = 0;
..\USER\isr.c(32): warning:  #550-D: variable "direction"  was set but never used
  	  static uint_8 index = 0,direction = 0;
..\USER\isr.c: 2 warnings, 0 errors
compiling main.c...
linking...
Program Size: Code=6084 RO-data=2372 RW-data=40 ZI-data=648  
".\Objects\Encoder.axf" - 0 Error(s), 5 Warning(s).

<h2>Collection of Component include folders:</h2>
  E:\Work\TU-Smart\KEA\PRJ\5cm_s\EncoderTest\project\RTE
  D:\Program Files\Keil_v5\ARM\PACK\Keil\Kinetis_KEAxx_DFP\1.3.0\Device\Include

<h2>Collection of Component Files used:</h2>
Build Time Elapsed:  00:00:06
</pre>
</body>
</html>
