<html>
<body>
<pre>
<h1>µVision Build Log</h1>
<h2>Tool Versions:</h2>
IDE-Version: ¦ÌVision V5.24.2.0
Copyright (C) 2017 ARM Ltd and ARM Germany GmbH. All rights reserved.
License Information: Shine wAng, Tongji, LIC=0VRAR-K6E3M-BVX1G-V8UWH-V6YJT-XRQ3C
 
Tool Versions:
Toolchain:       MDK-ARM Professional  Version: 5.24.1
Toolchain Path:  F:\ARM\ARMCC\Bin
C Compiler:      Armcc.exe V5.06 update 5 (build 528)
Assembler:       Armasm.exe V5.06 update 5 (build 528)
Linker/Locator:  ArmLink.exe V5.06 update 5 (build 528)
Library Manager: ArmAr.exe V5.06 update 5 (build 528)
Hex Converter:   FromElf.exe V5.06 update 5 (build 528)
CPU DLL:         SARMCM3.DLL V5.24.1
Dialog DLL:      DARMCM1.DLL V1.18.0.0
Target DLL:      Segger\JL2CM3.dll V2.99.26.0
Dialog DLL:      TARMCM1.DLL V1.13.0.0
 
<h2>Project:</h2>
D:\Users\Documents\TU Smart\2018Èü¼¾\keil\KBITest\PROJECT\KBI.uvprojx
Project File Date:  04/07/2018

<h2>Output:</h2>
*** Using Compiler 'V5.06 update 5 (build 528)', folder: 'F:\ARM\ARMCC\Bin'
Build target 'Target 1'
compiling display.c...
compiling main.c...
..\USER\main.c(70): warning:  #188-D: enumerated type mixed with another type
  		acceInit(MMA_12bit_Mode, 2);
..\USER\main.c(89): warning:  #188-D: enumerated type mixed with another type
  		acceSolveData(0, val, getXYZ);
..\USER\main.c(154): warning:  #188-D: enumerated type mixed with another type
  					acceSolveData(0, val, getXYZ);
..\USER\main.c: 3 warnings, 0 errors
linking...
Program Size: Code=14284 RO-data=2660 RW-data=100 ZI-data=644  
".\Objects\KBI.axf" - 0 Error(s), 3 Warning(s).

<h2>Software Packages used:</h2>

Package Vendor: Keil
                http://www.keil.com/pack/Keil.Kinetis_KEAxx_DFP.1.3.0.pack
                Keil.Kinetis_KEAxx_DFP.1.3.0
                NXP Kinetis KEAxx Series Device Support and Examples

<h2>Collection of Component include folders:</h2>
  .\RTE\_Target_1
  F:\ARM\PACK\Keil\Kinetis_KEAxx_DFP\1.3.0\Device\Include

<h2>Collection of Component Files used:</h2>
Build Time Elapsed:  00:00:02
</pre>
</body>
</html>
