Component: ARM Compiler 5.06 update 5 (build 528) Tool: armlink [4d35e2]

==============================================================================

Section Cross References

    startup_skeaz1284.o(STACK) refers (Special) to heapauxi.o(.text) for __use_two_region_memory
    startup_skeaz1284.o(HEAP) refers (Special) to heapauxi.o(.text) for __use_two_region_memory
    startup_skeaz1284.o(RESET) refers (Special) to heapauxi.o(.text) for __use_two_region_memory
    startup_skeaz1284.o(RESET) refers to startup_skeaz1284.o(STACK) for __initial_sp
    startup_skeaz1284.o(RESET) refers to startup_skeaz1284.o(.text) for Reset_Handler
    startup_skeaz1284.o(RESET) refers to balance_isr.o(i.FTM0_IRQHandler) for FTM0_IRQHandler
    startup_skeaz1284.o(RESET) refers to balance_isr.o(i.FTM1_IRQHandler) for FTM1_IRQHandler
    startup_skeaz1284.o(RESET) refers to balance_isr.o(i.PIT_CH0_IRQHandler) for PIT_CH0_IRQHandler
    startup_skeaz1284.o(RESET) refers to balance_isr.o(i.KBI0_IRQHandler) for KBI0_IRQHandler
    startup_skeaz1284.o(.ARM.__at_0x400) refers (Special) to heapauxi.o(.text) for __use_two_region_memory
    startup_skeaz1284.o(.text) refers (Special) to heapauxi.o(.text) for __use_two_region_memory
    startup_skeaz1284.o(.text) refers to system_skeaz1284.o(i.SystemInit) for SystemInit
    startup_skeaz1284.o(.text) refers to __main.o(!!!main) for __main
    startup_skeaz1284.o(.text) refers to startup_skeaz1284.o(HEAP) for Heap_Mem
    startup_skeaz1284.o(.text) refers to startup_skeaz1284.o(STACK) for Stack_Mem
    system_skeaz1284.o(i.SystemCoreClockUpdate) refers to aeabi_sdiv.o(.text) for __aeabi_uidivmod
    system_skeaz1284.o(i.SystemCoreClockUpdate) refers to system_skeaz1284.o(.data) for SystemCoreClock
    gpio.o(i.gpio_get) refers to gpio.o(i.gpio_port_pin_num) for gpio_port_pin_num
    gpio.o(i.gpio_get) refers to gpio.o(.data) for bit
    gpio.o(i.gpio_init) refers to gpio.o(i.gpio_port_pin_num) for gpio_port_pin_num
    gpio.o(i.gpio_init) refers to gpio.o(i.gpio_set) for gpio_set
    gpio.o(i.gpio_init) refers to gpio.o(.data) for bit
    gpio.o(i.gpio_pull) refers to gpio.o(i.gpio_port_pin_num) for gpio_port_pin_num
    gpio.o(i.gpio_pull) refers to gpio.o(.data) for bit
    gpio.o(i.gpio_reverse) refers to gpio.o(i.gpio_port_pin_num) for gpio_port_pin_num
    gpio.o(i.gpio_reverse) refers to gpio.o(.data) for bit
    gpio.o(i.gpio_set) refers to gpio.o(i.gpio_port_pin_num) for gpio_port_pin_num
    gpio.o(i.gpio_set) refers to gpio.o(.data) for bit
    gpio.o(i.gpio_setIn) refers to gpio.o(i.gpio_port_pin_num) for gpio_port_pin_num
    gpio.o(i.gpio_setIn) refers to gpio.o(.data) for bit
    gpio.o(i.gpio_setOut) refers to gpio.o(i.gpio_port_pin_num) for gpio_port_pin_num
    gpio.o(i.gpio_setOut) refers to gpio.o(.data) for bit
    kbi.o(i.KBIInit) refers to gpio.o(i.gpio_pull) for gpio_pull
    kbi.o(i.KBIInit) refers to kbi.o(i.NVIC_EnableIRQ) for NVIC_EnableIRQ
    i2c.o(i.i2c_Ack) refers to gpio.o(i.gpio_set) for gpio_set
    i2c.o(i.i2c_Ack) refers to gpio.o(i.gpio_setOut) for gpio_setOut
    i2c.o(i.i2c_Ack) refers to delay.o(i.delay_us) for delay_us
    i2c.o(i.i2c_InitConfig) refers to delay.o(i.delay_Init) for delay_Init
    i2c.o(i.i2c_InitConfig) refers to gpio.o(i.gpio_init) for gpio_init
    i2c.o(i.i2c_InitConfig) refers to gpio.o(i.gpio_set) for gpio_set
    i2c.o(i.i2c_NAck) refers to gpio.o(i.gpio_set) for gpio_set
    i2c.o(i.i2c_NAck) refers to gpio.o(i.gpio_setOut) for gpio_setOut
    i2c.o(i.i2c_NAck) refers to delay.o(i.delay_us) for delay_us
    i2c.o(i.i2c_Read_Byte) refers to gpio.o(i.gpio_setIn) for gpio_setIn
    i2c.o(i.i2c_Read_Byte) refers to gpio.o(i.gpio_get) for gpio_get
    i2c.o(i.i2c_Read_Byte) refers to delay.o(i.delay_us) for delay_us
    i2c.o(i.i2c_Read_Byte) refers to gpio.o(i.gpio_set) for gpio_set
    i2c.o(i.i2c_Read_Byte) refers to i2c.o(i.i2c_NAck) for i2c_NAck
    i2c.o(i.i2c_Read_Byte) refers to i2c.o(i.i2c_Ack) for i2c_Ack
    i2c.o(i.i2c_Send_Byte) refers to gpio.o(i.gpio_setOut) for gpio_setOut
    i2c.o(i.i2c_Send_Byte) refers to gpio.o(i.gpio_set) for gpio_set
    i2c.o(i.i2c_Send_Byte) refers to delay.o(i.delay_us) for delay_us
    i2c.o(i.i2c_Start) refers to gpio.o(i.gpio_setOut) for gpio_setOut
    i2c.o(i.i2c_Start) refers to gpio.o(i.gpio_set) for gpio_set
    i2c.o(i.i2c_Start) refers to delay.o(i.delay_us) for delay_us
    i2c.o(i.i2c_Stop) refers to gpio.o(i.gpio_setOut) for gpio_setOut
    i2c.o(i.i2c_Stop) refers to gpio.o(i.gpio_set) for gpio_set
    i2c.o(i.i2c_Stop) refers to delay.o(i.delay_us) for delay_us
    i2c.o(i.i2c_Wait_Ack) refers to gpio.o(i.gpio_setIn) for gpio_setIn
    i2c.o(i.i2c_Wait_Ack) refers to gpio.o(i.gpio_set) for gpio_set
    i2c.o(i.i2c_Wait_Ack) refers to delay.o(i.delay_us) for delay_us
    i2c.o(i.i2c_Wait_Ack) refers to i2c.o(i.i2c_Stop) for i2c_Stop
    i2c.o(i.i2c_Wait_Ack) refers to gpio.o(i.gpio_get) for gpio_get
[...]
    ../clib/signal.c                         0x00000000   Number         0  defsig_abrt_inner.o ABSOLUTE
    ../clib/signal.c                         0x00000000   Number         0  defsig_general.o ABSOLUTE
    ../clib/signal.c                         0x00000000   Number         0  __raise.o ABSOLUTE
    ../clib/signal.c                         0x00000000   Number         0  defsig_fpe_inner.o ABSOLUTE
    ../clib/signal.c                         0x00000000   Number         0  defsig_exit.o ABSOLUTE
    ../clib/signal.c                         0x00000000   Number         0  defsig_fpe_formal.o ABSOLUTE
    ../clib/signal.c                         0x00000000   Number         0  defsig_fpe_outer.o ABSOLUTE
    ../clib/signal.c                         0x00000000   Number         0  defsig_other.o ABSOLUTE
    ../clib/signal.c                         0x00000000   Number         0  defsig_segv_inner.o ABSOLUTE
    ../clib/signal.s                         0x00000000   Number         0  defsig.o ABSOLUTE
    ../clib/stdlib.c                         0x00000000   Number         0  exit.o ABSOLUTE
    ../clib/string.c                         0x00000000   Number         0  strcpy.o ABSOLUTE
    ../fplib/cfplib/cmpret.c                 0x00000000   Number         0  cmpret.o ABSOLUTE
    ../fplib/cfplib/d2f.c                    0x00000000   Number         0  d2f.o ABSOLUTE
    ../fplib/cfplib/daddsub.c                0x00000000   Number         0  daddsub.o ABSOLUTE
    ../fplib/cfplib/dcmpin.c                 0x00000000   Number         0  dcmpin.o ABSOLUTE
    ../fplib/cfplib/ddiv.c                   0x00000000   Number         0  ddiv.o ABSOLUTE
    ../fplib/cfplib/dmul.c                   0x00000000   Number         0  dmul.o ABSOLUTE
    ../fplib/cfplib/f2d.c                    0x00000000   Number         0  f2d.o ABSOLUTE
    ../fplib/cfplib/fcmpin.c                 0x00000000   Number         0  fcmpin.o ABSOLUTE
    ../fplib/cfplib/fdiv.c                   0x00000000   Number         0  fdiv.o ABSOLUTE
    ../fplib/cfplib/ffix.c                   0x00000000   Number         0  ffixi.o ABSOLUTE
    ../fplib/cfplib/ffix.c                   0x00000000   Number         0  dfixi.o ABSOLUTE
    ../fplib/cfplib/ffix.c                   0x00000000   Number         0  ffixui.o ABSOLUTE
    ../fplib/cfplib/fflt.c                   0x00000000   Number         0  dflti.o ABSOLUTE
    ../fplib/cfplib/fflt.c                   0x00000000   Number         0  fflti.o ABSOLUTE
    ../fplib/cfplib/fpinit.c                 0x00000000   Number         0  fpinit.o ABSOLUTE
    ../fplib/cfplib/nan2.c                   0x00000000   Number         0  dnan2.o ABSOLUTE
    ../fplib/cfplib/nan2.c                   0x00000000   Number         0  fnan2.o ABSOLUTE
    ../fplib/cfplib/retnan.c                 0x00000000   Number         0  retnan.o ABSOLUTE
    ../fplib/cfplib/scalbn.c                 0x00000000   Number         0  dscalbn.o ABSOLUTE
    ../fplib/dleqf6m.s                       0x00000000   Number         0  dlef.o ABSOLUTE
    ../fplib/drleqf6m.s                      0x00000000   Number         0  drlef.o ABSOLUTE
    ../fplib/faddsub6m.s                     0x00000000   Number         0  faddsub.o ABSOLUTE
    ../fplib/fleqf6m.s                       0x00000000   Number         0  flef.o ABSOLUTE
    ../fplib/fmul6m.s                        0x00000000   Number         0  fmul.o ABSOLUTE
    ../fplib/frleqf6m.s                      0x00000000   Number         0  frlef.o ABSOLUTE
    ../fplib/usenofp.s                       0x00000000   Number         0  usenofp.o ABSOLUTE
    ../mathlib/atan.c                        0x00000000   Number         0  atan_x.o ABSOLUTE
    ../mathlib/atan.c                        0x00000000   Number         0  atan.o ABSOLUTE
    ../mathlib/atan2.c                       0x00000000   Number         0  atan2.o ABSOLUTE
    ../mathlib/atan2.c                       0x00000000   Number         0  atan2_x.o ABSOLUTE
    ../mathlib/dunder.c                      0x00000000   Number         0  dunder.o ABSOLUTE
    ../mathlib/fpclassify.c                  0x00000000   Number         0  fpclassify.o ABSOLUTE
    ../mathlib/poly.c                        0x00000000   Number         0  poly.o ABSOLUTE
    ../mathlib/qnan.c                        0x00000000   Number         0  qnan.o ABSOLUTE
    ..\CORE\startup_SKEAZ1284.s              0x00000000   Number         0  startup_skeaz1284.o ABSOLUTE
    ..\CORE\system_SKEAZ1284.c               0x00000000   Number         0  system_skeaz1284.o ABSOLUTE
    ..\DRIVER\ADC.c                          0x00000000   Number         0  adc.o ABSOLUTE
    ..\DRIVER\KBI.c                          0x00000000   Number         0  kbi.o ABSOLUTE
    ..\DRIVER\gpio.c                         0x00000000   Number         0  gpio.o ABSOLUTE
    ..\DRIVER\i2c.c                          0x00000000   Number         0  i2c.o ABSOLUTE
    ..\DRIVER\incap.c                        0x00000000   Number         0  incap.o ABSOLUTE
    ..\DRIVER\pit.c                          0x00000000   Number         0  pit.o ABSOLUTE
    ..\DRIVER\pwm.c                          0x00000000   Number         0  pwm.o ABSOLUTE
    ..\LIB\GYRO.c                            0x00000000   Number         0  gyro.o ABSOLUTE
    ..\LIB\OLED.c                            0x00000000   Number         0  oled.o ABSOLUTE
    ..\LIB\PID.c                             0x00000000   Number         0  pid.o ABSOLUTE
    ..\LIB\accelerometer.c                   0x00000000   Number         0  accelerometer.o ABSOLUTE
    ..\LIB\balanceControl.c                  0x00000000   Number         0  balancecontrol.o ABSOLUTE
    ..\LIB\common.c                          0x00000000   Number         0  common.o ABSOLUTE
    ..\LIB\delay.c                           0x00000000   Number         0  delay.o ABSOLUTE
    ..\LIB\display.c                         0x00000000   Number         0  display.o ABSOLUTE
    ..\LIB\encoder.c                         0x00000000   Number         0  encoder.o ABSOLUTE
    ..\LIB\motor.c                           0x00000000   Number         0  motor.o ABSOLUTE
    ..\USER\balance.c                        0x00000000   Number         0  balance.o ABSOLUTE
    ..\USER\balance_isr.c                    0x00000000   Number         0  balance_isr.o ABSOLUTE
    ..\\CORE\\system_SKEAZ1284.c             0x00000000   Number         0  system_skeaz1284.o ABSOLUTE
    ..\\DRIVER\\ADC.c                        0x00000000   Number         0  adc.o ABSOLUTE
    ..\\DRIVER\\KBI.c                        0x00000000   Number         0  kbi.o ABSOLUTE
    ..\\DRIVER\\gpio.c                       0x00000000   Number         0  gpio.o ABSOLUTE
    ..\\DRIVER\\i2c.c                        0x00000000   Number         0  i2c.o ABSOLUTE
    ..\\DRIVER\\incap.c                      0x00000000   Number         0  incap.o ABSOLUTE
    ..\\DRIVER\\pit.c                        0x00000000   Number         0  pit.o ABSOLUTE
    ..\\DRIVER\\pwm.c                        0x00000000   Number         0  pwm.o ABSOLUTE
    ..\\LIB\\GYRO.c                          0x00000000   Number         0  gyro.o ABSOLUTE
    ..\\LIB\\OLED.c                          0x00000000   Number         0  oled.o ABSOLUTE
    ..\\LIB\\PID.c                           0x00000000   Number         0  pid.o ABSOLUTE
    ..\\LIB\\accelerometer.c                 0x00000000   Number         0  accelerometer.o ABSOLUTE
    ..\\LIB\\balanceControl.c                0x00000000   Number         0  balancecontrol.o ABSOLUTE
    ..\\LIB\\common.c                        0x00000000   Number         0  common.o ABSOLUTE
    ..\\LIB\\delay.c                         0x00000000   Number         0  delay.o ABSOLUTE
    ..\\LIB\\display.c                       0x00000000   Number         0  display.o ABSOLUTE
    ..\\LIB\\encoder.c                       0x00000000   Number         0  encoder.o ABSOLUTE
    ..\\LIB\\motor.c                         0x00000000   Number         0  motor.o ABSOLUTE
    ..\\USER\\balance.c                      0x00000000   Number         0  balance.o ABSOLUTE
    ..\\USER\\balance_isr.c                  0x00000000   Number         0  balance_isr.o ABSOLUTE
    dc.s                                     0x00000000   Number         0  dc.o ABSOLUTE
    !!!main                                  0x000000c0   Section        8  __main.o(!!!main)
    !!!scatter                               0x000000c8   Section       60  __scatter.o(!!!scatter)
    !!handler_copy                           0x00000104   Section       26  __scatter_copy.o(!!handler_copy)
    !!handler_zi                             0x00000120   Section       28  __scatter_zi.o(!!handler_zi)
    .ARM.Collect$$libinit$$00000000          0x0000013c   Section        2  libinit.o(.ARM.Collect$$libinit$$00000000)
    .ARM.Collect$$libinit$$00000002          0x0000013e   Section        0  libinit2.o(.ARM.Collect$$libinit$$00000002)
    .ARM.Collect$$libinit$$00000004          0x0000013e   Section        0  libinit2.o(.ARM.Collect$$libinit$$00000004)
    .ARM.Collect$$libinit$$0000000A          0x0000013e   Section        0  libinit2.o(.ARM.Collect$$libinit$$0000000A)
    .ARM.Collect$$libinit$$0000000C          0x0000013e   Section        0  libinit2.o(.ARM.Collect$$libinit$$0000000C)
    .ARM.Collect$$libinit$$0000000E          0x0000013e   Section        0  libinit2.o(.ARM.Collect$$libinit$$0000000E)
    .ARM.Collect$$libinit$$00000011          0x0000013e   Section        0  libinit2.o(.ARM.Collect$$libinit$$00000011)
    .ARM.Collect$$libinit$$00000013          0x0000013e   Section        0  libinit2.o(.ARM.Collect$$libinit$$00000013)
    .ARM.Collect$$libinit$$00000015          0x0000013e   Section        0  libinit2.o(.ARM.Collect$$libinit$$00000015)
    .ARM.Collect$$libinit$$00000017          0x0000013e   Section        0  libinit2.o(.ARM.Collect$$libinit$$00000017)
    .ARM.Collect$$libinit$$00000019          0x0000013e   Section        0  libinit2.o(.ARM.Collect$$libinit$$00000019)
    .ARM.Collect$$libinit$$0000001B          0x0000013e   Section        0  libinit2.o(.ARM.Collect$$libinit$$0000001B)
    .ARM.Collect$$libinit$$0000001D          0x0000013e   Section        0  libinit2.o(.ARM.Collect$$libinit$$0000001D)
    .ARM.Collect$$libinit$$0000001F          0x0000013e   Section        0  libinit2.o(.ARM.Collect$$libinit$$0000001F)
    .ARM.Collect$$libinit$$00000021          0x0000013e   Section        0  libinit2.o(.ARM.Collect$$libinit$$00000021)
    .ARM.Collect$$libinit$$00000023          0x0000013e   Section        0  libinit2.o(.ARM.Collect$$libinit$$00000023)
    .ARM.Collect$$libinit$$00000025          0x0000013e   Section        0  libinit2.o(.ARM.Collect$$libinit$$00000025)
    .ARM.Collect$$libinit$$0000002C          0x0000013e   Section        0  libinit2.o(.ARM.Collect$$libinit$$0000002C)
    .ARM.Collect$$libinit$$0000002E          0x0000013e   Section        0  libinit2.o(.ARM.Collect$$libinit$$0000002E)
    .ARM.Collect$$libinit$$00000030          0x0000013e   Section        0  libinit2.o(.ARM.Collect$$libinit$$00000030)
    .ARM.Collect$$libinit$$00000032          0x0000013e   Section        0  libinit2.o(.ARM.Collect$$libinit$$00000032)
    .ARM.Collect$$libinit$$00000033          0x0000013e   Section        2  libinit2.o(.ARM.Collect$$libinit$$00000033)
    .ARM.Collect$$libshutdown$$00000000      0x00000140   Section        2  libshutdown.o(.ARM.Collect$$libshutdown$$00000000)
    .ARM.Collect$$libshutdown$$00000002      0x00000142   Section        0  libshutdown2.o(.ARM.Collect$$libshutdown$$00000002)
    .ARM.Collect$$libshutdown$$00000004      0x00000142   Section        0  libshutdown2.o(.ARM.Collect$$libshutdown$$00000004)
    .ARM.Collect$$libshutdown$$00000007      0x00000142   Section        0  libshutdown2.o(.ARM.Collect$$libshutdown$$00000007)
    .ARM.Collect$$libshutdown$$0000000A      0x00000142   Section        0  libshutdown2.o(.ARM.Collect$$libshutdown$$0000000A)
    .ARM.Collect$$libshutdown$$0000000C      0x00000142   Section        0  libshutdown2.o(.ARM.Collect$$libshutdown$$0000000C)
    .ARM.Collect$$libshutdown$$0000000F      0x00000142   Section        0  libshutdown2.o(.ARM.Collect$$libshutdown$$0000000F)
    .ARM.Collect$$libshutdown$$00000010      0x00000142   Section        2  libshutdown2.o(.ARM.Collect$$libshutdown$$00000010)
    .ARM.Collect$$rtentry$$00000000          0x00000144   Section        0  __rtentry.o(.ARM.Collect$$rtentry$$00000000)
    .ARM.Collect$$rtentry$$00000002          0x00000144   Section        0  __rtentry2.o(.ARM.Collect$$rtentry$$00000002)
    .ARM.Collect$$rtentry$$00000004          0x00000144   Section        6  __rtentry4.o(.ARM.Collect$$rtentry$$00000004)
    .ARM.Collect$$rtentry$$00000009          0x0000014a   Section        0  __rtentry2.o(.ARM.Collect$$rtentry$$00000009)
    .ARM.Collect$$rtentry$$0000000A          0x0000014a   Section        4  __rtentry2.o(.ARM.Collect$$rtentry$$0000000A)
    .ARM.Collect$$rtentry$$0000000C          0x0000014e   Section        0  __rtentry2.o(.ARM.Collect$$rtentry$$0000000C)
    .ARM.Collect$$rtentry$$0000000D          0x0000014e   Section        8  __rtentry2.o(.ARM.Collect$$rtentry$$0000000D)
    .ARM.Collect$$rtexit$$00000000           0x00000156   Section        2  rtexit.o(.ARM.Collect$$rtexit$$00000000)
    .ARM.Collect$$rtexit$$00000002           0x00000158   Section        0  rtexit2.o(.ARM.Collect$$rtexit$$00000002)
    .ARM.Collect$$rtexit$$00000003           0x00000158   Section        4  rtexit2.o(.ARM.Collect$$rtexit$$00000003)
    .ARM.Collect$$rtexit$$00000004           0x0000015c   Section        6  rtexit2.o(.ARM.Collect$$rtexit$$00000004)
    .text                                    0x00000164   Section       64  startup_skeaz1284.o(.text)
    .text                                    0x000001a4   Section        0  strcpy.o(.text)
    .text                                    0x000001f0   Section      346  aeabi_sdiv.o(.text)
    .text                                    0x0000034a   Section        0  heapauxi.o(.text)
    .text                                    0x00000350   Section        0  d2f.o(.text)
    .text                                    0x000003cc   Section        0  ffixui.o(.text)
    .text                                    0x000003fc   Section        2  use_no_semi.o(.text)
    .text                                    0x000003fe   Section        0  indicate_semi.o(.text)
    x$fpl$usenofp                            0x000003fe   Section        0  usenofp.o(x$fpl$usenofp)
    .ARM.__at_0x400                          0x00000400   Section       16  startup_skeaz1284.o(.ARM.__at_0x400)
    .text                                    0x00000410   Section        0  daddsub.o(.text)
    _dadd1                                   0x00000411   Thumb Code   290  daddsub.o(.text)
    _dsub1                                   0x00000533   Thumb Code   470  daddsub.o(.text)
    .text                                    0x00000768   Section        0  ddiv.o(.text)
    .text                                    0x00000bb0   Section        0  dfixi.o(.text)
    .text                                    0x00000c1c   Section        0  dflti.o(.text)
    .text                                    0x00000c74   Section        0  dmul.o(.text)
    .text                                    0x00000ebc   Section        0  f2d.o(.text)
    .text                                    0x00000f10   Section        0  fdiv.o(.text)
    .text                                    0x00001070   Section        0  ffixi.o(.text)
    .text                                    0x000010bc   Section        0  fflti.o(.text)
    .text                                    0x0000111c   Section        0  dcmpin.o(.text)
    .text                                    0x000011ac   Section        0  fcmpin.o(.text)
    .text                                    0x00001210   Section        0  cmpret.o(.text)
    .text                                    0x00001240   Section        0  dnan2.o(.text)
    .text                                    0x00001254   Section        0  dscalbn.o(.text)
    .text                                    0x000012b4   Section        0  fnan2.o(.text)
    .text                                    0x000012c4   Section        8  libspace.o(.text)
    .text                                    0x000012cc   Section       62  sys_stackheap_outer.o(.text)
    .text                                    0x0000130a   Section        0  exit.o(.text)
    .text                                    0x0000131a   Section        0  retnan.o(.text)
    .text                                    0x00001378   Section        0  sys_exit.o(.text)
    i.EncoderClrFlag                         0x00001384   Section        0  encoder.o(i.EncoderClrFlag)
    i.EncoderRead                            0x000013b8   Section        0  encoder.o(i.EncoderRead)
    i.FTM0_IRQHandler                        0x000013e4   Section        0  balance_isr.o(i.FTM0_IRQHandler)
    i.FTM1_IRQHandler                        0x000014c4   Section        0  balance_isr.o(i.FTM1_IRQHandler)
    i.FTMEnInterrupt                         0x000015a4   Section        0  incap.o(i.FTMEnInterrupt)
    i.FTM_PWM_init                           0x000015c0   Section        0  pwm.o(i.FTM_PWM_init)
    i.FTM_PWM_set_duty                       0x000017c0   Section        0  pwm.o(i.FTM_PWM_set_duty)
    i.GYROInit                               0x0000181c   Section        0  gyro.o(i.GYROInit)
    i.GYRORead                               0x0000186c   Section        0  gyro.o(i.GYRORead)
    i.GYROReadn                              0x000018e8   Section        0  gyro.o(i.GYROReadn)
    i.INCaptureInit                          0x00001910   Section        0  incap.o(i.INCaptureInit)
    i.KALMANFilter                           0x00001a2c   Section        0  balancecontrol.o(i.KALMANFilter)
    i.KBI0_IRQHandler                        0x00001adc   Section        0  balance_isr.o(i.KBI0_IRQHandler)
    i.KBIClear                               0x00002094   Section        0  kbi.o(i.KBIClear)
    i.KBIInit                                0x000020e0   Section        0  kbi.o(i.KBIInit)
    i.NVIC_DisableIRQ                        0x000022bc   Section        0  pit.o(i.NVIC_DisableIRQ)
    NVIC_DisableIRQ                          0x000022bd   Thumb Code    14  pit.o(i.NVIC_DisableIRQ)
    i.NVIC_EnableIRQ                         0x000022d0   Section        0  kbi.o(i.NVIC_EnableIRQ)
    NVIC_EnableIRQ                           0x000022d1   Thumb Code    14  kbi.o(i.NVIC_EnableIRQ)
    i.NVIC_EnableIRQ                         0x000022e4   Section        0  pit.o(i.NVIC_EnableIRQ)
    NVIC_EnableIRQ                           0x000022e5   Thumb Code    14  pit.o(i.NVIC_EnableIRQ)
    i.NVIC_SetPriority                       0x000022f8   Section        0  delay.o(i.NVIC_SetPriority)
    NVIC_SetPriority                         0x000022f9   Thumb Code   110  delay.o(i.NVIC_SetPriority)
    i.OLEDDisplay                            0x00002370   Section        0  display.o(i.OLEDDisplay)
    i.OLED_Clear                             0x00002514   Section        0  oled.o(i.OLED_Clear)
    i.OLED_Init                              0x00002554   Section        0  oled.o(i.OLED_Init)
    i.OLED_Set_Pos                           0x000026b4   Section        0  oled.o(i.OLED_Set_Pos)
    i.OLED_ShowChar                          0x000026e8   Section        0  oled.o(i.OLED_ShowChar)
    i.OLED_ShowNum                           0x00002734   Section        0  oled.o(i.OLED_ShowNum)
    i.OLED_ShowString                        0x000027bc   Section        0  oled.o(i.OLED_ShowString)
    i.OLED_WR_Byte                           0x000027f0   Section        0  oled.o(i.OLED_WR_Byte)
    i.PIDInit                                0x00002870   Section        0  pid.o(i.PIDInit)
    i.PIDLimit                               0x0000288a   Section        0  balance.o(i.PIDLimit)
    i.PIDcalc                                0x000028a2   Section        0  pid.o(i.PIDcalc)
    i.PIT_CH0_IRQHandler                     0x00002924   Section        0  balance_isr.o(i.PIT_CH0_IRQHandler)
    i.SystemInit                             0x00002a2c   Section        0  system_skeaz1284.o(i.SystemInit)
    i.__ARM_fpclassify                       0x00002a8c   Section        0  fpclassify.o(i.__ARM_fpclassify)
    i.__kernel_poly                          0x00002ab8   Section        0  poly.o(i.__kernel_poly)
    i.__mathlib_dbl_infnan                   0x00002b64   Section        0  dunder.o(i.__mathlib_dbl_infnan)
    i.__mathlib_dbl_infnan2                  0x00002b6e   Section        0  dunder.o(i.__mathlib_dbl_infnan2)
    i.__mathlib_dbl_underflow                0x00002b78   Section        0  dunder.o(i.__mathlib_dbl_underflow)
    i.acceInit                               0x00002b8c   Section        0  accelerometer.o(i.acceInit)
    i.acceReadL                              0x00002c24   Section        0  accelerometer.o(i.acceReadL)
    i.acceSolveData                          0x00002c9a   Section        0  accelerometer.o(i.acceSolveData)
    i.acceWriteByte                          0x00002d06   Section        0  accelerometer.o(i.acceWriteByte)
    i.acce_readbyte                          0x00002d52   Section        0  accelerometer.o(i.acce_readbyte)
    i.atan                                   0x00002dac   Section        0  atan.o(i.atan)
    i.atan2                                  0x00002fc8   Section        0  atan2.o(i.atan2)
    i.calcDuty                               0x00003140   Section        0  motor.o(i.calcDuty)
    i.dataDecrement                          0x000031b0   Section        0  display.o(i.dataDecrement)
    i.dataIncrement                          0x000031c4   Section        0  display.o(i.dataIncrement)
    i.delay_Init                             0x000031d8   Section        0  delay.o(i.delay_Init)
    i.delay_ms                               0x00003218   Section        0  delay.o(i.delay_ms)
    i.delay_us                               0x000032a8   Section        0  delay.o(i.delay_us)
    i.dis_num                                0x0000334c   Section        0  oled.o(i.dis_num)
    i.getAngleTarget                         0x00003414   Section        0  balance.o(i.getAngleTarget)
    i.getGyroMid                             0x00003428   Section        0  gyro.o(i.getGyroMid)
    i.globalDisplayInit                      0x0000343c   Section        0  balance.o(i.globalDisplayInit)
    i.globalKBIInit                          0x000038fc   Section        0  balance.o(i.globalKBIInit)
    i.globalKalmanLoop                       0x0000393c   Section        0  balance.o(i.globalKalmanLoop)
    i.gpio_get                               0x00003b58   Section        0  gpio.o(i.gpio_get)
    i.gpio_init                              0x00003bd8   Section        0  gpio.o(i.gpio_init)
    i.gpio_port_pin_num                      0x00003c94   Section        0  gpio.o(i.gpio_port_pin_num)
    gpio_port_pin_num                        0x00003c95   Thumb Code     8  gpio.o(i.gpio_port_pin_num)
    i.gpio_pull                              0x00003c9c   Section        0  gpio.o(i.gpio_pull)
    i.gpio_set                               0x00003d80   Section        0  gpio.o(i.gpio_set)
    i.gpio_setIn                             0x00003e18   Section        0  gpio.o(i.gpio_setIn)
    i.gpio_setOut                            0x00003ea8   Section        0  gpio.o(i.gpio_setOut)
    i.i2c_Ack                                0x00003f38   Section        0  i2c.o(i.i2c_Ack)
    i.i2c_InitConfig                         0x00003f82   Section        0  i2c.o(i.i2c_InitConfig)
    i.i2c_NAck                               0x00003fb8   Section        0  i2c.o(i.i2c_NAck)
    i.i2c_Read_Byte                          0x00004002   Section        0  i2c.o(i.i2c_Read_Byte)
    i.i2c_Send_Byte                          0x00004068   Section        0  i2c.o(i.i2c_Send_Byte)
    i.i2c_Start                              0x000040ce   Section        0  i2c.o(i.i2c_Start)
    i.i2c_Stop                               0x0000410e   Section        0  i2c.o(i.i2c_Stop)
    i.i2c_Wait_Ack                           0x0000414e   Section        0  i2c.o(i.i2c_Wait_Ack)
    i.initEncoder                            0x000041a8   Section        0  encoder.o(i.initEncoder)
    i.initMotor                              0x00004214   Section        0  motor.o(i.initMotor)
    i.isEncoderFlagSet                       0x00004260   Section        0  encoder.o(i.isEncoderFlagSet)
    i.isKBIFlagSet                           0x00004290   Section        0  kbi.o(i.isKBIFlagSet)
    i.lineSwitch                             0x000042c0   Section        0  display.o(i.lineSwitch)
    i.main                                   0x000042ec   Section        0  balance.o(i.main)
    i.oled_pow                               0x00004614   Section        0  oled.o(i.oled_pow)
    i.pageSwitch                             0x00004630   Section        0  display.o(i.pageSwitch)
    i.pitInit_us                             0x00004658   Section        0  pit.o(i.pitInit_us)
    i.pit_IRQClearFlag                       0x000046f8   Section        0  pit.o(i.pit_IRQClearFlag)
    i.pit_IRQSwitch                          0x00004714   Section        0  pit.o(i.pit_IRQSwitch)
    i.pit_Switch                             0x00004758   Section        0  pit.o(i.pit_Switch)
    i.setForwDuty                            0x00004790   Section        0  motor.o(i.setForwDuty)
    i.setReveDuty                            0x000047e2   Section        0  motor.o(i.setReveDuty)
    i.speedLeagalize                         0x00004834   Section        0  motor.o(i.speedLeagalize)
    x$fpl$dleqf                              0x0000485c   Section      100  dlef.o(x$fpl$dleqf)
    x$fpl$drleqf                             0x000048c0   Section      104  drlef.o(x$fpl$drleqf)
    x$fpl$fadd                               0x00004928   Section      140  faddsub.o(x$fpl$fadd)
    _fadd1                                   0x00004935   Thumb Code     0  faddsub.o(x$fpl$fadd)
    x$fpl$fleqf                              0x000049b4   Section       84  flef.o(x$fpl$fleqf)
    x$fpl$fmul                               0x00004a08   Section      176  fmul.o(x$fpl$fmul)
    x$fpl$frleqf                             0x00004ab8   Section       88  frlef.o(x$fpl$frleqf)
    x$fpl$fsub                               0x00004b10   Section      208  faddsub.o(x$fpl$fsub)
    _fsub1                                   0x00004b1d   Thumb Code     0  faddsub.o(x$fpl$fsub)
    .constdata                               0x00004be0   Section       12  pwm.o(.constdata)
    .constdata                               0x00004bec   Section     2072  oled.o(.constdata)
    .constdata                               0x00005404   Section      128  ddiv.o(.constdata)
    ddiv_reciptbl                            0x00005404   Data         128  ddiv.o(.constdata)
    .constdata                               0x00005484   Section       64  fdiv.o(.constdata)
    fdiv_tab                                 0x00005484   Data          64  fdiv.o(.constdata)
    .constdata                               0x000054c8   Section      152  atan.o(.constdata)
    atanhi                                   0x000054c8   Data          32  atan.o(.constdata)
    atanlo                                   0x000054e8   Data          32  atan.o(.constdata)
    aTodd                                    0x00005508   Data          40  atan.o(.constdata)
    aTeven                                   0x00005530   Data          48  atan.o(.constdata)
    .constdata                               0x00005560   Section        8  qnan.o(.constdata)
    .data                                    0x1ffff000   Section        4  system_skeaz1284.o(.data)
    .data                                    0x1ffff004   Section        4  gpio.o(.data)
    .data                                    0x1ffff008   Section        2  pwm.o(.data)
    MOD_VALUE                                0x1ffff008   Data           2  pwm.o(.data)
    .data                                    0x1ffff00c   Section       12  incap.o(.data)
    .data                                    0x1ffff018   Section       31  display.o(.data)
    index                                    0x1ffff035   Data           1  display.o(.data)
    row                                      0x1ffff036   Data           1  display.o(.data)
    .data                                    0x1ffff038   Section        4  delay.o(.data)
    .data                                    0x1ffff03c   Section        2  accelerometer.o(.data)
    .data                                    0x1ffff040   Section        6  balancecontrol.o(.data)
    optimumAngle                             0x1ffff040   Data           4  balancecontrol.o(.data)
    optimumCovariance                        0x1ffff044   Data           2  balancecontrol.o(.data)
    .data                                    0x1ffff048   Section        4  motor.o(.data)
    ret                                      0x1ffff048   Data           4  motor.o(.data)
    .data                                    0x1ffff04c   Section       92  balance.o(.data)
    index                                    0x1ffff0a6   Data           1  balance.o(.data)
    count                                    0x1ffff0a7   Data           1  balance.o(.data)
    .data                                    0x1ffff0a8   Section       44  balance_isr.o(.data)
    index                                    0x1ffff0bc   Data           1  balance_isr.o(.data)
    count                                    0x1ffff0be   Data           2  balance_isr.o(.data)
    index                                    0x1ffff0c0   Data           1  balance_isr.o(.data)
    count                                    0x1ffff0c2   Data           2  balance_isr.o(.data)
    i                                        0x1ffff0c4   Data           1  balance_isr.o(.data)
    flag                                     0x1ffff0c8   Data           4  balance_isr.o(.data)
    record                                   0x1ffff0cc   Data           4  balance_isr.o(.data)
    count                                    0x1ffff0d0   Data           4  balance_isr.o(.data)
    .bss                                     0x1ffff0d4   Section      560  balance.o(.bss)
    .bss                                     0x1ffff304   Section       40  balance_isr.o(.bss)
    results                                  0x1ffff304   Data          20  balance_isr.o(.bss)
    results                                  0x1ffff318   Data          20  balance_isr.o(.bss)
    .bss                                     0x1ffff32c   Section       96  libspace.o(.bss)
    HEAP                                     0x1ffff390   Section        0  startup_skeaz1284.o(HEAP)
    STACK                                    0x1ffff390   Section      512  startup_skeaz1284.o(STACK)
    Heap_Mem                                 0x1ffff390   Data           0  startup_skeaz1284.o(HEAP)
    Stack_Mem                                0x1ffff390   Data         512  startup_skeaz1284.o(STACK)
    __initial_sp                             0x1ffff590   Data           0  startup_skeaz1284.o(STACK)

    Global Symbols

    Symbol Name                              Value     Ov Type        Size  Object(Section)

    BuildAttributes$$THM_ISAv3M$S$PE$A:L22$X:L11$S22$IEEE1$IW$USESV6$~STKCKD$USESV7$~SHL$OTIME$ROPI$IEEEX$EBA8$UX$STANDARDLIB$REQ8$PRES8$EABIv2 0x00000000   Number         0  anon$$obj.o ABSOLUTE
    __ARM_use_no_argv                        0x00000000   Number         0  balance.o ABSOLUTE
    __Vectors                                0x00000000   Data           4  startup_skeaz1284.o(RESET)
    __ARM_exceptions_init                     - Undefined Weak Reference
    __alloca_initialize                       - Undefined Weak Reference
    __arm_preinit_                            - Undefined Weak Reference
    __cpp_initialize__aeabi_                  - Undefined Weak Reference
    __cxa_finalize                            - Undefined Weak Reference
    __rt_locale                               - Undefined Weak Reference
    __sigvec_lookup                           - Undefined Weak Reference
    _atexit_init                              - Undefined Weak Reference
    _call_atexit_fns                          - Undefined Weak Reference
    _clock_init                               - Undefined Weak Reference
    _fp_trap_init                             - Undefined Weak Reference
    _fp_trap_shutdown                         - Undefined Weak Reference
    _get_lc_collate                           - Undefined Weak Reference
    _get_lc_ctype                             - Undefined Weak Reference
    _get_lc_monetary                          - Undefined Weak Reference
    _get_lc_numeric                           - Undefined Weak Reference
    _get_lc_time                              - Undefined Weak Reference
    _getenv_init                              - Undefined Weak Reference
    _handle_redirection                       - Undefined Weak Reference
    _init_alloc                               - Undefined Weak Reference
    _init_user_alloc                          - Undefined Weak Reference
    _initio                                   - Undefined Weak Reference
    _rand_init                                - Undefined Weak Reference
    _signal_finish                            - Undefined Weak Reference
    _signal_init                              - Undefined Weak Reference
    _terminate_alloc                          - Undefined Weak Reference
    _terminate_user_alloc                     - Undefined Weak Reference
    _terminateio                              - Undefined Weak Reference
    __Vectors_End                            0x000000c0   Data           0  startup_skeaz1284.o(RESET)
    __Vectors_Size                           0x000000c0   Number         0  startup_skeaz1284.o ABSOLUTE
    __main                                   0x000000c1   Thumb Code     8  __main.o(!!!main)
    __scatterload                            0x000000c9   Thumb Code     0  __scatter.o(!!!scatter)
    __scatterload_rt2                        0x000000c9   Thumb Code    52  __scatter.o(!!!scatter)
    __scatterload_rt2_thumb_only             0x000000c9   Thumb Code     0  __scatter.o(!!!scatter)
    __scatterload_null                       0x000000d9   Thumb Code     0  __scatter.o(!!!scatter)
    __scatterload_copy                       0x00000105   Thumb Code    26  __scatter_copy.o(!!handler_copy)
    __scatterload_zeroinit                   0x00000121   Thumb Code    28  __scatter_zi.o(!!handler_zi)
    __rt_lib_init                            0x0000013d   Thumb Code     0  libinit.o(.ARM.Collect$$libinit$$00000000)
    __rt_lib_init_alloca_1                   0x0000013f   Thumb Code     0  libinit2.o(.ARM.Collect$$libinit$$0000002E)
    __rt_lib_init_argv_1                     0x0000013f   Thumb Code     0  libinit2.o(.ARM.Collect$$libinit$$0000002C)
    __rt_lib_init_atexit_1                   0x0000013f   Thumb Code     0  libinit2.o(.ARM.Collect$$libinit$$0000001B)
    __rt_lib_init_clock_1                    0x0000013f   Thumb Code     0  libinit2.o(.ARM.Collect$$libinit$$00000021)
    __rt_lib_init_cpp_1                      0x0000013f   Thumb Code     0  libinit2.o(.ARM.Collect$$libinit$$00000032)
    __rt_lib_init_exceptions_1               0x0000013f   Thumb Code     0  libinit2.o(.ARM.Collect$$libinit$$00000030)
    __rt_lib_init_fp_1                       0x0000013f   Thumb Code     0  libinit2.o(.ARM.Collect$$libinit$$00000002)
    __rt_lib_init_fp_trap_1                  0x0000013f   Thumb Code     0  libinit2.o(.ARM.Collect$$libinit$$0000001F)
    __rt_lib_init_getenv_1                   0x0000013f   Thumb Code     0  libinit2.o(.ARM.Collect$$libinit$$00000023)
    __rt_lib_init_heap_1                     0x0000013f   Thumb Code     0  libinit2.o(.ARM.Collect$$libinit$$0000000A)
    __rt_lib_init_lc_collate_1               0x0000013f   Thumb Code     0  libinit2.o(.ARM.Collect$$libinit$$00000011)
    __rt_lib_init_lc_ctype_1                 0x0000013f   Thumb Code     0  libinit2.o(.ARM.Collect$$libinit$$00000013)
    __rt_lib_init_lc_monetary_1              0x0000013f   Thumb Code     0  libinit2.o(.ARM.Collect$$libinit$$00000015)
    __rt_lib_init_lc_numeric_1               0x0000013f   Thumb Code     0  libinit2.o(.ARM.Collect$$libinit$$00000017)
    __rt_lib_init_lc_time_1                  0x0000013f   Thumb Code     0  libinit2.o(.ARM.Collect$$libinit$$00000019)
    __rt_lib_init_preinit_1                  0x0000013f   Thumb Code     0  libinit2.o(.ARM.Collect$$libinit$$00000004)
    __rt_lib_init_rand_1                     0x0000013f   Thumb Code     0  libinit2.o(.ARM.Collect$$libinit$$0000000E)
    __rt_lib_init_return                     0x0000013f   Thumb Code     0  libinit2.o(.ARM.Collect$$libinit$$00000033)
    __rt_lib_init_signal_1                   0x0000013f   Thumb Code     0  libinit2.o(.ARM.Collect$$libinit$$0000001D)
    __rt_lib_init_stdio_1                    0x0000013f   Thumb Code     0  libinit2.o(.ARM.Collect$$libinit$$00000025)
    __rt_lib_init_user_alloc_1               0x0000013f   Thumb Code     0  libinit2.o(.ARM.Collect$$libinit$$0000000C)
    __rt_lib_shutdown                        0x00000141   Thumb Code     0  libshutdown.o(.ARM.Collect$$libshutdown$$00000000)
    __rt_lib_shutdown_cpp_1                  0x00000143   Thumb Code     0  libshutdown2.o(.ARM.Collect$$libshutdown$$00000002)
    __rt_lib_shutdown_fp_trap_1              0x00000143   Thumb Code     0  libshutdown2.o(.ARM.Collect$$libshutdown$$00000007)
    __rt_lib_shutdown_heap_1                 0x00000143   Thumb Code     0  libshutdown2.o(.ARM.Collect$$libshutdown$$0000000F)
    __rt_lib_shutdown_return                 0x00000143   Thumb Code     0  libshutdown2.o(.ARM.Collect$$libshutdown$$00000010)
    __rt_lib_shutdown_signal_1               0x00000143   Thumb Code     0  libshutdown2.o(.ARM.Collect$$libshutdown$$0000000A)
    __rt_lib_shutdown_stdio_1                0x00000143   Thumb Code     0  libshutdown2.o(.ARM.Collect$$libshutdown$$00000004)
    __rt_lib_shutdown_user_alloc_1           0x00000143   Thumb Code     0  libshutdown2.o(.ARM.Collect$$libshutdown$$0000000C)
    __rt_entry                               0x00000145   Thumb Code     0  __rtentry.o(.ARM.Collect$$rtentry$$00000000)
    __rt_entry_presh_1                       0x00000145   Thumb Code     0  __rtentry2.o(.ARM.Collect$$rtentry$$00000002)
    __rt_entry_sh                            0x00000145   Thumb Code     0  __rtentry4.o(.ARM.Collect$$rtentry$$00000004)
    __rt_entry_li                            0x0000014b   Thumb Code     0  __rtentry2.o(.ARM.Collect$$rtentry$$0000000A)
    __rt_entry_postsh_1                      0x0000014b   Thumb Code     0  __rtentry2.o(.ARM.Collect$$rtentry$$00000009)
    __rt_entry_main                          0x0000014f   Thumb Code     0  __rtentry2.o(.ARM.Collect$$rtentry$$0000000D)
    __rt_entry_postli_1                      0x0000014f   Thumb Code     0  __rtentry2.o(.ARM.Collect$$rtentry$$0000000C)
    __rt_exit                                0x00000157   Thumb Code     0  rtexit.o(.ARM.Collect$$rtexit$$00000000)
    __rt_exit_ls                             0x00000159   Thumb Code     0  rtexit2.o(.ARM.Collect$$rtexit$$00000003)
    __rt_exit_prels_1                        0x00000159   Thumb Code     0  rtexit2.o(.ARM.Collect$$rtexit$$00000002)
    __rt_exit_exit                           0x0000015d   Thumb Code     0  rtexit2.o(.ARM.Collect$$rtexit$$00000004)
    init_data_bss                            0x00000165   Thumb Code     2  startup_skeaz1284.o(.text)
    Reset_Handler                            0x00000167   Thumb Code    12  startup_skeaz1284.o(.text)
    NMI_Handler                              0x00000173   Thumb Code     2  startup_skeaz1284.o(.text)
    HardFault_Handler                        0x00000175   Thumb Code     2  startup_skeaz1284.o(.text)
    SVC_Handler                              0x00000177   Thumb Code     2  startup_skeaz1284.o(.text)
    PendSV_Handler                           0x00000179   Thumb Code     2  startup_skeaz1284.o(.text)
    SysTick_Handler                          0x0000017b   Thumb Code     2  startup_skeaz1284.o(.text)
    ACMP0_IRQHandler                         0x0000017d   Thumb Code     0  startup_skeaz1284.o(.text)
    ACMP1_IRQHandler                         0x0000017d   Thumb Code     0  startup_skeaz1284.o(.text)
    ADC_IRQHandler                           0x0000017d   Thumb Code     0  startup_skeaz1284.o(.text)
    DefaultISR                               0x0000017d   Thumb Code     0  startup_skeaz1284.o(.text)
    FTM2_IRQHandler                          0x0000017d   Thumb Code     0  startup_skeaz1284.o(.text)
    FTMRE_IRQHandler                         0x0000017d   Thumb Code     0  startup_skeaz1284.o(.text)
    I2C0_IRQHandler                          0x0000017d   Thumb Code     0  startup_skeaz1284.o(.text)
    I2C1_IRQHandler                          0x0000017d   Thumb Code     0  startup_skeaz1284.o(.text)
    ICS_IRQHandler                           0x0000017d   Thumb Code     0  startup_skeaz1284.o(.text)
    IRQ_IRQHandler                           0x0000017d   Thumb Code     0  startup_skeaz1284.o(.text)
    KBI1_IRQHandler                          0x0000017d   Thumb Code     0  startup_skeaz1284.o(.text)
    MSCAN_RX_IRQHandler                      0x0000017d   Thumb Code     0  startup_skeaz1284.o(.text)
    MSCAN_TX_IRQHandler                      0x0000017d   Thumb Code     0  startup_skeaz1284.o(.text)
    PIT_CH1_IRQHandler                       0x0000017d   Thumb Code     0  startup_skeaz1284.o(.text)
    PMC_IRQHandler                           0x0000017d   Thumb Code     0  startup_skeaz1284.o(.text)
    PWT_IRQHandler                           0x0000017d   Thumb Code     0  startup_skeaz1284.o(.text)
    RTC_IRQHandler                           0x0000017d   Thumb Code     0  startup_skeaz1284.o(.text)
    Reserved16_IRQHandler                    0x0000017d   Thumb Code     0  startup_skeaz1284.o(.text)
    Reserved17_IRQHandler                    0x0000017d   Thumb Code     0  startup_skeaz1284.o(.text)
    Reserved18_IRQHandler                    0x0000017d   Thumb Code     0  startup_skeaz1284.o(.text)
    Reserved19_IRQHandler                    0x0000017d   Thumb Code     0  startup_skeaz1284.o(.text)
    Reserved20_IRQHandler                    0x0000017d   Thumb Code     0  startup_skeaz1284.o(.text)
    Reserved42_IRQHandler                    0x0000017d   Thumb Code     0  startup_skeaz1284.o(.text)
    SPI0_IRQHandler                          0x0000017d   Thumb Code     0  startup_skeaz1284.o(.text)
    SPI1_IRQHandler                          0x0000017d   Thumb Code     0  startup_skeaz1284.o(.text)
    UART0_IRQHandler                         0x0000017d   Thumb Code     0  startup_skeaz1284.o(.text)
    UART1_IRQHandler                         0x0000017d   Thumb Code     0  startup_skeaz1284.o(.text)
    UART2_IRQHandler                         0x0000017d   Thumb Code     0  startup_skeaz1284.o(.text)
    WDOG_IRQHandler                          0x0000017d   Thumb Code     0  startup_skeaz1284.o(.text)
    __user_initial_stackheap                 0x00000181   Thumb Code     0  startup_skeaz1284.o(.text)
    strcpy                                   0x000001a5   Thumb Code    70  strcpy.o(.text)
    __aeabi_uidiv                            0x000001f1   Thumb Code     0  aeabi_sdiv.o(.text)
    __aeabi_uidivmod                         0x000001f1   Thumb Code    20  aeabi_sdiv.o(.text)
    __aeabi_idiv                             0x00000205   Thumb Code     0  aeabi_sdiv.o(.text)
    __aeabi_idivmod                          0x00000205   Thumb Code   326  aeabi_sdiv.o(.text)
    __use_two_region_memory                  0x0000034b   Thumb Code     2  heapauxi.o(.text)
    __rt_heap_escrow$2region                 0x0000034d   Thumb Code     2  heapauxi.o(.text)
    __rt_heap_expand$2region                 0x0000034f   Thumb Code     2  heapauxi.o(.text)
    __aeabi_d2f                              0x00000351   Thumb Code     0  d2f.o(.text)
    _d2f                                     0x00000351   Thumb Code   120  d2f.o(.text)
    __aeabi_f2uiz                            0x000003cd   Thumb Code     0  ffixui.o(.text)
    _ffixu                                   0x000003cd   Thumb Code    48  ffixui.o(.text)
    __I$use$semihosting                      0x000003fd   Thumb Code     0  use_no_semi.o(.text)
    __use_no_semihosting_swi                 0x000003fd   Thumb Code     2  use_no_semi.o(.text)
    __I$use$fp                               0x000003fe   Number         0  usenofp.o(x$fpl$usenofp)
    __semihosting_library_function           0x000003ff   Thumb Code     0  indicate_semi.o(.text)
    __aeabi_dadd                             0x00000709   Thumb Code     0  daddsub.o(.text)
    _dadd                                    0x00000709   Thumb Code    26  daddsub.o(.text)
    __aeabi_dsub                             0x00000723   Thumb Code     0  daddsub.o(.text)
    _dsub                                    0x00000723   Thumb Code    22  daddsub.o(.text)
    __aeabi_drsub                            0x00000739   Thumb Code     0  daddsub.o(.text)
    _drsb                                    0x00000739   Thumb Code    28  daddsub.o(.text)
    __aeabi_ddiv                             0x00000769   Thumb Code     0  ddiv.o(.text)
    _ddiv                                    0x00000769   Thumb Code  1072  ddiv.o(.text)
    _drdiv                                   0x00000b99   Thumb Code    20  ddiv.o(.text)
    __aeabi_d2iz                             0x00000bb1   Thumb Code     0  dfixi.o(.text)
    _dfix                                    0x00000bb1   Thumb Code    98  dfixi.o(.text)
    __aeabi_i2d_normalise                    0x00000c1d   Thumb Code    66  dflti.o(.text)
    __aeabi_i2d                              0x00000c5f   Thumb Code    16  dflti.o(.text)
    _dflt                                    0x00000c5f   Thumb Code     0  dflti.o(.text)
    __aeabi_ui2d                             0x00000c6f   Thumb Code     6  dflti.o(.text)
    _dfltu                                   0x00000c6f   Thumb Code     0  dflti.o(.text)
    __aeabi_dmul                             0x00000c75   Thumb Code     0  dmul.o(.text)
    _dmul                                    0x00000c75   Thumb Code   558  dmul.o(.text)
    __aeabi_f2d                              0x00000ebd   Thumb Code     0  f2d.o(.text)
    _f2d                                     0x00000ebd   Thumb Code    80  f2d.o(.text)
    __aeabi_fdiv                             0x00000f11   Thumb Code     0  fdiv.o(.text)
    _fdiv                                    0x00000f11   Thumb Code   334  fdiv.o(.text)
    _frdiv                                   0x0000105f   Thumb Code     8  fdiv.o(.text)
    __aeabi_f2iz                             0x00001071   Thumb Code     0  ffixi.o(.text)
    _ffix                                    0x00001071   Thumb Code    76  ffixi.o(.text)
    __aeabi_i2f_normalise                    0x000010bd   Thumb Code    72  fflti.o(.text)
    __aeabi_i2f                              0x00001105   Thumb Code    16  fflti.o(.text)
    _fflt                                    0x00001105   Thumb Code     0  fflti.o(.text)
    __aeabi_ui2f                             0x00001115   Thumb Code     6  fflti.o(.text)
    _ffltu                                   0x00001115   Thumb Code     0  fflti.o(.text)
    __fpl_dcmp_InfNaN                        0x0000111d   Thumb Code   140  dcmpin.o(.text)
    __fpl_fcmp_InfNaN                        0x000011ad   Thumb Code    96  fcmpin.o(.text)
    __fpl_cmpreturn                          0x00001211   Thumb Code    46  cmpret.o(.text)
    __fpl_dcheck_NaN2                        0x00001241   Thumb Code    14  dnan2.o(.text)
    __ARM_scalbn                             0x00001255   Thumb Code    84  dscalbn.o(.text)
    __fpl_fcheck_NaN2                        0x000012b5   Thumb Code    10  fnan2.o(.text)
    __user_libspace                          0x000012c5   Thumb Code     8  libspace.o(.text)
    __user_perproc_libspace                  0x000012c5   Thumb Code     0  libspace.o(.text)
    __user_perthread_libspace                0x000012c5   Thumb Code     0  libspace.o(.text)
    __user_setup_stackheap                   0x000012cd   Thumb Code    62  sys_stackheap_outer.o(.text)
    exit                                     0x0000130b   Thumb Code    16  exit.o(.text)
    __fpl_return_NaN                         0x0000131b   Thumb Code    94  retnan.o(.text)
    _sys_exit                                0x00001379   Thumb Code     8  sys_exit.o(.text)
    EncoderClrFlag                           0x00001385   Thumb Code    44  encoder.o(i.EncoderClrFlag)
    EncoderRead                              0x000013b9   Thumb Code    36  encoder.o(i.EncoderRead)
    FTM0_IRQHandler                          0x000013e5   Thumb Code   188  balance_isr.o(i.FTM0_IRQHandler)
    FTM1_IRQHandler                          0x000014c5   Thumb Code   188  balance_isr.o(i.FTM1_IRQHandler)
    FTMEnInterrupt                           0x000015a5   Thumb Code    22  incap.o(i.FTMEnInterrupt)
    FTM_PWM_init                             0x000015c1   Thumb Code   478  pwm.o(i.FTM_PWM_init)
    FTM_PWM_set_duty                         0x000017c1   Thumb Code    80  pwm.o(i.FTM_PWM_set_duty)
    GYROInit                                 0x0000181d   Thumb Code    70  gyro.o(i.GYROInit)
    GYRORead                                 0x0000186d   Thumb Code   118  gyro.o(i.GYRORead)
    GYROReadn                                0x000018e9   Thumb Code    40  gyro.o(i.GYROReadn)
    INCaptureInit                            0x00001911   Thumb Code   272  incap.o(i.INCaptureInit)
    KALMANFilter                             0x00001a2d   Thumb Code   154  balancecontrol.o(i.KALMANFilter)
    KBI0_IRQHandler                          0x00001add   Thumb Code  1450  balance_isr.o(i.KBI0_IRQHandler)
    KBIClear                                 0x00002095   Thumb Code    68  kbi.o(i.KBIClear)
    KBIInit                                  0x000020e1   Thumb Code   464  kbi.o(i.KBIInit)
    OLEDDisplay                              0x00002371   Thumb Code   390  display.o(i.OLEDDisplay)
    OLED_Clear                               0x00002515   Thumb Code    64  oled.o(i.OLED_Clear)
    OLED_Init                                0x00002555   Thumb Code   346  oled.o(i.OLED_Init)
    OLED_Set_Pos                             0x000026b5   Thumb Code    52  oled.o(i.OLED_Set_Pos)
    OLED_ShowChar                            0x000026e9   Thumb Code    72  oled.o(i.OLED_ShowChar)
    OLED_ShowNum                             0x00002735   Thumb Code   136  oled.o(i.OLED_ShowNum)
    OLED_ShowString                          0x000027bd   Thumb Code    50  oled.o(i.OLED_ShowString)
    OLED_WR_Byte                             0x000027f1   Thumb Code   122  oled.o(i.OLED_WR_Byte)
    PIDInit                                  0x00002871   Thumb Code    26  pid.o(i.PIDInit)
    PIDLimit                                 0x0000288b   Thumb Code    24  balance.o(i.PIDLimit)
    PIDcalc                                  0x000028a3   Thumb Code   130  pid.o(i.PIDcalc)
    PIT_CH0_IRQHandler                       0x00002925   Thumb Code   250  balance_isr.o(i.PIT_CH0_IRQHandler)
    SystemInit                               0x00002a2d   Thumb Code    80  system_skeaz1284.o(i.SystemInit)
    __ARM_fpclassify                         0x00002a8d   Thumb Code    40  fpclassify.o(i.__ARM_fpclassify)
    __kernel_poly                            0x00002ab9   Thumb Code   172  poly.o(i.__kernel_poly)
    __mathlib_dbl_infnan                     0x00002b65   Thumb Code    10  dunder.o(i.__mathlib_dbl_infnan)
    __mathlib_dbl_infnan2                    0x00002b6f   Thumb Code     8  dunder.o(i.__mathlib_dbl_infnan2)
    __mathlib_dbl_underflow                  0x00002b79   Thumb Code    14  dunder.o(i.__mathlib_dbl_underflow)
    acceInit                                 0x00002b8d   Thumb Code   142  accelerometer.o(i.acceInit)
    acceReadL                                0x00002c25   Thumb Code   118  accelerometer.o(i.acceReadL)
    acceSolveData                            0x00002c9b   Thumb Code   108  accelerometer.o(i.acceSolveData)
    acceWriteByte                            0x00002d07   Thumb Code    76  accelerometer.o(i.acceWriteByte)
    acce_readbyte                            0x00002d53   Thumb Code    90  accelerometer.o(i.acce_readbyte)
    atan                                     0x00002dad   Thumb Code   472  atan.o(i.atan)
    atan2                                    0x00002fc9   Thumb Code   334  atan2.o(i.atan2)
    calcDuty                                 0x00003141   Thumb Code    90  motor.o(i.calcDuty)
    dataDecrement                            0x000031b1   Thumb Code    14  display.o(i.dataDecrement)
    dataIncrement                            0x000031c5   Thumb Code    14  display.o(i.dataIncrement)
    delay_Init                               0x000031d9   Thumb Code    60  delay.o(i.delay_Init)
    delay_ms                                 0x00003219   Thumb Code   132  delay.o(i.delay_ms)
    delay_us                                 0x000032a9   Thumb Code   150  delay.o(i.delay_us)
    dis_num                                  0x0000334d   Thumb Code   198  oled.o(i.dis_num)
    getAngleTarget                           0x00003415   Thumb Code    10  balance.o(i.getAngleTarget)
    getGyroMid                               0x00003429   Thumb Code    18  gyro.o(i.getGyroMid)
    globalDisplayInit                        0x0000343d   Thumb Code   938  balance.o(i.globalDisplayInit)
    globalKBIInit                            0x000038fd   Thumb Code    64  balance.o(i.globalKBIInit)
    globalKalmanLoop                         0x0000393d   Thumb Code   466  balance.o(i.globalKalmanLoop)
    gpio_get                                 0x00003b59   Thumb Code   118  gpio.o(i.gpio_get)
    gpio_init                                0x00003bd9   Thumb Code   180  gpio.o(i.gpio_init)
    gpio_pull                                0x00003c9d   Thumb Code   218  gpio.o(i.gpio_pull)
    gpio_set                                 0x00003d81   Thumb Code   142  gpio.o(i.gpio_set)
    gpio_setIn                               0x00003e19   Thumb Code   134  gpio.o(i.gpio_setIn)
    gpio_setOut                              0x00003ea9   Thumb Code   134  gpio.o(i.gpio_setOut)
    i2c_Ack                                  0x00003f39   Thumb Code    74  i2c.o(i.i2c_Ack)
    i2c_InitConfig                           0x00003f83   Thumb Code    54  i2c.o(i.i2c_InitConfig)
    i2c_NAck                                 0x00003fb9   Thumb Code    74  i2c.o(i.i2c_NAck)
    i2c_Read_Byte                            0x00004003   Thumb Code   102  i2c.o(i.i2c_Read_Byte)
    i2c_Send_Byte                            0x00004069   Thumb Code   102  i2c.o(i.i2c_Send_Byte)
    i2c_Start                                0x000040cf   Thumb Code    64  i2c.o(i.i2c_Start)
    i2c_Stop                                 0x0000410f   Thumb Code    64  i2c.o(i.i2c_Stop)
    i2c_Wait_Ack                             0x0000414f   Thumb Code    88  i2c.o(i.i2c_Wait_Ack)
    initEncoder                              0x000041a9   Thumb Code    98  encoder.o(i.initEncoder)
    initMotor                                0x00004215   Thumb Code    74  motor.o(i.initMotor)
    isEncoderFlagSet                         0x00004261   Thumb Code    40  encoder.o(i.isEncoderFlagSet)
    isKBIFlagSet                             0x00004291   Thumb Code    38  kbi.o(i.isKBIFlagSet)
    lineSwitch                               0x000042c1   Thumb Code    36  display.o(i.lineSwitch)
    main                                     0x000042ed   Thumb Code   718  balance.o(i.main)
    oled_pow                                 0x00004615   Thumb Code    26  oled.o(i.oled_pow)
    pageSwitch                               0x00004631   Thumb Code    30  display.o(i.pageSwitch)
    pitInit_us                               0x00004659   Thumb Code   144  pit.o(i.pitInit_us)
    pit_IRQClearFlag                         0x000046f9   Thumb Code    22  pit.o(i.pit_IRQClearFlag)
    pit_IRQSwitch                            0x00004715   Thumb Code    68  pit.o(i.pit_IRQSwitch)
    pit_Switch                               0x00004759   Thumb Code    50  pit.o(i.pit_Switch)
    setForwDuty                              0x00004791   Thumb Code    82  motor.o(i.setForwDuty)
    setReveDuty                              0x000047e3   Thumb Code    82  motor.o(i.setReveDuty)
    speedLeagalize                           0x00004835   Thumb Code    36  motor.o(i.speedLeagalize)
    __aeabi_cdcmple                          0x0000485d   Thumb Code     0  dlef.o(x$fpl$dleqf)
    _dcmple                                  0x0000485d   Thumb Code    94  dlef.o(x$fpl$dleqf)
    __aeabi_cdrcmple                         0x000048c1   Thumb Code     0  drlef.o(x$fpl$drleqf)
    _drcmple                                 0x000048c1   Thumb Code   100  drlef.o(x$fpl$drleqf)
    __aeabi_fadd                             0x00004929   Thumb Code     0  faddsub.o(x$fpl$fadd)
    _fadd                                    0x00004929   Thumb Code   134  faddsub.o(x$fpl$fadd)
    __aeabi_cfcmple                          0x000049b5   Thumb Code     0  flef.o(x$fpl$fleqf)
    _fcmple                                  0x000049b5   Thumb Code    78  flef.o(x$fpl$fleqf)
    __aeabi_fmul                             0x00004a09   Thumb Code     0  fmul.o(x$fpl$fmul)
    _fmul                                    0x00004a09   Thumb Code   172  fmul.o(x$fpl$fmul)
    __aeabi_cfrcmple                         0x00004ab9   Thumb Code     0  frlef.o(x$fpl$frleqf)
    _frcmple                                 0x00004ab9   Thumb Code    84  frlef.o(x$fpl$frleqf)
    __aeabi_fsub                             0x00004b11   Thumb Code     0  faddsub.o(x$fpl$fsub)
    _fsub                                    0x00004b11   Thumb Code   204  faddsub.o(x$fpl$fsub)
    FTM_ARR                                  0x00004be0   Data          12  pwm.o(.constdata)
    F6x8                                     0x00004bec   Data         552  oled.o(.constdata)
    F8X16                                    0x00004e14   Data        1520  oled.o(.constdata)
    __mathlib_zero                           0x00005560   Data           8  qnan.o(.constdata)
    Region$$Table$$Base                      0x00005568   Number         0  anon$$obj.o(Region$$Table)
    Region$$Table$$Limit                     0x00005588   Number         0  anon$$obj.o(Region$$Table)
    SystemCoreClock                          0x1ffff000   Data           4  system_skeaz1284.o(.data)
    bit                                      0x1ffff004   Data           4  gpio.o(.data)
    FTM_ARR2                                 0x1ffff00c   Data          12  incap.o(.data)
    focusLine                                0x1ffff018   Data           1  display.o(.data)
    currPage                                 0x1ffff019   Data           1  display.o(.data)
    flag                                     0x1ffff01a   Data           1  display.o(.data)
    dispLines                                0x1ffff01b   Data           8  display.o(.data)
    spaces                                   0x1ffff023   Data          18  display.o(.data)
    delay_tmp                                0x1ffff038   Data           4  delay.o(.data)
    MMA_Mode_Val                             0x1ffff03c   Data           1  accelerometer.o(.data)
    MMA_Sensi_Val                            0x1ffff03d   Data           1  accelerometer.o(.data)
    peripheralRun                            0x1ffff04c   Data           1  balance.o(.data)
    runningMode                              0x1ffff04d   Data           1  balance.o(.data)
    rawAcce                                  0x1ffff04e   Data           8  balance.o(.data)
    acceValue                                0x1ffff056   Data           6  balance.o(.data)
    angVelocity                              0x1ffff05c   Data           2  balance.o(.data)
    gyroMean                                 0x1ffff05e   Data           2  balance.o(.data)
    gyroMid                                  0x1ffff060   Data           2  balance.o(.data)
    acceAngle                                0x1ffff062   Data           2  balance.o(.data)
    gyroAngle                                0x1ffff064   Data           2  balance.o(.data)
    KalmanAngle                              0x1ffff068   Data           4  balance.o(.data)
    sSpeed                                   0x1ffff06c   Data           4  balance.o(.data)
    sendSpeed                                0x1ffff070   Data           8  balance.o(.data)
    setGoalRPM                               0x1ffff078   Data           8  balance.o(.data)
    globalCount                              0x1ffff080   Data           2  balance.o(.data)
    angleTarget                              0x1ffff084   Data           4  balance.o(.data)
    delta                                    0x1ffff088   Data           2  balance.o(.data)
    GM                                       0x1ffff08a   Data           2  balance.o(.data)
    KA                                       0x1ffff08c   Data           2  balance.o(.data)
    PID_pos_p                                0x1ffff08e   Data           2  balance.o(.data)
    PID_pos_i                                0x1ffff090   Data           2  balance.o(.data)
    PID_pos_d                                0x1ffff092   Data           2  balance.o(.data)
    PID_spd_p                                0x1ffff094   Data           2  balance.o(.data)
    PID_spd_i                                0x1ffff096   Data           2  balance.o(.data)
    PID_spd_d                                0x1ffff098   Data           2  balance.o(.data)
    speedIndex                               0x1ffff09a   Data           2  balance.o(.data)
    deltaExp                                 0x1ffff09c   Data           2  balance.o(.data)
    maxLIM                                   0x1ffff09e   Data           2  balance.o(.data)
    spdLimit                                 0x1ffff0a0   Data           2  balance.o(.data)
    ADCVal_01                                0x1ffff0a2   Data           2  balance.o(.data)
    ADCVal_03                                0x1ffff0a4   Data           2  balance.o(.data)
    frequency                                0x1ffff0a8   Data           4  balance_isr.o(.data)
    countLoop                                0x1ffff0ac   Data           4  balance_isr.o(.data)
    speedRPM                                 0x1ffff0b0   Data           8  balance_isr.o(.data)
    avg                                      0x1ffff0b8   Data           4  balance_isr.o(.data)
    gyroValue                                0x1ffff0d4   Data          10  balance.o(.bss)
    xAxis                                    0x1ffff0de   Data          10  balance.o(.bss)
    zAxis                                    0x1ffff0e8   Data          10  balance.o(.bss)
    items                                    0x1ffff0f4   Data         384  balance.o(.bss)
    PID_Speed                                0x1ffff274   Data          72  balance.o(.bss)
    PID_Posi                                 0x1ffff2bc   Data          72  balance.o(.bss)
    __libspace_start                         0x1ffff32c   Data          96  libspace.o(.bss)
    __temporary_stack_top$libspace           0x1ffff38c   Data           0  libspace.o(.bss)



==============================================================================

Memory Map of the image

  Image Entry point : 0x000000c1

  Load Region LR_IROM1 (Base: 0x00000000, Size: 0x0000565c, Max: 0x00020000, ABSOLUTE)

    Execution Region ER_IROM1 (Exec base: 0x00000000, Load base: 0x00000000, Size: 0x00005588, Max: 0x00020000, ABSOLUTE)

    Exec Addr    Load Addr    Size         Type   Attr      Idx    E Section Name        Object

    0x00000000   0x00000000   0x000000c0   Data   RO            3    RESET               startup_skeaz1284.o
    0x000000c0   0x000000c0   0x00000008   Code   RO         1062  * !!!main             c_p.l(__main.o)
    0x000000c8   0x000000c8   0x0000003c   Code   RO         1330    !!!scatter          c_p.l(__scatter.o)
    0x00000104   0x00000104   0x0000001a   Code   RO         1332    !!handler_copy      c_p.l(__scatter_copy.o)
    0x0000011e   0x0000011e   0x00000002   PAD
    0x00000120   0x00000120   0x0000001c   Code   RO         1334    !!handler_zi        c_p.l(__scatter_zi.o)
    0x0000013c   0x0000013c   0x00000002   Code   RO         1200    .ARM.Collect$$libinit$$00000000  c_p.l(libinit.o)
    0x0000013e   0x0000013e   0x00000000   Code   RO         1213    .ARM.Collect$$libinit$$00000002  c_p.l(libinit2.o)
    0x0000013e   0x0000013e   0x00000000   Code   RO         1215    .ARM.Collect$$libinit$$00000004  c_p.l(libinit2.o)
    0x0000013e   0x0000013e   0x00000000   Code   RO         1218    .ARM.Collect$$libinit$$0000000A  c_p.l(libinit2.o)
    0x0000013e   0x0000013e   0x00000000   Code   RO         1220    .ARM.Collect$$libinit$$0000000C  c_p.l(libinit2.o)
    0x0000013e   0x0000013e   0x00000000   Code   RO         1222    .ARM.Collect$$libinit$$0000000E  c_p.l(libinit2.o)
    0x0000013e   0x0000013e   0x00000000   Code   RO         1225    .ARM.Collect$$libinit$$00000011  c_p.l(libinit2.o)
    0x0000013e   0x0000013e   0x00000000   Code   RO         1227    .ARM.Collect$$libinit$$00000013  c_p.l(libinit2.o)
    0x0000013e   0x0000013e   0x00000000   Code   RO         1229    .ARM.Collect$$libinit$$00000015  c_p.l(libinit2.o)
    0x0000013e   0x0000013e   0x00000000   Code   RO         1231    .ARM.Collect$$libinit$$00000017  c_p.l(libinit2.o)
    0x0000013e   0x0000013e   0x00000000   Code   RO         1233    .ARM.Collect$$libinit$$00000019  c_p.l(libinit2.o)
    0x0000013e   0x0000013e   0x00000000   Code   RO         1235    .ARM.Collect$$libinit$$0000001B  c_p.l(libinit2.o)
    0x0000013e   0x0000013e   0x00000000   Code   RO         1237    .ARM.Collect$$libinit$$0000001D  c_p.l(libinit2.o)
    0x0000013e   0x0000013e   0x00000000   Code   RO         1239    .ARM.Collect$$libinit$$0000001F  c_p.l(libinit2.o)
    0x0000013e   0x0000013e   0x00000000   Code   RO         1241    .ARM.Collect$$libinit$$00000021  c_p.l(libinit2.o)
    0x0000013e   0x0000013e   0x00000000   Code   RO         1243    .ARM.Collect$$libinit$$00000023  c_p.l(libinit2.o)
    0x0000013e   0x0000013e   0x00000000   Code   RO         1245    .ARM.Collect$$libinit$$00000025  c_p.l(libinit2.o)
    0x0000013e   0x0000013e   0x00000000   Code   RO         1249    .ARM.Collect$$libinit$$0000002C  c_p.l(libinit2.o)
    0x0000013e   0x0000013e   0x00000000   Code   RO         1251    .ARM.Collect$$libinit$$0000002E  c_p.l(libinit2.o)
    0x0000013e   0x0000013e   0x00000000   Code   RO         1253    .ARM.Collect$$libinit$$00000030  c_p.l(libinit2.o)
    0x0000013e   0x0000013e   0x00000000   Code   RO         1255    .ARM.Collect$$libinit$$00000032  c_p.l(libinit2.o)
    0x0000013e   0x0000013e   0x00000002   Code   RO         1256    .ARM.Collect$$libinit$$00000033  c_p.l(libinit2.o)
    0x00000140   0x00000140   0x00000002   Code   RO         1287    .ARM.Collect$$libshutdown$$00000000  c_p.l(libshutdown.o)
    0x00000142   0x00000142   0x00000000   Code   RO         1313    .ARM.Collect$$libshutdown$$00000002  c_p.l(libshutdown2.o)
    0x00000142   0x00000142   0x00000000   Code   RO         1315    .ARM.Collect$$libshutdown$$00000004  c_p.l(libshutdown2.o)
    0x00000142   0x00000142   0x00000000   Code   RO         1318    .ARM.Collect$$libshutdown$$00000007  c_p.l(libshutdown2.o)
    0x00000142   0x00000142   0x00000000   Code   RO         1321    .ARM.Collect$$libshutdown$$0000000A  c_p.l(libshutdown2.o)
    0x00000142   0x00000142   0x00000000   Code   RO         1323    .ARM.Collect$$libshutdown$$0000000C  c_p.l(libshutdown2.o)
    0x00000142   0x00000142   0x00000000   Code   RO         1326    .ARM.Collect$$libshutdown$$0000000F  c_p.l(libshutdown2.o)
    0x00000142   0x00000142   0x00000002   Code   RO         1327    .ARM.Collect$$libshutdown$$00000010  c_p.l(libshutdown2.o)
    0x00000144   0x00000144   0x00000000   Code   RO         1112    .ARM.Collect$$rtentry$$00000000  c_p.l(__rtentry.o)
    0x00000144   0x00000144   0x00000000   Code   RO         1150    .ARM.Collect$$rtentry$$00000002  c_p.l(__rtentry2.o)
    0x00000144   0x00000144   0x00000006   Code   RO         1162    .ARM.Collect$$rtentry$$00000004  c_p.l(__rtentry4.o)
    0x0000014a   0x0000014a   0x00000000   Code   RO         1152    .ARM.Collect$$rtentry$$00000009  c_p.l(__rtentry2.o)
    0x0000014a   0x0000014a   0x00000004   Code   RO         1153    .ARM.Collect$$rtentry$$0000000A  c_p.l(__rtentry2.o)
    0x0000014e   0x0000014e   0x00000000   Code   RO         1155    .ARM.Collect$$rtentry$$0000000C  c_p.l(__rtentry2.o)
    0x0000014e   0x0000014e   0x00000008   Code   RO         1156    .ARM.Collect$$rtentry$$0000000D  c_p.l(__rtentry2.o)
    0x00000156   0x00000156   0x00000002   Code   RO         1204    .ARM.Collect$$rtexit$$00000000  c_p.l(rtexit.o)
    0x00000158   0x00000158   0x00000000   Code   RO         1260    .ARM.Collect$$rtexit$$00000002  c_p.l(rtexit2.o)
    0x00000158   0x00000158   0x00000004   Code   RO         1261    .ARM.Collect$$rtexit$$00000003  c_p.l(rtexit2.o)
    0x0000015c   0x0000015c   0x00000006   Code   RO         1262    .ARM.Collect$$rtexit$$00000004  c_p.l(rtexit2.o)
    0x00000162   0x00000162   0x00000002   PAD
    0x00000164   0x00000164   0x00000040   Code   RO            5    .text               startup_skeaz1284.o
    0x000001a4   0x000001a4   0x0000004c   Code   RO         1054    .text               c_p.l(strcpy.o)
    0x000001f0   0x000001f0   0x0000015a   Code   RO         1056    .text               c_p.l(aeabi_sdiv.o)
    0x0000034a   0x0000034a   0x00000006   Code   RO         1060    .text               c_p.l(heapauxi.o)
    0x00000350   0x00000350   0x0000007c   Code   RO         1064    .text               fz_ps.l(d2f.o)
    0x000003cc   0x000003cc   0x00000030   Code   RO         1094    .text               fz_ps.l(ffixui.o)
    0x000003fc   0x000003fc   0x00000002   Code   RO         1276    .text               c_p.l(use_no_semi.o)
    0x000003fe   0x000003fe   0x00000000   Code   RO         1278    .text               c_p.l(indicate_semi.o)
    0x000003fe   0x000003fe   0x00000000   Code   RO         1123    x$fpl$usenofp       fz_ps.l(usenofp.o)
    0x000003fe   0x000003fe   0x00000002   PAD
    0x00000400   0x00000400   0x00000010   Code   RO            4    .ARM.__at_0x400     startup_skeaz1284.o
    0x00000410   0x00000410   0x00000358   Code   RO         1066    .text               fz_ps.l(daddsub.o)
    0x00000768   0x00000768   0x00000448   Code   RO         1068    .text               fz_ps.l(ddiv.o)
    0x00000bb0   0x00000bb0   0x0000006c   Code   RO         1071    .text               fz_ps.l(dfixi.o)
    0x00000c1c   0x00000c1c   0x00000058   Code   RO         1073    .text               fz_ps.l(dflti.o)
    0x00000c74   0x00000c74   0x00000248   Code   RO         1077    .text               fz_ps.l(dmul.o)
    0x00000ebc   0x00000ebc   0x00000054   Code   RO         1081    .text               fz_ps.l(f2d.o)
    0x00000f10   0x00000f10   0x00000160   Code   RO         1089    .text               fz_ps.l(fdiv.o)
    0x00001070   0x00001070   0x0000004c   Code   RO         1092    .text               fz_ps.l(ffixi.o)
    0x000010bc   0x000010bc   0x0000005e   Code   RO         1096    .text               fz_ps.l(fflti.o)
    0x0000111a   0x0000111a   0x00000002   PAD
    0x0000111c   0x0000111c   0x00000090   Code   RO         1119    .text               fz_ps.l(dcmpin.o)
    0x000011ac   0x000011ac   0x00000064   Code   RO         1121    .text               fz_ps.l(fcmpin.o)
    0x00001210   0x00001210   0x0000002e   Code   RO         1171    .text               fz_ps.l(cmpret.o)
    0x0000123e   0x0000123e   0x00000002   PAD
    0x00001240   0x00001240   0x00000014   Code   RO         1173    .text               fz_ps.l(dnan2.o)
    0x00001254   0x00001254   0x00000060   Code   RO         1175    .text               fz_ps.l(dscalbn.o)
    0x000012b4   0x000012b4   0x00000010   Code   RO         1177    .text               fz_ps.l(fnan2.o)
    0x000012c4   0x000012c4   0x00000008   Code   RO         1183    .text               c_p.l(libspace.o)
    0x000012cc   0x000012cc   0x0000003e   Code   RO         1186    .text               c_p.l(sys_stackheap_outer.o)
    0x0000130a   0x0000130a   0x00000010   Code   RO         1189    .text               c_p.l(exit.o)
    0x0000131a   0x0000131a   0x0000005e   Code   RO         1201    .text               fz_ps.l(retnan.o)
    0x00001378   0x00001378   0x0000000c   Code   RO         1257    .text               c_p.l(sys_exit.o)
    0x00001384   0x00001384   0x00000034   Code   RO          833    i.EncoderClrFlag    encoder.o
    0x000013b8   0x000013b8   0x0000002c   Code   RO          834    i.EncoderRead       encoder.o
    0x000013e4   0x000013e4   0x000000e0   Code   RO         1008    i.FTM0_IRQHandler   balance_isr.o
    0x000014c4   0x000014c4   0x000000e0   Code   RO         1009    i.FTM1_IRQHandler   balance_isr.o
    0x000015a4   0x000015a4   0x0000001c   Code   RO          388    i.FTMEnInterrupt    incap.o
    0x000015c0   0x000015c0   0x00000200   Code   RO          355    i.FTM_PWM_init      pwm.o
    0x000017c0   0x000017c0   0x0000005c   Code   RO          356    i.FTM_PWM_set_duty  pwm.o
    0x0000181c   0x0000181c   0x00000050   Code   RO          728    i.GYROInit          gyro.o
    0x0000186c   0x0000186c   0x0000007c   Code   RO          729    i.GYRORead          gyro.o
    0x000018e8   0x000018e8   0x00000028   Code   RO          730    i.GYROReadn         gyro.o
    0x00001910   0x00001910   0x0000011c   Code   RO          390    i.INCaptureInit     incap.o
    0x00001a2c   0x00001a2c   0x000000b0   Code   RO          802    i.KALMANFilter      balancecontrol.o
    0x00001adc   0x00001adc   0x000005b8   Code   RO         1010    i.KBI0_IRQHandler   balance_isr.o
    0x00002094   0x00002094   0x0000004c   Code   RO          137    i.KBIClear          kbi.o
    0x000020e0   0x000020e0   0x000001dc   Code   RO          138    i.KBIInit           kbi.o
    0x000022bc   0x000022bc   0x00000014   Code   RO          254    i.NVIC_DisableIRQ   pit.o
    0x000022d0   0x000022d0   0x00000014   Code   RO          139    i.NVIC_EnableIRQ    kbi.o
    0x000022e4   0x000022e4   0x00000014   Code   RO          255    i.NVIC_EnableIRQ    pit.o
    0x000022f8   0x000022f8   0x00000078   Code   RO          623    i.NVIC_SetPriority  delay.o
    0x00002370   0x00002370   0x000001a4   Code   RO          573    i.OLEDDisplay       display.o
    0x00002514   0x00002514   0x00000040   Code   RO          475    i.OLED_Clear        oled.o
    0x00002554   0x00002554   0x00000160   Code   RO          479    i.OLED_Init         oled.o
    0x000026b4   0x000026b4   0x00000034   Code   RO          480    i.OLED_Set_Pos      oled.o
    0x000026e8   0x000026e8   0x0000004c   Code   RO          481    i.OLED_ShowChar     oled.o
    0x00002734   0x00002734   0x00000088   Code   RO          482    i.OLED_ShowNum      oled.o
    0x000027bc   0x000027bc   0x00000032   Code   RO          483    i.OLED_ShowString   oled.o
    0x000027ee   0x000027ee   0x00000002   PAD
    0x000027f0   0x000027f0   0x00000080   Code   RO          484    i.OLED_WR_Byte      oled.o
    0x00002870   0x00002870   0x0000001a   Code   RO          769    i.PIDInit           pid.o
    0x0000288a   0x0000288a   0x00000018   Code   RO          941    i.PIDLimit          balance.o
    0x000028a2   0x000028a2   0x00000082   Code   RO          770    i.PIDcalc           pid.o
    0x00002924   0x00002924   0x00000108   Code   RO         1011    i.PIT_CH0_IRQHandler  balance_isr.o
    0x00002a2c   0x00002a2c   0x00000060   Code   RO           16    i.SystemInit        system_skeaz1284.o
    0x00002a8c   0x00002a8c   0x0000002c   Code   RO         1179    i.__ARM_fpclassify  m_ps.l(fpclassify.o)
    0x00002ab8   0x00002ab8   0x000000ac   Code   RO         1181    i.__kernel_poly     m_ps.l(poly.o)
    0x00002b64   0x00002b64   0x0000000a   Code   RO         1135    i.__mathlib_dbl_infnan  m_ps.l(dunder.o)
    0x00002b6e   0x00002b6e   0x00000008   Code   RO         1136    i.__mathlib_dbl_infnan2  m_ps.l(dunder.o)
    0x00002b76   0x00002b76   0x00000002   PAD
    0x00002b78   0x00002b78   0x00000014   Code   RO         1140    i.__mathlib_dbl_underflow  m_ps.l(dunder.o)
    0x00002b8c   0x00002b8c   0x00000098   Code   RO          666    i.acceInit          accelerometer.o
    0x00002c24   0x00002c24   0x00000076   Code   RO          668    i.acceReadL         accelerometer.o
    0x00002c9a   0x00002c9a   0x0000006c   Code   RO          669    i.acceSolveData     accelerometer.o
    0x00002d06   0x00002d06   0x0000004c   Code   RO          670    i.acceWriteByte     accelerometer.o
    0x00002d52   0x00002d52   0x0000005a   Code   RO          672    i.acce_readbyte     accelerometer.o
    0x00002dac   0x00002dac   0x0000021c   Code   RO         1125    i.atan              m_ps.l(atan.o)
    0x00002fc8   0x00002fc8   0x00000178   Code   RO         1105    i.atan2             m_ps.l(atan2.o)
    0x00003140   0x00003140   0x00000070   Code   RO          874    i.calcDuty          motor.o
    0x000031b0   0x000031b0   0x00000014   Code   RO          574    i.dataDecrement     display.o
    0x000031c4   0x000031c4   0x00000014   Code   RO          575    i.dataIncrement     display.o
    0x000031d8   0x000031d8   0x00000040   Code   RO          624    i.delay_Init        delay.o
    0x00003218   0x00003218   0x00000090   Code   RO          625    i.delay_ms          delay.o
    0x000032a8   0x000032a8   0x000000a4   Code   RO          626    i.delay_us          delay.o
    0x0000334c   0x0000334c   0x000000c6   Code   RO          486    i.dis_num           oled.o
    0x00003412   0x00003412   0x00000002   PAD
    0x00003414   0x00003414   0x00000014   Code   RO          942    i.getAngleTarget    balance.o
    0x00003428   0x00003428   0x00000012   Code   RO          731    i.getGyroMid        gyro.o
    0x0000343a   0x0000343a   0x00000002   PAD
    0x0000343c   0x0000343c   0x000004c0   Code   RO          943    i.globalDisplayInit  balance.o
    0x000038fc   0x000038fc   0x00000040   Code   RO          944    i.globalKBIInit     balance.o
    0x0000393c   0x0000393c   0x0000021c   Code   RO          945    i.globalKalmanLoop  balance.o
    0x00003b58   0x00003b58   0x00000080   Code   RO           63    i.gpio_get          gpio.o
    0x00003bd8   0x00003bd8   0x000000bc   Code   RO           64    i.gpio_init         gpio.o
    0x00003c94   0x00003c94   0x00000008   Code   RO           65    i.gpio_port_pin_num  gpio.o
    0x00003c9c   0x00003c9c   0x000000e4   Code   RO           66    i.gpio_pull         gpio.o
    0x00003d80   0x00003d80   0x00000098   Code   RO           68    i.gpio_set          gpio.o
    0x00003e18   0x00003e18   0x00000090   Code   RO           69    i.gpio_setIn        gpio.o
    0x00003ea8   0x00003ea8   0x00000090   Code   RO           70    i.gpio_setOut       gpio.o
    0x00003f38   0x00003f38   0x0000004a   Code   RO          180    i.i2c_Ack           i2c.o
    0x00003f82   0x00003f82   0x00000036   Code   RO          181    i.i2c_InitConfig    i2c.o
    0x00003fb8   0x00003fb8   0x0000004a   Code   RO          182    i.i2c_NAck          i2c.o
    0x00004002   0x00004002   0x00000066   Code   RO          183    i.i2c_Read_Byte     i2c.o
    0x00004068   0x00004068   0x00000066   Code   RO          184    i.i2c_Send_Byte     i2c.o
    0x000040ce   0x000040ce   0x00000040   Code   RO          185    i.i2c_Start         i2c.o
    0x0000410e   0x0000410e   0x00000040   Code   RO          186    i.i2c_Stop          i2c.o
    0x0000414e   0x0000414e   0x00000058   Code   RO          187    i.i2c_Wait_Ack      i2c.o
    0x000041a6   0x000041a6   0x00000002   PAD
    0x000041a8   0x000041a8   0x0000006c   Code   RO          835    i.initEncoder       encoder.o
    0x00004214   0x00004214   0x0000004a   Code   RO          875    i.initMotor         motor.o
    0x0000425e   0x0000425e   0x00000002   PAD
    0x00004260   0x00004260   0x00000030   Code   RO          836    i.isEncoderFlagSet  encoder.o
    0x00004290   0x00004290   0x00000030   Code   RO          140    i.isKBIFlagSet      kbi.o
    0x000042c0   0x000042c0   0x0000002c   Code   RO          576    i.lineSwitch        display.o
    0x000042ec   0x000042ec   0x00000328   Code   RO          946    i.main              balance.o
    0x00004614   0x00004614   0x0000001a   Code   RO          487    i.oled_pow          oled.o
    0x0000462e   0x0000462e   0x00000002   PAD
    0x00004630   0x00004630   0x00000028   Code   RO          577    i.pageSwitch        display.o
    0x00004658   0x00004658   0x000000a0   Code   RO          257    i.pitInit_us        pit.o
    0x000046f8   0x000046f8   0x0000001c   Code   RO          258    i.pit_IRQClearFlag  pit.o
    0x00004714   0x00004714   0x00000044   Code   RO          260    i.pit_IRQSwitch     pit.o
    0x00004758   0x00004758   0x00000038   Code   RO          261    i.pit_Switch        pit.o
    0x00004790   0x00004790   0x00000052   Code   RO          876    i.setForwDuty       motor.o
    0x000047e2   0x000047e2   0x00000052   Code   RO          877    i.setReveDuty       motor.o
    0x00004834   0x00004834   0x00000028   Code   RO          878    i.speedLeagalize    motor.o
    0x0000485c   0x0000485c   0x00000064   Code   RO         1075    x$fpl$dleqf         fz_ps.l(dlef.o)
    0x000048c0   0x000048c0   0x00000068   Code   RO         1079    x$fpl$drleqf        fz_ps.l(drlef.o)
    0x00004928   0x00004928   0x0000008c   Code   RO         1083    x$fpl$fadd          fz_ps.l(faddsub.o)
    0x000049b4   0x000049b4   0x00000054   Code   RO         1098    x$fpl$fleqf         fz_ps.l(flef.o)
    0x00004a08   0x00004a08   0x000000b0   Code   RO         1100    x$fpl$fmul          fz_ps.l(fmul.o)
    0x00004ab8   0x00004ab8   0x00000058   Code   RO         1102    x$fpl$frleqf        fz_ps.l(frlef.o)
    0x00004b10   0x00004b10   0x000000d0   Code   RO         1085    x$fpl$fsub          fz_ps.l(faddsub.o)
    0x00004be0   0x00004be0   0x0000000c   Data   RO          357    .constdata          pwm.o
    0x00004bec   0x00004bec   0x00000818   Data   RO          488    .constdata          oled.o
    0x00005404   0x00005404   0x00000080   Data   RO         1069    .constdata          fz_ps.l(ddiv.o)
    0x00005484   0x00005484   0x00000040   Data   RO         1090    .constdata          fz_ps.l(fdiv.o)
    0x000054c4   0x000054c4   0x00000004   PAD
    0x000054c8   0x000054c8   0x00000098   Data   RO         1126    .constdata          m_ps.l(atan.o)
    0x00005560   0x00005560   0x00000008   Data   RO         1148    .constdata          m_ps.l(qnan.o)
    0x00005568   0x00005568   0x00000020   Data   RO         1328    Region$$Table       anon$$obj.o


    Execution Region RW_IRAM1 (Exec base: 0x1ffff000, Load base: 0x00005588, Size: 0x00000590, Max: 0x00004000, ABSOLUTE)

    Exec Addr    Load Addr    Size         Type   Attr      Idx    E Section Name        Object

    0x1ffff000   0x00005588   0x00000004   Data   RW           17    .data               system_skeaz1284.o
    0x1ffff004   0x0000558c   0x00000004   Data   RW           71    .data               gpio.o
    0x1ffff008   0x00005590   0x00000002   Data   RW          358    .data               pwm.o
    0x1ffff00a   0x00005592   0x00000002   PAD
    0x1ffff00c   0x00005594   0x0000000c   Data   RW          391    .data               incap.o
    0x1ffff018   0x000055a0   0x0000001f   Data   RW          578    .data               display.o
    0x1ffff037   0x000055bf   0x00000001   PAD
    0x1ffff038   0x000055c0   0x00000004   Data   RW          627    .data               delay.o
    0x1ffff03c   0x000055c4   0x00000002   Data   RW          673    .data               accelerometer.o
    0x1ffff03e   0x000055c6   0x00000002   PAD
    0x1ffff040   0x000055c8   0x00000006   Data   RW          803    .data               balancecontrol.o
    0x1ffff046   0x000055ce   0x00000002   PAD
    0x1ffff048   0x000055d0   0x00000004   Data   RW          879    .data               motor.o
    0x1ffff04c   0x000055d4   0x0000005c   Data   RW          948    .data               balance.o
    0x1ffff0a8   0x00005630   0x0000002c   Data   RW         1013    .data               balance_isr.o
    0x1ffff0d4        -       0x00000230   Zero   RW          947    .bss                balance.o
    0x1ffff304        -       0x00000028   Zero   RW         1012    .bss                balance_isr.o
    0x1ffff32c        -       0x00000060   Zero   RW         1184    .bss                c_p.l(libspace.o)
    0x1ffff38c   0x0000565c   0x00000004   PAD
    0x1ffff390        -       0x00000000   Zero   RW            2    HEAP                startup_skeaz1284.o
    0x1ffff390        -       0x00000200   Zero   RW            1    STACK               startup_skeaz1284.o


==============================================================================

Image component sizes


      Code (inc. data)   RO Data    RW Data    ZI Data      Debug   Object Name

       544         10          0          2          0      10468   accelerometer.o
      2672        452          0         92        560       5436   balance.o
      2176        172          0         44         40       3538   balance_isr.o
       176         22          0          6          0        739   balancecontrol.o
       492         40          0          4          0       7879   delay.o
       544         60          0         31          0       3619   display.o
       252         34          0          0          0       1988   encoder.o
       992         58          0          4          0       5747   gpio.o
       262         16          0          0          0       2111   gyro.o
       622          0          0          0          0       4196   i2c.o
       312         18          0         12          0       1572   incap.o
       620         36          0          0          0       8004   kbi.o
       390         26          0          4          0       2680   motor.o
      1082         16       2072          0          0       6198   oled.o
       156          0          0          0          0       1676   pid.o
       352         40          0          0          0       8917   pit.o
       604         46         12          2          0       1984   pwm.o
        80         44        192          0        512        900   startup_skeaz1284.o
        96         16          0          4          0     110615   system_skeaz1284.o

    ----------------------------------------------------------------------
     12436       1106       2308        212       1112     188267   Object Totals
         0          0         32          0          0          0   (incl. Generated)
        12          0          0          7          0          0   (incl. Padding)

    ----------------------------------------------------------------------

      Code (inc. data)   RO Data    RW Data    ZI Data      Debug   Library Member Name

         8          0          0          0          0         68   __main.o
         0          0          0          0          0          0   __rtentry.o
        12          0          0          0          0          0   __rtentry2.o
         6          0          0          0          0          0   __rtentry4.o
        60          8          0          0          0          0   __scatter.o
        26          0          0          0          0          0   __scatter_copy.o
        28          0          0          0          0          0   __scatter_zi.o
       346          0          0          0          0         92   aeabi_sdiv.o
        16          0          0          0          0         68   exit.o
         6          0          0          0          0        136   heapauxi.o
         0          0          0          0          0          0   indicate_semi.o
         2          0          0          0          0          0   libinit.o
         2          0          0          0          0          0   libinit2.o
         2          0          0          0          0          0   libshutdown.o
         2          0          0          0          0          0   libshutdown2.o
         8          4          0          0         96         68   libspace.o
         2          0          0          0          0          0   rtexit.o
        10          0          0          0          0          0   rtexit2.o
        76          6          0          0          0         72   strcpy.o
        12          4          0          0          0         60   sys_exit.o
        62          0          0          0          0         80   sys_stackheap_outer.o
         2          0          0          0          0         68   use_no_semi.o
        46          0          0          0          0         60   cmpret.o
       124          4          0          0          0         72   d2f.o
       856         20          0          0          0        208   daddsub.o
       144          4          0          0          0         76   dcmpin.o
      1096         26        128          0          0        112   ddiv.o
       108         10          0          0          0         72   dfixi.o
        88          0          0          0          0         92   dflti.o
       100          4          0          0          0         92   dlef.o
       584         26          0          0          0         84   dmul.o
        20          6          0          0          0         68   dnan2.o
       104          4          0          0          0        104   drlef.o
        96         12          0          0          0         72   dscalbn.o
        84          4          0          0          0         60   f2d.o
       348          8          0          0          0        160   faddsub.o
       100          4          0          0          0         68   fcmpin.o
       352         10         64          0          0         92   fdiv.o
        76          0          0          0          0         68   ffixi.o
        48          0          0          0          0         60   ffixui.o
        94          0          0          0          0         92   fflti.o
        84          4          0          0          0         76   flef.o
       176          4          0          0          0         80   fmul.o
        16          6          0          0          0         68   fnan2.o
        88          4          0          0          0         76   frlef.o
        94          0          0          0          0         68   retnan.o
         0          0          0          0          0          0   usenofp.o
       540         68        152          0          0        112   atan.o
       376         42          0          0          0        144   atan2.o
        38          6          0          0          0        204   dunder.o
        44          4          0          0          0         60   fpclassify.o
       172          0          0          0          0         76   poly.o
         0          0          8          0          0          0   qnan.o

    ----------------------------------------------------------------------
      6796        302        356          0        100       3388   Library Totals
        12          0          4          0          4          0   (incl. Padding)

    ----------------------------------------------------------------------

      Code (inc. data)   RO Data    RW Data    ZI Data      Debug   Library Name

       688         22          0          0         96        712   c_p.l
      4926        160        192          0          0       2080   fz_ps.l
      1170        120        160          0          0        596   m_ps.l

    ----------------------------------------------------------------------
      6796        302        356          0        100       3388   Library Totals

    ----------------------------------------------------------------------

==============================================================================


      Code (inc. data)   RO Data    RW Data    ZI Data      Debug   

     19232       1408       2664        212       1212     186615   Grand Totals
     19232       1408       2664        212       1212     186615   ELF Image Totals
     19232       1408       2664        212          0          0   ROM Totals

==============================================================================

    Total RO  Size (Code + RO Data)                21896 (  21.38kB)
    Total RW  Size (RW Data + ZI Data)              1424 (   1.39kB)
    Total ROM Size (Code + RO Data + RW Data)      22108 (  21.59kB)

==============================================================================

