Component: ARM Compiler 5.06 update 5 (build 528) Tool: armlink [4d35e2]

==============================================================================

Section Cross References

    startup_skeaz1284.o(STACK) refers (Special) to heapauxi.o(.text) for __use_two_region_memory
    startup_skeaz1284.o(HEAP) refers (Special) to heapauxi.o(.text) for __use_two_region_memory
    startup_skeaz1284.o(RESET) refers (Special) to heapauxi.o(.text) for __use_two_region_memory
    startup_skeaz1284.o(RESET) refers to startup_skeaz1284.o(STACK) for __initial_sp
    startup_skeaz1284.o(RESET) refers to startup_skeaz1284.o(.text) for Reset_Handler
    startup_skeaz1284.o(RESET) refers to balance_isr.o(i.FTM0_IRQHandler) for FTM0_IRQHandler
    startup_skeaz1284.o(RESET) refers to balance_isr.o(i.FTM1_IRQHandler) for FTM1_IRQHandler
    startup_skeaz1284.o(RESET) refers to balance_isr.o(i.PIT_CH0_IRQHandler) for PIT_CH0_IRQHandler
    startup_skeaz1284.o(RESET) refers to balance_isr.o(i.KBI0_IRQHandler) for KBI0_IRQHandler
    startup_skeaz1284.o(.ARM.__at_0x400) refers (Special) to heapauxi.o(.text) for __use_two_region_memory
    startup_skeaz1284.o(.text) refers (Special) to heapauxi.o(.text) for __use_two_region_memory
    startup_skeaz1284.o(.text) refers to system_skeaz1284.o(i.SystemInit) for SystemInit
    startup_skeaz1284.o(.text) refers to __main.o(!!!main) for __main
    startup_skeaz1284.o(.text) refers to startup_skeaz1284.o(HEAP) for Heap_Mem
    startup_skeaz1284.o(.text) refers to startup_skeaz1284.o(STACK) for Stack_Mem
    system_skeaz1284.o(i.SystemCoreClockUpdate) refers to aeabi_sdiv.o(.text) for __aeabi_uidivmod
    system_skeaz1284.o(i.SystemCoreClockUpdate) refers to system_skeaz1284.o(.data) for SystemCoreClock
    gpio.o(i.gpio_get) refers to gpio.o(i.gpio_port_pin_num) for gpio_port_pin_num
    gpio.o(i.gpio_get) refers to gpio.o(.data) for bit
    gpio.o(i.gpio_init) refers to gpio.o(i.gpio_port_pin_num) for gpio_port_pin_num
    gpio.o(i.gpio_init) refers to gpio.o(i.gpio_set) for gpio_set
    gpio.o(i.gpio_init) refers to gpio.o(.data) for bit
    gpio.o(i.gpio_pull) refers to gpio.o(i.gpio_port_pin_num) for gpio_port_pin_num
    gpio.o(i.gpio_pull) refers to gpio.o(.data) for bit
    gpio.o(i.gpio_reverse) refers to gpio.o(i.gpio_port_pin_num) for gpio_port_pin_num
    gpio.o(i.gpio_reverse) refers to gpio.o(.data) for bit
    gpio.o(i.gpio_set) refers to gpio.o(i.gpio_port_pin_num) for gpio_port_pin_num
    gpio.o(i.gpio_set) refers to gpio.o(.data) for bit
    gpio.o(i.gpio_setIn) refers to gpio.o(i.gpio_port_pin_num) for gpio_port_pin_num
    gpio.o(i.gpio_setIn) refers to gpio.o(.data) for bit
    gpio.o(i.gpio_setOut) refers to gpio.o(i.gpio_port_pin_num) for gpio_port_pin_num
    gpio.o(i.gpio_setOut) refers to gpio.o(.data) for bit
    kbi.o(i.KBIInit) refers to gpio.o(i.gpio_pull) for gpio_pull
    kbi.o(i.KBIInit) refers to kbi.o(i.NVIC_EnableIRQ) for NVIC_EnableIRQ
    i2c.o(i.i2c_Ack) refers to gpio.o(i.gpio_set) for gpio_set
    i2c.o(i.i2c_Ack) refers to gpio.o(i.gpio_setOut) for gpio_setOut
    i2c.o(i.i2c_Ack) refers to delay.o(i.delay_us) for delay_us
    i2c.o(i.i2c_InitConfig) refers to delay.o(i.delay_Init) for delay_Init
    i2c.o(i.i2c_InitConfig) refers to gpio.o(i.gpio_init) for gpio_init
    i2c.o(i.i2c_InitConfig) refers to gpio.o(i.gpio_set) for gpio_set
    i2c.o(i.i2c_NAck) refers to gpio.o(i.gpio_set) for gpio_set
    i2c.o(i.i2c_NAck) refers to gpio.o(i.gpio_setOut) for gpio_setOut
    i2c.o(i.i2c_NAck) refers to delay.o(i.delay_us) for delay_us
    i2c.o(i.i2c_Read_Byte) refers to gpio.o(i.gpio_setIn) for gpio_setIn
    i2c.o(i.i2c_Read_Byte) refers to gpio.o(i.gpio_get) for gpio_get
    i2c.o(i.i2c_Read_Byte) refers to delay.o(i.delay_us) for delay_us
    i2c.o(i.i2c_Read_Byte) refers to gpio.o(i.gpio_set) for gpio_set
    i2c.o(i.i2c_Read_Byte) refers to i2c.o(i.i2c_NAck) for i2c_NAck
    i2c.o(i.i2c_Read_Byte) refers to i2c.o(i.i2c_Ack) for i2c_Ack
    i2c.o(i.i2c_Send_Byte) refers to gpio.o(i.gpio_setOut) for gpio_setOut
    i2c.o(i.i2c_Send_Byte) refers to gpio.o(i.gpio_set) for gpio_set
    i2c.o(i.i2c_Send_Byte) refers to delay.o(i.delay_us) for delay_us
    i2c.o(i.i2c_Start) refers to gpio.o(i.gpio_setOut) for gpio_setOut
    i2c.o(i.i2c_Start) refers to gpio.o(i.gpio_set) for gpio_set
    i2c.o(i.i2c_Start) refers to delay.o(i.delay_us) for delay_us
    i2c.o(i.i2c_Stop) refers to gpio.o(i.gpio_setOut) for gpio_setOut
    i2c.o(i.i2c_Stop) refers to gpio.o(i.gpio_set) for gpio_set
    i2c.o(i.i2c_Stop) refers to delay.o(i.delay_us) for delay_us
    i2c.o(i.i2c_Wait_Ack) refers to gpio.o(i.gpio_setIn) for gpio_setIn
    i2c.o(i.i2c_Wait_Ack) refers to gpio.o(i.gpio_set) for gpio_set
    i2c.o(i.i2c_Wait_Ack) refers to delay.o(i.delay_us) for delay_us
    i2c.o(i.i2c_Wait_Ack) refers to i2c.o(i.i2c_Stop) for i2c_Stop
    i2c.o(i.i2c_Wait_Ack) refers to gpio.o(i.gpio_get) for gpio_get
[...]
    Removing gyro.o(i.GYROSolve), (56 bytes).
    Removing pid.o(.rev16_text), (4 bytes).
    Removing pid.o(.revsh_text), (4 bytes).
    Removing balancecontrol.o(.rev16_text), (4 bytes).
    Removing balancecontrol.o(.revsh_text), (4 bytes).
    Removing encoder.o(.rev16_text), (4 bytes).
    Removing encoder.o(.revsh_text), (4 bytes).
    Removing motor.o(.rev16_text), (4 bytes).
    Removing motor.o(.revsh_text), (4 bytes).
    Removing motor.o(i.setReveDuty), (82 bytes).
    Removing balance.o(.rev16_text), (4 bytes).
    Removing balance.o(.revsh_text), (4 bytes).
    Removing balance_isr.o(.rev16_text), (4 bytes).
    Removing balance_isr.o(.revsh_text), (4 bytes).

63 unused section(s) (total 1742 bytes) removed from the image.

==============================================================================

Image Symbol Table

    Local Symbols

    Symbol Name                              Value     Ov Type        Size  Object(Section)

    RESET                                    0x00000000   Section      192  startup_skeaz1284.o(RESET)
    ../clib/angel/boardlib.s                 0x00000000   Number         0  boardshut.o ABSOLUTE
    ../clib/angel/boardlib.s                 0x00000000   Number         0  boardinit3.o ABSOLUTE
    ../clib/angel/boardlib.s                 0x00000000   Number         0  boardinit1.o ABSOLUTE
    ../clib/angel/boardlib.s                 0x00000000   Number         0  boardinit2.o ABSOLUTE
    ../clib/angel/handlers.s                 0x00000000   Number         0  __scatter_copy.o ABSOLUTE
    ../clib/angel/handlers.s                 0x00000000   Number         0  __scatter_zi.o ABSOLUTE
    ../clib/angel/kernel.s                   0x00000000   Number         0  rtexit.o ABSOLUTE
    ../clib/angel/kernel.s                   0x00000000   Number         0  __rtentry4.o ABSOLUTE
    ../clib/angel/kernel.s                   0x00000000   Number         0  __rtentry2.o ABSOLUTE
    ../clib/angel/kernel.s                   0x00000000   Number         0  __rtentry.o ABSOLUTE
    ../clib/angel/kernel.s                   0x00000000   Number         0  rtexit2.o ABSOLUTE
    ../clib/angel/rt.s                       0x00000000   Number         0  rt_div0.o ABSOLUTE
    ../clib/angel/rt.s                       0x00000000   Number         0  aeabi_idiv0.o ABSOLUTE
    ../clib/angel/rt.s                       0x00000000   Number         0  rt_raise.o ABSOLUTE
    ../clib/angel/rt.s                       0x00000000   Number         0  rt_errno_addr_intlibspace.o ABSOLUTE
    ../clib/angel/rt.s                       0x00000000   Number         0  rt_errno_addr.o ABSOLUTE
    ../clib/angel/rt.s                       0x00000000   Number         0  aeabi_idiv0_sigfpe.o ABSOLUTE
    ../clib/angel/scatterp.s                 0x00000000   Number         0  __scatter.o ABSOLUTE
    ../clib/angel/startup.s                  0x00000000   Number         0  __main.o ABSOLUTE
    ../clib/angel/sys.s                      0x00000000   Number         0  indicate_semi.o ABSOLUTE
    ../clib/angel/sys.s                      0x00000000   Number         0  use_no_semi.o ABSOLUTE
    ../clib/angel/sys.s                      0x00000000   Number         0  libspace.o ABSOLUTE
    ../clib/angel/sys.s                      0x00000000   Number         0  tempstk.o ABSOLUTE
    ../clib/angel/sys.s                      0x00000000   Number         0  sys_stackheap_outer.o ABSOLUTE
    ../clib/angel/sysapp.c                   0x00000000   Number         0  sys_wrch.o ABSOLUTE
    ../clib/angel/sysapp.c                   0x00000000   Number         0  sys_command.o ABSOLUTE
    ../clib/angel/sysapp.c                   0x00000000   Number         0  sys_exit.o ABSOLUTE
    ../clib/armsys.c                         0x00000000   Number         0  argv_veneer.o ABSOLUTE
    ../clib/armsys.c                         0x00000000   Number         0  _get_argv_nomalloc.o ABSOLUTE
    ../clib/armsys.c                         0x00000000   Number         0  no_argv.o ABSOLUTE
    ../clib/division.s                       0x00000000   Number         0  aeabi_sdiv_div0.o ABSOLUTE
    ../clib/division.s                       0x00000000   Number         0  aeabi_sdiv.o ABSOLUTE
    ../clib/fenv.c                           0x00000000   Number         0  _rserrno.o ABSOLUTE
    ../clib/heapalloc.c                      0x00000000   Number         0  hrguard.o ABSOLUTE
    ../clib/heapaux.c                        0x00000000   Number         0  heapauxi.o ABSOLUTE
    ../clib/libinit.s                        0x00000000   Number         0  libshutdown2.o ABSOLUTE
    ../clib/libinit.s                        0x00000000   Number         0  libshutdown.o ABSOLUTE
    ../clib/libinit.s                        0x00000000   Number         0  libinit.o ABSOLUTE
    ../clib/libinit.s                        0x00000000   Number         0  libinit2.o ABSOLUTE
    ../clib/signal.c                         0x00000000   Number         0  defsig_segv_inner.o ABSOLUTE
    ../clib/signal.c                         0x00000000   Number         0  defsig_cppl_inner.o ABSOLUTE
    ../clib/signal.c                         0x00000000   Number         0  defsig_pvfn_inner.o ABSOLUTE
    ../clib/signal.c                         0x00000000   Number         0  defsig_stak_inner.o ABSOLUTE
    ../clib/signal.c                         0x00000000   Number         0  defsig_rtmem_formal.o ABSOLUTE
    ../clib/signal.c                         0x00000000   Number         0  defsig_fpe_formal.o ABSOLUTE
    ../clib/signal.c                         0x00000000   Number         0  defsig_fpe_outer.o ABSOLUTE
    ../clib/signal.c                         0x00000000   Number         0  defsig_rtmem_inner.o ABSOLUTE
    ../clib/signal.c                         0x00000000   Number         0  defsig_rtred_inner.o ABSOLUTE
    ../clib/signal.c                         0x00000000   Number         0  defsig_abrt_inner.o ABSOLUTE
    ../clib/signal.c                         0x00000000   Number         0  defsig_other.o ABSOLUTE
    ../clib/signal.c                         0x00000000   Number         0  defsig_rtmem_outer.o ABSOLUTE
    ../clib/signal.c                         0x00000000   Number         0  __raise.o ABSOLUTE
    ../clib/signal.c                         0x00000000   Number         0  defsig_general.o ABSOLUTE
    ../clib/signal.c                         0x00000000   Number         0  defsig_exit.o ABSOLUTE
    ../clib/signal.c                         0x00000000   Number         0  defsig_fpe_inner.o ABSOLUTE
    ../clib/signal.s                         0x00000000   Number         0  defsig.o ABSOLUTE
    ../clib/stdlib.c                         0x00000000   Number         0  exit.o ABSOLUTE
    ../clib/string.c                         0x00000000   Number         0  strcpy.o ABSOLUTE
    ../fplib/cfplib/cmpret.c                 0x00000000   Number         0  cmpret.o ABSOLUTE
    ../fplib/cfplib/d2f.c                    0x00000000   Number         0  d2f.o ABSOLUTE
    ../fplib/cfplib/daddsub.c                0x00000000   Number         0  daddsub.o ABSOLUTE
    ../fplib/cfplib/dcmpin.c                 0x00000000   Number         0  dcmpin.o ABSOLUTE
    ../fplib/cfplib/ddiv.c                   0x00000000   Number         0  ddiv.o ABSOLUTE
    ../fplib/cfplib/dmul.c                   0x00000000   Number         0  dmul.o ABSOLUTE
    ../fplib/cfplib/f2d.c                    0x00000000   Number         0  f2d.o ABSOLUTE
    ../fplib/cfplib/fcmpin.c                 0x00000000   Number         0  fcmpin.o ABSOLUTE
    ../fplib/cfplib/fdiv.c                   0x00000000   Number         0  fdiv.o ABSOLUTE
    ../fplib/cfplib/ffix.c                   0x00000000   Number         0  ffixui.o ABSOLUTE
    ../fplib/cfplib/ffix.c                   0x00000000   Number         0  ffixi.o ABSOLUTE
    ../fplib/cfplib/ffix.c                   0x00000000   Number         0  dfixi.o ABSOLUTE
    ../fplib/cfplib/fflt.c                   0x00000000   Number         0  fflti.o ABSOLUTE
    ../fplib/cfplib/fflt.c                   0x00000000   Number         0  dflti.o ABSOLUTE
    ../fplib/cfplib/fpinit.c                 0x00000000   Number         0  fpinit.o ABSOLUTE
    ../fplib/cfplib/nan2.c                   0x00000000   Number         0  fnan2.o ABSOLUTE
    ../fplib/cfplib/nan2.c                   0x00000000   Number         0  dnan2.o ABSOLUTE
    ../fplib/cfplib/retnan.c                 0x00000000   Number         0  retnan.o ABSOLUTE
    ../fplib/cfplib/scalbn.c                 0x00000000   Number         0  dscalbn.o ABSOLUTE
    ../fplib/dleqf6m.s                       0x00000000   Number         0  dlef.o ABSOLUTE
    ../fplib/faddsub6m.s                     0x00000000   Number         0  faddsub.o ABSOLUTE
    ../fplib/fleqf6m.s                       0x00000000   Number         0  flef.o ABSOLUTE
    ../fplib/fmul6m.s                        0x00000000   Number         0  fmul.o ABSOLUTE
    ../fplib/frleqf6m.s                      0x00000000   Number         0  frlef.o ABSOLUTE
    ../fplib/usenofp.s                       0x00000000   Number         0  usenofp.o ABSOLUTE
    ../mathlib/atan.c                        0x00000000   Number         0  atan_x.o ABSOLUTE
    ../mathlib/atan.c                        0x00000000   Number         0  atan.o ABSOLUTE
    ../mathlib/atan2.c                       0x00000000   Number         0  atan2_x.o ABSOLUTE
    ../mathlib/atan2.c                       0x00000000   Number         0  atan2.o ABSOLUTE
    ../mathlib/dunder.c                      0x00000000   Number         0  dunder.o ABSOLUTE
    ../mathlib/fpclassify.c                  0x00000000   Number         0  fpclassify.o ABSOLUTE
    ../mathlib/poly.c                        0x00000000   Number         0  poly.o ABSOLUTE
    ../mathlib/qnan.c                        0x00000000   Number         0  qnan.o ABSOLUTE
    ..\CORE\startup_SKEAZ1284.s              0x00000000   Number         0  startup_skeaz1284.o ABSOLUTE
    ..\CORE\system_SKEAZ1284.c               0x00000000   Number         0  system_skeaz1284.o ABSOLUTE
    ..\DRIVER\ADC.c                          0x00000000   Number         0  adc.o ABSOLUTE
    ..\DRIVER\KBI.c                          0x00000000   Number         0  kbi.o ABSOLUTE
    ..\DRIVER\gpio.c                         0x00000000   Number         0  gpio.o ABSOLUTE
    ..\DRIVER\i2c.c                          0x00000000   Number         0  i2c.o ABSOLUTE
    ..\DRIVER\incap.c                        0x00000000   Number         0  incap.o ABSOLUTE
    ..\DRIVER\pit.c                          0x00000000   Number         0  pit.o ABSOLUTE
    ..\DRIVER\pwm.c                          0x00000000   Number         0  pwm.o ABSOLUTE
    ..\LIB\GYRO.c                            0x00000000   Number         0  gyro.o ABSOLUTE
    ..\LIB\OLED.c                            0x00000000   Number         0  oled.o ABSOLUTE
    ..\LIB\PID.c                             0x00000000   Number         0  pid.o ABSOLUTE
    ..\LIB\accelerometer.c                   0x00000000   Number         0  accelerometer.o ABSOLUTE
    ..\LIB\balanceControl.c                  0x00000000   Number         0  balancecontrol.o ABSOLUTE
    ..\LIB\common.c                          0x00000000   Number         0  common.o ABSOLUTE
    ..\LIB\delay.c                           0x00000000   Number         0  delay.o ABSOLUTE
    ..\LIB\display.c                         0x00000000   Number         0  display.o ABSOLUTE
    ..\LIB\encoder.c                         0x00000000   Number         0  encoder.o ABSOLUTE
    ..\LIB\motor.c                           0x00000000   Number         0  motor.o ABSOLUTE
    ..\USER\balance.c                        0x00000000   Number         0  balance.o ABSOLUTE
    ..\USER\balance_isr.c                    0x00000000   Number         0  balance_isr.o ABSOLUTE
    ..\\CORE\\system_SKEAZ1284.c             0x00000000   Number         0  system_skeaz1284.o ABSOLUTE
    ..\\DRIVER\\ADC.c                        0x00000000   Number         0  adc.o ABSOLUTE
    ..\\DRIVER\\KBI.c                        0x00000000   Number         0  kbi.o ABSOLUTE
    ..\\DRIVER\\gpio.c                       0x00000000   Number         0  gpio.o ABSOLUTE
    ..\\DRIVER\\i2c.c                        0x00000000   Number         0  i2c.o ABSOLUTE
    ..\\DRIVER\\incap.c                      0x00000000   Number         0  incap.o ABSOLUTE
    ..\\DRIVER\\pit.c                        0x00000000   Number         0  pit.o ABSOLUTE
    ..\\DRIVER\\pwm.c                        0x00000000   Number         0  pwm.o ABSOLUTE
    ..\\LIB\\GYRO.c                          0x00000000   Number         0  gyro.o ABSOLUTE
    ..\\LIB\\OLED.c                          0x00000000   Number         0  oled.o ABSOLUTE
    ..\\LIB\\PID.c                           0x00000000   Number         0  pid.o ABSOLUTE
    ..\\LIB\\accelerometer.c                 0x00000000   Number         0  accelerometer.o ABSOLUTE
    ..\\LIB\\balanceControl.c                0x00000000   Number         0  balancecontrol.o ABSOLUTE
    ..\\LIB\\common.c                        0x00000000   Number         0  common.o ABSOLUTE
    ..\\LIB\\delay.c                         0x00000000   Number         0  delay.o ABSOLUTE
    ..\\LIB\\display.c                       0x00000000   Number         0  display.o ABSOLUTE
    ..\\LIB\\encoder.c                       0x00000000   Number         0  encoder.o ABSOLUTE
    ..\\LIB\\motor.c                         0x00000000   Number         0  motor.o ABSOLUTE
    ..\\USER\\balance.c                      0x00000000   Number         0  balance.o ABSOLUTE
    ..\\USER\\balance_isr.c                  0x00000000   Number         0  balance_isr.o ABSOLUTE
    dc.s                                     0x00000000   Number         0  dc.o ABSOLUTE
    !!!main                                  0x000000c0   Section        8  __main.o(!!!main)
    !!!scatter                               0x000000c8   Section       60  __scatter.o(!!!scatter)
    !!handler_copy                           0x00000104   Section       26  __scatter_copy.o(!!handler_copy)
    !!handler_zi                             0x00000120   Section       28  __scatter_zi.o(!!handler_zi)
    .ARM.Collect$$libinit$$00000000          0x0000013c   Section        2  libinit.o(.ARM.Collect$$libinit$$00000000)
    .ARM.Collect$$libinit$$00000002          0x0000013e   Section        0  libinit2.o(.ARM.Collect$$libinit$$00000002)
    .ARM.Collect$$libinit$$00000004          0x0000013e   Section        0  libinit2.o(.ARM.Collect$$libinit$$00000004)
    .ARM.Collect$$libinit$$0000000A          0x0000013e   Section        0  libinit2.o(.ARM.Collect$$libinit$$0000000A)
    .ARM.Collect$$libinit$$0000000C          0x0000013e   Section        0  libinit2.o(.ARM.Collect$$libinit$$0000000C)
    .ARM.Collect$$libinit$$0000000E          0x0000013e   Section        0  libinit2.o(.ARM.Collect$$libinit$$0000000E)
    .ARM.Collect$$libinit$$00000011          0x0000013e   Section        0  libinit2.o(.ARM.Collect$$libinit$$00000011)
    .ARM.Collect$$libinit$$00000013          0x0000013e   Section        0  libinit2.o(.ARM.Collect$$libinit$$00000013)
    .ARM.Collect$$libinit$$00000015          0x0000013e   Section        0  libinit2.o(.ARM.Collect$$libinit$$00000015)
    .ARM.Collect$$libinit$$00000017          0x0000013e   Section        0  libinit2.o(.ARM.Collect$$libinit$$00000017)
    .ARM.Collect$$libinit$$00000019          0x0000013e   Section        0  libinit2.o(.ARM.Collect$$libinit$$00000019)
    .ARM.Collect$$libinit$$0000001B          0x0000013e   Section        0  libinit2.o(.ARM.Collect$$libinit$$0000001B)
    .ARM.Collect$$libinit$$0000001D          0x0000013e   Section        0  libinit2.o(.ARM.Collect$$libinit$$0000001D)
    .ARM.Collect$$libinit$$0000001F          0x0000013e   Section        0  libinit2.o(.ARM.Collect$$libinit$$0000001F)
    .ARM.Collect$$libinit$$00000021          0x0000013e   Section        0  libinit2.o(.ARM.Collect$$libinit$$00000021)
    .ARM.Collect$$libinit$$00000023          0x0000013e   Section        0  libinit2.o(.ARM.Collect$$libinit$$00000023)
    .ARM.Collect$$libinit$$00000025          0x0000013e   Section        0  libinit2.o(.ARM.Collect$$libinit$$00000025)
    .ARM.Collect$$libinit$$0000002C          0x0000013e   Section        0  libinit2.o(.ARM.Collect$$libinit$$0000002C)
    .ARM.Collect$$libinit$$0000002E          0x0000013e   Section        0  libinit2.o(.ARM.Collect$$libinit$$0000002E)
    .ARM.Collect$$libinit$$00000030          0x0000013e   Section        0  libinit2.o(.ARM.Collect$$libinit$$00000030)
    .ARM.Collect$$libinit$$00000032          0x0000013e   Section        0  libinit2.o(.ARM.Collect$$libinit$$00000032)
    .ARM.Collect$$libinit$$00000033          0x0000013e   Section        2  libinit2.o(.ARM.Collect$$libinit$$00000033)
    .ARM.Collect$$libshutdown$$00000000      0x00000140   Section        2  libshutdown.o(.ARM.Collect$$libshutdown$$00000000)
    .ARM.Collect$$libshutdown$$00000002      0x00000142   Section        0  libshutdown2.o(.ARM.Collect$$libshutdown$$00000002)
    .ARM.Collect$$libshutdown$$00000004      0x00000142   Section        0  libshutdown2.o(.ARM.Collect$$libshutdown$$00000004)
    .ARM.Collect$$libshutdown$$00000007      0x00000142   Section        0  libshutdown2.o(.ARM.Collect$$libshutdown$$00000007)
    .ARM.Collect$$libshutdown$$0000000A      0x00000142   Section        0  libshutdown2.o(.ARM.Collect$$libshutdown$$0000000A)
    .ARM.Collect$$libshutdown$$0000000C      0x00000142   Section        0  libshutdown2.o(.ARM.Collect$$libshutdown$$0000000C)
    .ARM.Collect$$libshutdown$$0000000F      0x00000142   Section        0  libshutdown2.o(.ARM.Collect$$libshutdown$$0000000F)
    .ARM.Collect$$libshutdown$$00000010      0x00000142   Section        2  libshutdown2.o(.ARM.Collect$$libshutdown$$00000010)
    .ARM.Collect$$rtentry$$00000000          0x00000144   Section        0  __rtentry.o(.ARM.Collect$$rtentry$$00000000)
    .ARM.Collect$$rtentry$$00000002          0x00000144   Section        0  __rtentry2.o(.ARM.Collect$$rtentry$$00000002)
    .ARM.Collect$$rtentry$$00000004          0x00000144   Section        6  __rtentry4.o(.ARM.Collect$$rtentry$$00000004)
    .ARM.Collect$$rtentry$$00000009          0x0000014a   Section        0  __rtentry2.o(.ARM.Collect$$rtentry$$00000009)
    .ARM.Collect$$rtentry$$0000000A          0x0000014a   Section        4  __rtentry2.o(.ARM.Collect$$rtentry$$0000000A)
    .ARM.Collect$$rtentry$$0000000C          0x0000014e   Section        0  __rtentry2.o(.ARM.Collect$$rtentry$$0000000C)
    .ARM.Collect$$rtentry$$0000000D          0x0000014e   Section        8  __rtentry2.o(.ARM.Collect$$rtentry$$0000000D)
    .ARM.Collect$$rtexit$$00000000           0x00000156   Section        2  rtexit.o(.ARM.Collect$$rtexit$$00000000)
    .ARM.Collect$$rtexit$$00000002           0x00000158   Section        0  rtexit2.o(.ARM.Collect$$rtexit$$00000002)
    .ARM.Collect$$rtexit$$00000003           0x00000158   Section        4  rtexit2.o(.ARM.Collect$$rtexit$$00000003)
    .ARM.Collect$$rtexit$$00000004           0x0000015c   Section        6  rtexit2.o(.ARM.Collect$$rtexit$$00000004)
    .text                                    0x00000164   Section       64  startup_skeaz1284.o(.text)
    .text                                    0x000001a4   Section        0  strcpy.o(.text)
    .text                                    0x000001f0   Section      346  aeabi_sdiv.o(.text)
    .text                                    0x0000034a   Section        0  heapauxi.o(.text)
    .text                                    0x00000350   Section        0  d2f.o(.text)
    .text                                    0x000003cc   Section        0  ffixui.o(.text)
    .text                                    0x000003fc   Section        2  use_no_semi.o(.text)
    .text                                    0x000003fe   Section        0  indicate_semi.o(.text)
    x$fpl$usenofp                            0x000003fe   Section        0  usenofp.o(x$fpl$usenofp)
    .ARM.__at_0x400                          0x00000400   Section       16  startup_skeaz1284.o(.ARM.__at_0x400)
    .text                                    0x00000410   Section        0  daddsub.o(.text)
    _dadd1                                   0x00000411   Thumb Code   290  daddsub.o(.text)
    _dsub1                                   0x00000533   Thumb Code   470  daddsub.o(.text)
    .text                                    0x00000768   Section        0  ddiv.o(.text)
    .text                                    0x00000bb0   Section        0  dfixi.o(.text)
    .text                                    0x00000c1c   Section        0  dflti.o(.text)
    .text                                    0x00000c74   Section        0  dmul.o(.text)
    .text                                    0x00000ebc   Section        0  f2d.o(.text)
    .text                                    0x00000f10   Section        0  fdiv.o(.text)
    .text                                    0x00001070   Section        0  ffixi.o(.text)
    .text                                    0x000010bc   Section        0  fflti.o(.text)
    .text                                    0x0000111c   Section        0  dcmpin.o(.text)
    .text                                    0x000011ac   Section        0  fcmpin.o(.text)
    .text                                    0x00001210   Section        0  cmpret.o(.text)
    .text                                    0x00001240   Section        0  dnan2.o(.text)
    .text                                    0x00001254   Section        0  dscalbn.o(.text)
    .text                                    0x000012b4   Section        0  fnan2.o(.text)
    .text                                    0x000012c4   Section        8  libspace.o(.text)
    .text                                    0x000012cc   Section       62  sys_stackheap_outer.o(.text)
    .text                                    0x0000130a   Section        0  exit.o(.text)
    .text                                    0x0000131a   Section        0  retnan.o(.text)
    .text                                    0x00001378   Section        0  sys_exit.o(.text)
    i.EncoderClrFlag                         0x00001384   Section        0  encoder.o(i.EncoderClrFlag)
    i.EncoderRead                            0x000013b8   Section        0  encoder.o(i.EncoderRead)
    i.FTM0_IRQHandler                        0x000013f8   Section        0  balance_isr.o(i.FTM0_IRQHandler)
    i.FTM1_IRQHandler                        0x000014d8   Section        0  balance_isr.o(i.FTM1_IRQHandler)
    i.FTMEnInterrupt                         0x000015b8   Section        0  incap.o(i.FTMEnInterrupt)
    i.FTM_PWM_init                           0x000015d4   Section        0  pwm.o(i.FTM_PWM_init)
    i.FTM_PWM_set_duty                       0x000017d4   Section        0  pwm.o(i.FTM_PWM_set_duty)
    i.GYROInit                               0x00001830   Section        0  gyro.o(i.GYROInit)
    i.GYRORead                               0x00001880   Section        0  gyro.o(i.GYRORead)
    i.GYROReadn                              0x000018fc   Section        0  gyro.o(i.GYROReadn)
    i.INCaptureInit                          0x00001924   Section        0  incap.o(i.INCaptureInit)
    i.KALMANFilter                           0x00001a40   Section        0  balancecontrol.o(i.KALMANFilter)
    i.KBI0_IRQHandler                        0x00001af0   Section        0  balance_isr.o(i.KBI0_IRQHandler)
    i.KBIClear                               0x00001e80   Section        0  kbi.o(i.KBIClear)
    i.KBIInit                                0x00001ecc   Section        0  kbi.o(i.KBIInit)
    i.NVIC_DisableIRQ                        0x000020a8   Section        0  pit.o(i.NVIC_DisableIRQ)
    NVIC_DisableIRQ                          0x000020a9   Thumb Code    14  pit.o(i.NVIC_DisableIRQ)
    i.NVIC_EnableIRQ                         0x000020bc   Section        0  kbi.o(i.NVIC_EnableIRQ)
    NVIC_EnableIRQ                           0x000020bd   Thumb Code    14  kbi.o(i.NVIC_EnableIRQ)
    i.NVIC_EnableIRQ                         0x000020d0   Section        0  pit.o(i.NVIC_EnableIRQ)
    NVIC_EnableIRQ                           0x000020d1   Thumb Code    14  pit.o(i.NVIC_EnableIRQ)
    i.NVIC_SetPriority                       0x000020e4   Section        0  delay.o(i.NVIC_SetPriority)
    NVIC_SetPriority                         0x000020e5   Thumb Code   110  delay.o(i.NVIC_SetPriority)
    i.OLEDDisplay                            0x0000215c   Section        0  display.o(i.OLEDDisplay)
    i.OLED_Clear                             0x00002300   Section        0  oled.o(i.OLED_Clear)
    i.OLED_Init                              0x00002340   Section        0  oled.o(i.OLED_Init)
    i.OLED_Set_Pos                           0x000024a0   Section        0  oled.o(i.OLED_Set_Pos)
    i.OLED_ShowChar                          0x000024d4   Section        0  oled.o(i.OLED_ShowChar)
    i.OLED_ShowNum                           0x00002520   Section        0  oled.o(i.OLED_ShowNum)
    i.OLED_ShowString                        0x000025a8   Section        0  oled.o(i.OLED_ShowString)
    i.OLED_WR_Byte                           0x000025dc   Section        0  oled.o(i.OLED_WR_Byte)
    i.PIDInit                                0x0000265c   Section        0  pid.o(i.PIDInit)
    i.PIDcalc                                0x00002672   Section        0  pid.o(i.PIDcalc)
    i.PIT_CH0_IRQHandler                     0x000026d8   Section        0  balance_isr.o(i.PIT_CH0_IRQHandler)
    i.SystemInit                             0x000027ec   Section        0  system_skeaz1284.o(i.SystemInit)
    i.__ARM_fpclassify                       0x0000284c   Section        0  fpclassify.o(i.__ARM_fpclassify)
    i.__kernel_poly                          0x00002878   Section        0  poly.o(i.__kernel_poly)
    i.__mathlib_dbl_infnan                   0x00002924   Section        0  dunder.o(i.__mathlib_dbl_infnan)
    i.__mathlib_dbl_infnan2                  0x0000292e   Section        0  dunder.o(i.__mathlib_dbl_infnan2)
    i.__mathlib_dbl_underflow                0x00002938   Section        0  dunder.o(i.__mathlib_dbl_underflow)
    i.acceInit                               0x0000294c   Section        0  accelerometer.o(i.acceInit)
    i.acceReadL                              0x000029e4   Section        0  accelerometer.o(i.acceReadL)
    i.acceSolveData                          0x00002a5a   Section        0  accelerometer.o(i.acceSolveData)
    i.acceWriteByte                          0x00002ac6   Section        0  accelerometer.o(i.acceWriteByte)
    i.acce_readbyte                          0x00002b12   Section        0  accelerometer.o(i.acce_readbyte)
    i.atan                                   0x00002b6c   Section        0  atan.o(i.atan)
    i.atan2                                  0x00002d88   Section        0  atan2.o(i.atan2)
    i.calcDuty                               0x00002f00   Section        0  motor.o(i.calcDuty)
    i.dataDecrement                          0x00002f34   Section        0  display.o(i.dataDecrement)
    i.dataIncrement                          0x00002f48   Section        0  display.o(i.dataIncrement)
    i.delay_Init                             0x00002f5c   Section        0  delay.o(i.delay_Init)
    i.delay_ms                               0x00002f9c   Section        0  delay.o(i.delay_ms)
    i.delay_us                               0x0000302c   Section        0  delay.o(i.delay_us)
    i.dis_num                                0x000030d0   Section        0  oled.o(i.dis_num)
    i.getGyroMid                             0x00003198   Section        0  gyro.o(i.getGyroMid)
    i.globalDisplayInit                      0x000031b4   Section        0  balance.o(i.globalDisplayInit)
    i.globalKBIInit                          0x000034dc   Section        0  balance.o(i.globalKBIInit)
    i.globalKalmanLoop                       0x0000351c   Section        0  balance.o(i.globalKalmanLoop)
    i.gpio_get                               0x0000373c   Section        0  gpio.o(i.gpio_get)
    i.gpio_init                              0x000037bc   Section        0  gpio.o(i.gpio_init)
    i.gpio_port_pin_num                      0x00003878   Section        0  gpio.o(i.gpio_port_pin_num)
    gpio_port_pin_num                        0x00003879   Thumb Code     8  gpio.o(i.gpio_port_pin_num)
    i.gpio_pull                              0x00003880   Section        0  gpio.o(i.gpio_pull)
    i.gpio_set                               0x00003964   Section        0  gpio.o(i.gpio_set)
    i.gpio_setIn                             0x000039fc   Section        0  gpio.o(i.gpio_setIn)
    i.gpio_setOut                            0x00003a8c   Section        0  gpio.o(i.gpio_setOut)
    i.i2c_Ack                                0x00003b1c   Section        0  i2c.o(i.i2c_Ack)
    i.i2c_InitConfig                         0x00003b66   Section        0  i2c.o(i.i2c_InitConfig)
    i.i2c_NAck                               0x00003b9c   Section        0  i2c.o(i.i2c_NAck)
    i.i2c_Read_Byte                          0x00003be6   Section        0  i2c.o(i.i2c_Read_Byte)
    i.i2c_Send_Byte                          0x00003c4c   Section        0  i2c.o(i.i2c_Send_Byte)
    i.i2c_Start                              0x00003cb2   Section        0  i2c.o(i.i2c_Start)
    i.i2c_Stop                               0x00003cf2   Section        0  i2c.o(i.i2c_Stop)
    i.i2c_Wait_Ack                           0x00003d32   Section        0  i2c.o(i.i2c_Wait_Ack)
    i.initEncoder                            0x00003d8c   Section        0  encoder.o(i.initEncoder)
    i.initMotor                              0x00003df8   Section        0  motor.o(i.initMotor)
    i.isEncoderFlagSet                       0x00003e44   Section        0  encoder.o(i.isEncoderFlagSet)
    i.isKBIFlagSet                           0x00003e74   Section        0  kbi.o(i.isKBIFlagSet)
    i.lineSwitch                             0x00003ea4   Section        0  display.o(i.lineSwitch)
    i.main                                   0x00003ed0   Section        0  balance.o(i.main)
    i.oled_pow                               0x000041a0   Section        0  oled.o(i.oled_pow)
    i.pageSwitch                             0x000041bc   Section        0  display.o(i.pageSwitch)
    i.pitInit_us                             0x000041e4   Section        0  pit.o(i.pitInit_us)
    i.pit_IRQClearFlag                       0x00004284   Section        0  pit.o(i.pit_IRQClearFlag)
    i.pit_IRQSwitch                          0x000042a0   Section        0  pit.o(i.pit_IRQSwitch)
    i.pit_Switch                             0x000042e4   Section        0  pit.o(i.pit_Switch)
    i.setForwDuty                            0x0000431c   Section        0  motor.o(i.setForwDuty)
    i.speedLeagalize                         0x00004370   Section        0  motor.o(i.speedLeagalize)
    x$fpl$dleqf                              0x00004398   Section      100  dlef.o(x$fpl$dleqf)
    x$fpl$fadd                               0x000043fc   Section      140  faddsub.o(x$fpl$fadd)
    _fadd1                                   0x00004409   Thumb Code     0  faddsub.o(x$fpl$fadd)
    x$fpl$fleqf                              0x00004488   Section       84  flef.o(x$fpl$fleqf)
    x$fpl$fmul                               0x000044dc   Section      176  fmul.o(x$fpl$fmul)
    x$fpl$frleqf                             0x0000458c   Section       88  frlef.o(x$fpl$frleqf)
    x$fpl$fsub                               0x000045e4   Section      208  faddsub.o(x$fpl$fsub)
    _fsub1                                   0x000045f1   Thumb Code     0  faddsub.o(x$fpl$fsub)
    .constdata                               0x000046b4   Section       12  pwm.o(.constdata)
    .constdata                               0x000046c0   Section     2072  oled.o(.constdata)
    .constdata                               0x00004ed8   Section      128  ddiv.o(.constdata)
    ddiv_reciptbl                            0x00004ed8   Data         128  ddiv.o(.constdata)
    .constdata                               0x00004f58   Section       64  fdiv.o(.constdata)
    fdiv_tab                                 0x00004f58   Data          64  fdiv.o(.constdata)
    .constdata                               0x00004f98   Section      152  atan.o(.constdata)
    atanhi                                   0x00004f98   Data          32  atan.o(.constdata)
    atanlo                                   0x00004fb8   Data          32  atan.o(.constdata)
    aTodd                                    0x00004fd8   Data          40  atan.o(.constdata)
    aTeven                                   0x00005000   Data          48  atan.o(.constdata)
    .constdata                               0x00005030   Section        8  qnan.o(.constdata)
    .data                                    0x1ffff000   Section        4  system_skeaz1284.o(.data)
    .data                                    0x1ffff004   Section        4  gpio.o(.data)
    .data                                    0x1ffff008   Section        2  pwm.o(.data)
    MOD_VALUE                                0x1ffff008   Data           2  pwm.o(.data)
    .data                                    0x1ffff00c   Section       12  incap.o(.data)
    .data                                    0x1ffff018   Section       31  display.o(.data)
    index                                    0x1ffff035   Data           1  display.o(.data)
    row                                      0x1ffff036   Data           1  display.o(.data)
    .data                                    0x1ffff038   Section        4  delay.o(.data)
    .data                                    0x1ffff03c   Section        2  accelerometer.o(.data)
    .data                                    0x1ffff03e   Section        2  gyro.o(.data)
    .data                                    0x1ffff040   Section        6  balancecontrol.o(.data)
    optimumAngle                             0x1ffff040   Data           4  balancecontrol.o(.data)
    optimumCovariance                        0x1ffff044   Data           2  balancecontrol.o(.data)
    .data                                    0x1ffff048   Section       64  balance.o(.data)
    index                                    0x1ffff086   Data           1  balance.o(.data)
    count                                    0x1ffff087   Data           1  balance.o(.data)
    .data                                    0x1ffff088   Section       44  balance_isr.o(.data)
    index                                    0x1ffff09c   Data           1  balance_isr.o(.data)
    count                                    0x1ffff09e   Data           2  balance_isr.o(.data)
    index                                    0x1ffff0a0   Data           1  balance_isr.o(.data)
    count                                    0x1ffff0a2   Data           2  balance_isr.o(.data)
    i                                        0x1ffff0a4   Data           1  balance_isr.o(.data)
    flag                                     0x1ffff0a8   Data           4  balance_isr.o(.data)
    record                                   0x1ffff0ac   Data           4  balance_isr.o(.data)
    count                                    0x1ffff0b0   Data           4  balance_isr.o(.data)
    .bss                                     0x1ffff0b4   Section      368  balance.o(.bss)
    .bss                                     0x1ffff224   Section       40  balance_isr.o(.bss)
    results                                  0x1ffff224   Data          20  balance_isr.o(.bss)
    results                                  0x1ffff238   Data          20  balance_isr.o(.bss)
    .bss                                     0x1ffff24c   Section       96  libspace.o(.bss)
    HEAP                                     0x1ffff2b0   Section        0  startup_skeaz1284.o(HEAP)
    STACK                                    0x1ffff2b0   Section      512  startup_skeaz1284.o(STACK)
    Heap_Mem                                 0x1ffff2b0   Data           0  startup_skeaz1284.o(HEAP)
    Stack_Mem                                0x1ffff2b0   Data         512  startup_skeaz1284.o(STACK)
    __initial_sp                             0x1ffff4b0   Data           0  startup_skeaz1284.o(STACK)

    Global Symbols

    Symbol Name                              Value     Ov Type        Size  Object(Section)

    BuildAttributes$$THM_ISAv3M$S$PE$A:L22$X:L11$S22$IEEE1$IW$USESV6$~STKCKD$USESV7$~SHL$OTIME$ROPI$IEEEX$EBA8$UX$STANDARDLIB$REQ8$PRES8$EABIv2 0x00000000   Number         0  anon$$obj.o ABSOLUTE
    __ARM_use_no_argv                        0x00000000   Number         0  balance.o ABSOLUTE
    __Vectors                                0x00000000   Data           4  startup_skeaz1284.o(RESET)
    __ARM_exceptions_init                     - Undefined Weak Reference
    __alloca_initialize                       - Undefined Weak Reference
    __arm_preinit_                            - Undefined Weak Reference
    __cpp_initialize__aeabi_                  - Undefined Weak Reference
    __cxa_finalize                            - Undefined Weak Reference
    __rt_locale                               - Undefined Weak Reference
    __sigvec_lookup                           - Undefined Weak Reference
    _atexit_init                              - Undefined Weak Reference
    _call_atexit_fns                          - Undefined Weak Reference
    _clock_init                               - Undefined Weak Reference
    _fp_trap_init                             - Undefined Weak Reference
    _fp_trap_shutdown                         - Undefined Weak Reference
    _get_lc_collate                           - Undefined Weak Reference
    _get_lc_ctype                             - Undefined Weak Reference
    _get_lc_monetary                          - Undefined Weak Reference
    _get_lc_numeric                           - Undefined Weak Reference
    _get_lc_time                              - Undefined Weak Reference
    _getenv_init                              - Undefined Weak Reference
    _handle_redirection                       - Undefined Weak Reference
    _init_alloc                               - Undefined Weak Reference
    _init_user_alloc                          - Undefined Weak Reference
    _initio                                   - Undefined Weak Reference
    _rand_init                                - Undefined Weak Reference
    _signal_finish                            - Undefined Weak Reference
    _signal_init                              - Undefined Weak Reference
    _terminate_alloc                          - Undefined Weak Reference
    _terminate_user_alloc                     - Undefined Weak Reference
    _terminateio                              - Undefined Weak Reference
    __Vectors_End                            0x000000c0   Data           0  startup_skeaz1284.o(RESET)
    __Vectors_Size                           0x000000c0   Number         0  startup_skeaz1284.o ABSOLUTE
    __main                                   0x000000c1   Thumb Code     8  __main.o(!!!main)
    __scatterload                            0x000000c9   Thumb Code     0  __scatter.o(!!!scatter)
    __scatterload_rt2                        0x000000c9   Thumb Code    52  __scatter.o(!!!scatter)
    __scatterload_rt2_thumb_only             0x000000c9   Thumb Code     0  __scatter.o(!!!scatter)
    __scatterload_null                       0x000000d9   Thumb Code     0  __scatter.o(!!!scatter)
    __scatterload_copy                       0x00000105   Thumb Code    26  __scatter_copy.o(!!handler_copy)
    __scatterload_zeroinit                   0x00000121   Thumb Code    28  __scatter_zi.o(!!handler_zi)
    __rt_lib_init                            0x0000013d   Thumb Code     0  libinit.o(.ARM.Collect$$libinit$$00000000)
    __rt_lib_init_alloca_1                   0x0000013f   Thumb Code     0  libinit2.o(.ARM.Collect$$libinit$$0000002E)
    __rt_lib_init_argv_1                     0x0000013f   Thumb Code     0  libinit2.o(.ARM.Collect$$libinit$$0000002C)
    __rt_lib_init_atexit_1                   0x0000013f   Thumb Code     0  libinit2.o(.ARM.Collect$$libinit$$0000001B)
    __rt_lib_init_clock_1                    0x0000013f   Thumb Code     0  libinit2.o(.ARM.Collect$$libinit$$00000021)
    __rt_lib_init_cpp_1                      0x0000013f   Thumb Code     0  libinit2.o(.ARM.Collect$$libinit$$00000032)
    __rt_lib_init_exceptions_1               0x0000013f   Thumb Code     0  libinit2.o(.ARM.Collect$$libinit$$00000030)
    __rt_lib_init_fp_1                       0x0000013f   Thumb Code     0  libinit2.o(.ARM.Collect$$libinit$$00000002)
    __rt_lib_init_fp_trap_1                  0x0000013f   Thumb Code     0  libinit2.o(.ARM.Collect$$libinit$$0000001F)
    __rt_lib_init_getenv_1                   0x0000013f   Thumb Code     0  libinit2.o(.ARM.Collect$$libinit$$00000023)
    __rt_lib_init_heap_1                     0x0000013f   Thumb Code     0  libinit2.o(.ARM.Collect$$libinit$$0000000A)
    __rt_lib_init_lc_collate_1               0x0000013f   Thumb Code     0  libinit2.o(.ARM.Collect$$libinit$$00000011)
    __rt_lib_init_lc_ctype_1                 0x0000013f   Thumb Code     0  libinit2.o(.ARM.Collect$$libinit$$00000013)
    __rt_lib_init_lc_monetary_1              0x0000013f   Thumb Code     0  libinit2.o(.ARM.Collect$$libinit$$00000015)
    __rt_lib_init_lc_numeric_1               0x0000013f   Thumb Code     0  libinit2.o(.ARM.Collect$$libinit$$00000017)
    __rt_lib_init_lc_time_1                  0x0000013f   Thumb Code     0  libinit2.o(.ARM.Collect$$libinit$$00000019)
    __rt_lib_init_preinit_1                  0x0000013f   Thumb Code     0  libinit2.o(.ARM.Collect$$libinit$$00000004)
    __rt_lib_init_rand_1                     0x0000013f   Thumb Code     0  libinit2.o(.ARM.Collect$$libinit$$0000000E)
    __rt_lib_init_return                     0x0000013f   Thumb Code     0  libinit2.o(.ARM.Collect$$libinit$$00000033)
    __rt_lib_init_signal_1                   0x0000013f   Thumb Code     0  libinit2.o(.ARM.Collect$$libinit$$0000001D)
    __rt_lib_init_stdio_1                    0x0000013f   Thumb Code     0  libinit2.o(.ARM.Collect$$libinit$$00000025)
    __rt_lib_init_user_alloc_1               0x0000013f   Thumb Code     0  libinit2.o(.ARM.Collect$$libinit$$0000000C)
    __rt_lib_shutdown                        0x00000141   Thumb Code     0  libshutdown.o(.ARM.Collect$$libshutdown$$00000000)
    __rt_lib_shutdown_cpp_1                  0x00000143   Thumb Code     0  libshutdown2.o(.ARM.Collect$$libshutdown$$00000002)
    __rt_lib_shutdown_fp_trap_1              0x00000143   Thumb Code     0  libshutdown2.o(.ARM.Collect$$libshutdown$$00000007)
    __rt_lib_shutdown_heap_1                 0x00000143   Thumb Code     0  libshutdown2.o(.ARM.Collect$$libshutdown$$0000000F)
    __rt_lib_shutdown_return                 0x00000143   Thumb Code     0  libshutdown2.o(.ARM.Collect$$libshutdown$$00000010)
    __rt_lib_shutdown_signal_1               0x00000143   Thumb Code     0  libshutdown2.o(.ARM.Collect$$libshutdown$$0000000A)
    __rt_lib_shutdown_stdio_1                0x00000143   Thumb Code     0  libshutdown2.o(.ARM.Collect$$libshutdown$$00000004)
    __rt_lib_shutdown_user_alloc_1           0x00000143   Thumb Code     0  libshutdown2.o(.ARM.Collect$$libshutdown$$0000000C)
    __rt_entry                               0x00000145   Thumb Code     0  __rtentry.o(.ARM.Collect$$rtentry$$00000000)
    __rt_entry_presh_1                       0x00000145   Thumb Code     0  __rtentry2.o(.ARM.Collect$$rtentry$$00000002)
    __rt_entry_sh                            0x00000145   Thumb Code     0  __rtentry4.o(.ARM.Collect$$rtentry$$00000004)
    __rt_entry_li                            0x0000014b   Thumb Code     0  __rtentry2.o(.ARM.Collect$$rtentry$$0000000A)
    __rt_entry_postsh_1                      0x0000014b   Thumb Code     0  __rtentry2.o(.ARM.Collect$$rtentry$$00000009)
    __rt_entry_main                          0x0000014f   Thumb Code     0  __rtentry2.o(.ARM.Collect$$rtentry$$0000000D)
    __rt_entry_postli_1                      0x0000014f   Thumb Code     0  __rtentry2.o(.ARM.Collect$$rtentry$$0000000C)
    __rt_exit                                0x00000157   Thumb Code     0  rtexit.o(.ARM.Collect$$rtexit$$00000000)
    __rt_exit_ls                             0x00000159   Thumb Code     0  rtexit2.o(.ARM.Collect$$rtexit$$00000003)
    __rt_exit_prels_1                        0x00000159   Thumb Code     0  rtexit2.o(.ARM.Collect$$rtexit$$00000002)
    __rt_exit_exit                           0x0000015d   Thumb Code     0  rtexit2.o(.ARM.Collect$$rtexit$$00000004)
    init_data_bss                            0x00000165   Thumb Code     2  startup_skeaz1284.o(.text)
    Reset_Handler                            0x00000167   Thumb Code    12  startup_skeaz1284.o(.text)
    NMI_Handler                              0x00000173   Thumb Code     2  startup_skeaz1284.o(.text)
    HardFault_Handler                        0x00000175   Thumb Code     2  startup_skeaz1284.o(.text)
    SVC_Handler                              0x00000177   Thumb Code     2  startup_skeaz1284.o(.text)
    PendSV_Handler                           0x00000179   Thumb Code     2  startup_skeaz1284.o(.text)
    SysTick_Handler                          0x0000017b   Thumb Code     2  startup_skeaz1284.o(.text)
    ACMP0_IRQHandler                         0x0000017d   Thumb Code     0  startup_skeaz1284.o(.text)
    ACMP1_IRQHandler                         0x0000017d   Thumb Code     0  startup_skeaz1284.o(.text)
    ADC_IRQHandler                           0x0000017d   Thumb Code     0  startup_skeaz1284.o(.text)
    DefaultISR                               0x0000017d   Thumb Code     0  startup_skeaz1284.o(.text)
    FTM2_IRQHandler                          0x0000017d   Thumb Code     0  startup_skeaz1284.o(.text)
    FTMRE_IRQHandler                         0x0000017d   Thumb Code     0  startup_skeaz1284.o(.text)
    I2C0_IRQHandler                          0x0000017d   Thumb Code     0  startup_skeaz1284.o(.text)
    I2C1_IRQHandler                          0x0000017d   Thumb Code     0  startup_skeaz1284.o(.text)
    ICS_IRQHandler                           0x0000017d   Thumb Code     0  startup_skeaz1284.o(.text)
    IRQ_IRQHandler                           0x0000017d   Thumb Code     0  startup_skeaz1284.o(.text)
    KBI1_IRQHandler                          0x0000017d   Thumb Code     0  startup_skeaz1284.o(.text)
    MSCAN_RX_IRQHandler                      0x0000017d   Thumb Code     0  startup_skeaz1284.o(.text)
    MSCAN_TX_IRQHandler                      0x0000017d   Thumb Code     0  startup_skeaz1284.o(.text)
    PIT_CH1_IRQHandler                       0x0000017d   Thumb Code     0  startup_skeaz1284.o(.text)
    PMC_IRQHandler                           0x0000017d   Thumb Code     0  startup_skeaz1284.o(.text)
    PWT_IRQHandler                           0x0000017d   Thumb Code     0  startup_skeaz1284.o(.text)
    RTC_IRQHandler                           0x0000017d   Thumb Code     0  startup_skeaz1284.o(.text)
    Reserved16_IRQHandler                    0x0000017d   Thumb Code     0  startup_skeaz1284.o(.text)
    Reserved17_IRQHandler                    0x0000017d   Thumb Code     0  startup_skeaz1284.o(.text)
    Reserved18_IRQHandler                    0x0000017d   Thumb Code     0  startup_skeaz1284.o(.text)
    Reserved19_IRQHandler                    0x0000017d   Thumb Code     0  startup_skeaz1284.o(.text)
    Reserved20_IRQHandler                    0x0000017d   Thumb Code     0  startup_skeaz1284.o(.text)
    Reserved42_IRQHandler                    0x0000017d   Thumb Code     0  startup_skeaz1284.o(.text)
    SPI0_IRQHandler                          0x0000017d   Thumb Code     0  startup_skeaz1284.o(.text)
    SPI1_IRQHandler                          0x0000017d   Thumb Code     0  startup_skeaz1284.o(.text)
    UART0_IRQHandler                         0x0000017d   Thumb Code     0  startup_skeaz1284.o(.text)
    UART1_IRQHandler                         0x0000017d   Thumb Code     0  startup_skeaz1284.o(.text)
    UART2_IRQHandler                         0x0000017d   Thumb Code     0  startup_skeaz1284.o(.text)
    WDOG_IRQHandler                          0x0000017d   Thumb Code     0  startup_skeaz1284.o(.text)
    __user_initial_stackheap                 0x00000181   Thumb Code     0  startup_skeaz1284.o(.text)
    strcpy                                   0x000001a5   Thumb Code    70  strcpy.o(.text)
    __aeabi_uidiv                            0x000001f1   Thumb Code     0  aeabi_sdiv.o(.text)
    __aeabi_uidivmod                         0x000001f1   Thumb Code    20  aeabi_sdiv.o(.text)
    __aeabi_idiv                             0x00000205   Thumb Code     0  aeabi_sdiv.o(.text)
    __aeabi_idivmod                          0x00000205   Thumb Code   326  aeabi_sdiv.o(.text)
    __use_two_region_memory                  0x0000034b   Thumb Code     2  heapauxi.o(.text)
    __rt_heap_escrow$2region                 0x0000034d   Thumb Code     2  heapauxi.o(.text)
    __rt_heap_expand$2region                 0x0000034f   Thumb Code     2  heapauxi.o(.text)
    __aeabi_d2f                              0x00000351   Thumb Code     0  d2f.o(.text)
    _d2f                                     0x00000351   Thumb Code   120  d2f.o(.text)
    __aeabi_f2uiz                            0x000003cd   Thumb Code     0  ffixui.o(.text)
    _ffixu                                   0x000003cd   Thumb Code    48  ffixui.o(.text)
    __I$use$semihosting                      0x000003fd   Thumb Code     0  use_no_semi.o(.text)
    __use_no_semihosting_swi                 0x000003fd   Thumb Code     2  use_no_semi.o(.text)
    __I$use$fp                               0x000003fe   Number         0  usenofp.o(x$fpl$usenofp)
    __semihosting_library_function           0x000003ff   Thumb Code     0  indicate_semi.o(.text)
    __aeabi_dadd                             0x00000709   Thumb Code     0  daddsub.o(.text)
    _dadd                                    0x00000709   Thumb Code    26  daddsub.o(.text)
    __aeabi_dsub                             0x00000723   Thumb Code     0  daddsub.o(.text)
    _dsub                                    0x00000723   Thumb Code    22  daddsub.o(.text)
    __aeabi_drsub                            0x00000739   Thumb Code     0  daddsub.o(.text)
    _drsb                                    0x00000739   Thumb Code    28  daddsub.o(.text)
    __aeabi_ddiv                             0x00000769   Thumb Code     0  ddiv.o(.text)
    _ddiv                                    0x00000769   Thumb Code  1072  ddiv.o(.text)
    _drdiv                                   0x00000b99   Thumb Code    20  ddiv.o(.text)
    __aeabi_d2iz                             0x00000bb1   Thumb Code     0  dfixi.o(.text)
    _dfix                                    0x00000bb1   Thumb Code    98  dfixi.o(.text)
    __aeabi_i2d_normalise                    0x00000c1d   Thumb Code    66  dflti.o(.text)
    __aeabi_i2d                              0x00000c5f   Thumb Code    16  dflti.o(.text)
    _dflt                                    0x00000c5f   Thumb Code     0  dflti.o(.text)
    __aeabi_ui2d                             0x00000c6f   Thumb Code     6  dflti.o(.text)
    _dfltu                                   0x00000c6f   Thumb Code     0  dflti.o(.text)
    __aeabi_dmul                             0x00000c75   Thumb Code     0  dmul.o(.text)
    _dmul                                    0x00000c75   Thumb Code   558  dmul.o(.text)
    __aeabi_f2d                              0x00000ebd   Thumb Code     0  f2d.o(.text)
    _f2d                                     0x00000ebd   Thumb Code    80  f2d.o(.text)
    __aeabi_fdiv                             0x00000f11   Thumb Code     0  fdiv.o(.text)
    _fdiv                                    0x00000f11   Thumb Code   334  fdiv.o(.text)
    _frdiv                                   0x0000105f   Thumb Code     8  fdiv.o(.text)
    __aeabi_f2iz                             0x00001071   Thumb Code     0  ffixi.o(.text)
    _ffix                                    0x00001071   Thumb Code    76  ffixi.o(.text)
    __aeabi_i2f_normalise                    0x000010bd   Thumb Code    72  fflti.o(.text)
    __aeabi_i2f                              0x00001105   Thumb Code    16  fflti.o(.text)
    _fflt                                    0x00001105   Thumb Code     0  fflti.o(.text)
    __aeabi_ui2f                             0x00001115   Thumb Code     6  fflti.o(.text)
    _ffltu                                   0x00001115   Thumb Code     0  fflti.o(.text)
    __fpl_dcmp_InfNaN                        0x0000111d   Thumb Code   140  dcmpin.o(.text)
    __fpl_fcmp_InfNaN                        0x000011ad   Thumb Code    96  fcmpin.o(.text)
    __fpl_cmpreturn                          0x00001211   Thumb Code    46  cmpret.o(.text)
    __fpl_dcheck_NaN2                        0x00001241   Thumb Code    14  dnan2.o(.text)
    __ARM_scalbn                             0x00001255   Thumb Code    84  dscalbn.o(.text)
    __fpl_fcheck_NaN2                        0x000012b5   Thumb Code    10  fnan2.o(.text)
    __user_libspace                          0x000012c5   Thumb Code     8  libspace.o(.text)
    __user_perproc_libspace                  0x000012c5   Thumb Code     0  libspace.o(.text)
    __user_perthread_libspace                0x000012c5   Thumb Code     0  libspace.o(.text)
    __user_setup_stackheap                   0x000012cd   Thumb Code    62  sys_stackheap_outer.o(.text)
    exit                                     0x0000130b   Thumb Code    16  exit.o(.text)
    __fpl_return_NaN                         0x0000131b   Thumb Code    94  retnan.o(.text)
    _sys_exit                                0x00001379   Thumb Code     8  sys_exit.o(.text)
    EncoderClrFlag                           0x00001385   Thumb Code    44  encoder.o(i.EncoderClrFlag)
    EncoderRead                              0x000013b9   Thumb Code    56  encoder.o(i.EncoderRead)
    FTM0_IRQHandler                          0x000013f9   Thumb Code   188  balance_isr.o(i.FTM0_IRQHandler)
    FTM1_IRQHandler                          0x000014d9   Thumb Code   188  balance_isr.o(i.FTM1_IRQHandler)
    FTMEnInterrupt                           0x000015b9   Thumb Code    22  incap.o(i.FTMEnInterrupt)
    FTM_PWM_init                             0x000015d5   Thumb Code   478  pwm.o(i.FTM_PWM_init)
    FTM_PWM_set_duty                         0x000017d5   Thumb Code    80  pwm.o(i.FTM_PWM_set_duty)
    GYROInit                                 0x00001831   Thumb Code    70  gyro.o(i.GYROInit)
    GYRORead                                 0x00001881   Thumb Code   118  gyro.o(i.GYRORead)
    GYROReadn                                0x000018fd   Thumb Code    40  gyro.o(i.GYROReadn)
    INCaptureInit                            0x00001925   Thumb Code   272  incap.o(i.INCaptureInit)
    KALMANFilter                             0x00001a41   Thumb Code   154  balancecontrol.o(i.KALMANFilter)
    KBI0_IRQHandler                          0x00001af1   Thumb Code   880  balance_isr.o(i.KBI0_IRQHandler)
    KBIClear                                 0x00001e81   Thumb Code    68  kbi.o(i.KBIClear)
    KBIInit                                  0x00001ecd   Thumb Code   464  kbi.o(i.KBIInit)
    OLEDDisplay                              0x0000215d   Thumb Code   390  display.o(i.OLEDDisplay)
    OLED_Clear                               0x00002301   Thumb Code    64  oled.o(i.OLED_Clear)
    OLED_Init                                0x00002341   Thumb Code   346  oled.o(i.OLED_Init)
    OLED_Set_Pos                             0x000024a1   Thumb Code    52  oled.o(i.OLED_Set_Pos)
    OLED_ShowChar                            0x000024d5   Thumb Code    72  oled.o(i.OLED_ShowChar)
    OLED_ShowNum                             0x00002521   Thumb Code   136  oled.o(i.OLED_ShowNum)
    OLED_ShowString                          0x000025a9   Thumb Code    50  oled.o(i.OLED_ShowString)
    OLED_WR_Byte                             0x000025dd   Thumb Code   122  oled.o(i.OLED_WR_Byte)
    PIDInit                                  0x0000265d   Thumb Code    22  pid.o(i.PIDInit)
    PIDcalc                                  0x00002673   Thumb Code   102  pid.o(i.PIDcalc)
    PIT_CH0_IRQHandler                       0x000026d9   Thumb Code   260  balance_isr.o(i.PIT_CH0_IRQHandler)
    SystemInit                               0x000027ed   Thumb Code    80  system_skeaz1284.o(i.SystemInit)
    __ARM_fpclassify                         0x0000284d   Thumb Code    40  fpclassify.o(i.__ARM_fpclassify)
    __kernel_poly                            0x00002879   Thumb Code   172  poly.o(i.__kernel_poly)
    __mathlib_dbl_infnan                     0x00002925   Thumb Code    10  dunder.o(i.__mathlib_dbl_infnan)
    __mathlib_dbl_infnan2                    0x0000292f   Thumb Code     8  dunder.o(i.__mathlib_dbl_infnan2)
    __mathlib_dbl_underflow                  0x00002939   Thumb Code    14  dunder.o(i.__mathlib_dbl_underflow)
    acceInit                                 0x0000294d   Thumb Code   142  accelerometer.o(i.acceInit)
    acceReadL                                0x000029e5   Thumb Code   118  accelerometer.o(i.acceReadL)
    acceSolveData                            0x00002a5b   Thumb Code   108  accelerometer.o(i.acceSolveData)
    acceWriteByte                            0x00002ac7   Thumb Code    76  accelerometer.o(i.acceWriteByte)
    acce_readbyte                            0x00002b13   Thumb Code    90  accelerometer.o(i.acce_readbyte)
    atan                                     0x00002b6d   Thumb Code   472  atan.o(i.atan)
    atan2                                    0x00002d89   Thumb Code   334  atan2.o(i.atan2)
    calcDuty                                 0x00002f01   Thumb Code    40  motor.o(i.calcDuty)
    dataDecrement                            0x00002f35   Thumb Code    14  display.o(i.dataDecrement)
    dataIncrement                            0x00002f49   Thumb Code    14  display.o(i.dataIncrement)
    delay_Init                               0x00002f5d   Thumb Code    60  delay.o(i.delay_Init)
    delay_ms                                 0x00002f9d   Thumb Code   132  delay.o(i.delay_ms)
    delay_us                                 0x0000302d   Thumb Code   150  delay.o(i.delay_us)
    dis_num                                  0x000030d1   Thumb Code   198  oled.o(i.dis_num)
    getGyroMid                               0x00003199   Thumb Code    22  gyro.o(i.getGyroMid)
    globalDisplayInit                        0x000031b5   Thumb Code   648  balance.o(i.globalDisplayInit)
    globalKBIInit                            0x000034dd   Thumb Code    64  balance.o(i.globalKBIInit)
    globalKalmanLoop                         0x0000351d   Thumb Code   468  balance.o(i.globalKalmanLoop)
    gpio_get                                 0x0000373d   Thumb Code   118  gpio.o(i.gpio_get)
    gpio_init                                0x000037bd   Thumb Code   180  gpio.o(i.gpio_init)
    gpio_pull                                0x00003881   Thumb Code   218  gpio.o(i.gpio_pull)
    gpio_set                                 0x00003965   Thumb Code   142  gpio.o(i.gpio_set)
    gpio_setIn                               0x000039fd   Thumb Code   134  gpio.o(i.gpio_setIn)
    gpio_setOut                              0x00003a8d   Thumb Code   134  gpio.o(i.gpio_setOut)
    i2c_Ack                                  0x00003b1d   Thumb Code    74  i2c.o(i.i2c_Ack)
    i2c_InitConfig                           0x00003b67   Thumb Code    54  i2c.o(i.i2c_InitConfig)
    i2c_NAck                                 0x00003b9d   Thumb Code    74  i2c.o(i.i2c_NAck)
    i2c_Read_Byte                            0x00003be7   Thumb Code   102  i2c.o(i.i2c_Read_Byte)
    i2c_Send_Byte                            0x00003c4d   Thumb Code   102  i2c.o(i.i2c_Send_Byte)
    i2c_Start                                0x00003cb3   Thumb Code    64  i2c.o(i.i2c_Start)
    i2c_Stop                                 0x00003cf3   Thumb Code    64  i2c.o(i.i2c_Stop)
    i2c_Wait_Ack                             0x00003d33   Thumb Code    88  i2c.o(i.i2c_Wait_Ack)
    initEncoder                              0x00003d8d   Thumb Code    98  encoder.o(i.initEncoder)
    initMotor                                0x00003df9   Thumb Code    74  motor.o(i.initMotor)
    isEncoderFlagSet                         0x00003e45   Thumb Code    40  encoder.o(i.isEncoderFlagSet)
    isKBIFlagSet                             0x00003e75   Thumb Code    38  kbi.o(i.isKBIFlagSet)
    lineSwitch                               0x00003ea5   Thumb Code    36  display.o(i.lineSwitch)
    main                                     0x00003ed1   Thumb Code   632  balance.o(i.main)
    oled_pow                                 0x000041a1   Thumb Code    26  oled.o(i.oled_pow)
    pageSwitch                               0x000041bd   Thumb Code    30  display.o(i.pageSwitch)
    pitInit_us                               0x000041e5   Thumb Code   144  pit.o(i.pitInit_us)
    pit_IRQClearFlag                         0x00004285   Thumb Code    22  pit.o(i.pit_IRQClearFlag)
    pit_IRQSwitch                            0x000042a1   Thumb Code    68  pit.o(i.pit_IRQSwitch)
    pit_Switch                               0x000042e5   Thumb Code    50  pit.o(i.pit_Switch)
    setForwDuty                              0x0000431d   Thumb Code    82  motor.o(i.setForwDuty)
    speedLeagalize                           0x00004371   Thumb Code    36  motor.o(i.speedLeagalize)
    __aeabi_cdcmple                          0x00004399   Thumb Code     0  dlef.o(x$fpl$dleqf)
    _dcmple                                  0x00004399   Thumb Code    94  dlef.o(x$fpl$dleqf)
    __aeabi_fadd                             0x000043fd   Thumb Code     0  faddsub.o(x$fpl$fadd)
    _fadd                                    0x000043fd   Thumb Code   134  faddsub.o(x$fpl$fadd)
    __aeabi_cfcmple                          0x00004489   Thumb Code     0  flef.o(x$fpl$fleqf)
    _fcmple                                  0x00004489   Thumb Code    78  flef.o(x$fpl$fleqf)
    __aeabi_fmul                             0x000044dd   Thumb Code     0  fmul.o(x$fpl$fmul)
    _fmul                                    0x000044dd   Thumb Code   172  fmul.o(x$fpl$fmul)
    __aeabi_cfrcmple                         0x0000458d   Thumb Code     0  frlef.o(x$fpl$frleqf)
    _frcmple                                 0x0000458d   Thumb Code    84  frlef.o(x$fpl$frleqf)
    __aeabi_fsub                             0x000045e5   Thumb Code     0  faddsub.o(x$fpl$fsub)
    _fsub                                    0x000045e5   Thumb Code   204  faddsub.o(x$fpl$fsub)
    FTM_ARR                                  0x000046b4   Data          12  pwm.o(.constdata)
    F6x8                                     0x000046c0   Data         552  oled.o(.constdata)
    F8X16                                    0x000048e8   Data        1520  oled.o(.constdata)
    __mathlib_zero                           0x00005030   Data           8  qnan.o(.constdata)
    Region$$Table$$Base                      0x00005038   Number         0  anon$$obj.o(Region$$Table)
    Region$$Table$$Limit                     0x00005058   Number         0  anon$$obj.o(Region$$Table)
    SystemCoreClock                          0x1ffff000   Data           4  system_skeaz1284.o(.data)
    bit                                      0x1ffff004   Data           4  gpio.o(.data)
    FTM_ARR2                                 0x1ffff00c   Data          12  incap.o(.data)
    focusLine                                0x1ffff018   Data           1  display.o(.data)
    currPage                                 0x1ffff019   Data           1  display.o(.data)
    flag                                     0x1ffff01a   Data           1  display.o(.data)
    dispLines                                0x1ffff01b   Data           8  display.o(.data)
    spaces                                   0x1ffff023   Data          18  display.o(.data)
    delay_tmp                                0x1ffff038   Data           4  delay.o(.data)
    MMA_Mode_Val                             0x1ffff03c   Data           1  accelerometer.o(.data)
    MMA_Sensi_Val                            0x1ffff03d   Data           1  accelerometer.o(.data)
    gyroMid                                  0x1ffff03e   Data           2  gyro.o(.data)
    peripheralRun                            0x1ffff048   Data           1  balance.o(.data)
    runningMode                              0x1ffff049   Data           1  balance.o(.data)
    rawAcce                                  0x1ffff04a   Data           8  balance.o(.data)
    acceValue                                0x1ffff052   Data           6  balance.o(.data)
    angVelocity                              0x1ffff058   Data           2  balance.o(.data)
    xAxisMean                                0x1ffff05a   Data           2  balance.o(.data)
    zAxisMean                                0x1ffff05c   Data           2  balance.o(.data)
    gyroMean                                 0x1ffff05e   Data           2  balance.o(.data)
    acceAngle                                0x1ffff060   Data           2  balance.o(.data)
    gyroAngle                                0x1ffff062   Data           2  balance.o(.data)
    KalmanAngle                              0x1ffff064   Data           2  balance.o(.data)
    sSpeed                                   0x1ffff066   Data           4  balance.o(.data)
    sendSpeed                                0x1ffff06c   Data           8  balance.o(.data)
    setGoalRPM                               0x1ffff074   Data           8  balance.o(.data)
    globalCount                              0x1ffff07c   Data           2  balance.o(.data)
    array                                    0x1ffff07e   Data           6  balance.o(.data)
    GyroMid                                  0x1ffff084   Data           2  balance.o(.data)
    frequency                                0x1ffff088   Data           4  balance_isr.o(.data)
    countLoop                                0x1ffff08c   Data           4  balance_isr.o(.data)
    speedRPM                                 0x1ffff090   Data           8  balance_isr.o(.data)
    avg                                      0x1ffff098   Data           4  balance_isr.o(.data)
    gyroValue                                0x1ffff0b4   Data          10  balance.o(.bss)
    xAxis                                    0x1ffff0be   Data          10  balance.o(.bss)
    zAxis                                    0x1ffff0c8   Data          10  balance.o(.bss)
    items                                    0x1ffff0d4   Data         272  balance.o(.bss)
    PID_Speed                                0x1ffff1e4   Data          64  balance.o(.bss)
    __libspace_start                         0x1ffff24c   Data          96  libspace.o(.bss)
    __temporary_stack_top$libspace           0x1ffff2ac   Data           0  libspace.o(.bss)



==============================================================================

Memory Map of the image

  Image Entry point : 0x000000c1

  Load Region LR_IROM1 (Base: 0x00000000, Size: 0x0000510c, Max: 0x00020000, ABSOLUTE)

    Execution Region ER_IROM1 (Base: 0x00000000, Size: 0x00005058, Max: 0x00020000, ABSOLUTE)

    Base Addr    Size         Type   Attr      Idx    E Section Name        Object

    0x00000000   0x000000c0   Data   RO            3    RESET               startup_skeaz1284.o
    0x000000c0   0x00000008   Code   RO         1045  * !!!main             c_p.l(__main.o)
    0x000000c8   0x0000003c   Code   RO         1311    !!!scatter          c_p.l(__scatter.o)
    0x00000104   0x0000001a   Code   RO         1313    !!handler_copy      c_p.l(__scatter_copy.o)
    0x0000011e   0x00000002   PAD
    0x00000120   0x0000001c   Code   RO         1315    !!handler_zi        c_p.l(__scatter_zi.o)
    0x0000013c   0x00000002   Code   RO         1181    .ARM.Collect$$libinit$$00000000  c_p.l(libinit.o)
    0x0000013e   0x00000000   Code   RO         1194    .ARM.Collect$$libinit$$00000002  c_p.l(libinit2.o)
    0x0000013e   0x00000000   Code   RO         1196    .ARM.Collect$$libinit$$00000004  c_p.l(libinit2.o)
    0x0000013e   0x00000000   Code   RO         1199    .ARM.Collect$$libinit$$0000000A  c_p.l(libinit2.o)
    0x0000013e   0x00000000   Code   RO         1201    .ARM.Collect$$libinit$$0000000C  c_p.l(libinit2.o)
    0x0000013e   0x00000000   Code   RO         1203    .ARM.Collect$$libinit$$0000000E  c_p.l(libinit2.o)
    0x0000013e   0x00000000   Code   RO         1206    .ARM.Collect$$libinit$$00000011  c_p.l(libinit2.o)
    0x0000013e   0x00000000   Code   RO         1208    .ARM.Collect$$libinit$$00000013  c_p.l(libinit2.o)
    0x0000013e   0x00000000   Code   RO         1210    .ARM.Collect$$libinit$$00000015  c_p.l(libinit2.o)
    0x0000013e   0x00000000   Code   RO         1212    .ARM.Collect$$libinit$$00000017  c_p.l(libinit2.o)
    0x0000013e   0x00000000   Code   RO         1214    .ARM.Collect$$libinit$$00000019  c_p.l(libinit2.o)
    0x0000013e   0x00000000   Code   RO         1216    .ARM.Collect$$libinit$$0000001B  c_p.l(libinit2.o)
    0x0000013e   0x00000000   Code   RO         1218    .ARM.Collect$$libinit$$0000001D  c_p.l(libinit2.o)
    0x0000013e   0x00000000   Code   RO         1220    .ARM.Collect$$libinit$$0000001F  c_p.l(libinit2.o)
    0x0000013e   0x00000000   Code   RO         1222    .ARM.Collect$$libinit$$00000021  c_p.l(libinit2.o)
    0x0000013e   0x00000000   Code   RO         1224    .ARM.Collect$$libinit$$00000023  c_p.l(libinit2.o)
    0x0000013e   0x00000000   Code   RO         1226    .ARM.Collect$$libinit$$00000025  c_p.l(libinit2.o)
    0x0000013e   0x00000000   Code   RO         1230    .ARM.Collect$$libinit$$0000002C  c_p.l(libinit2.o)
    0x0000013e   0x00000000   Code   RO         1232    .ARM.Collect$$libinit$$0000002E  c_p.l(libinit2.o)
    0x0000013e   0x00000000   Code   RO         1234    .ARM.Collect$$libinit$$00000030  c_p.l(libinit2.o)
    0x0000013e   0x00000000   Code   RO         1236    .ARM.Collect$$libinit$$00000032  c_p.l(libinit2.o)
    0x0000013e   0x00000002   Code   RO         1237    .ARM.Collect$$libinit$$00000033  c_p.l(libinit2.o)
    0x00000140   0x00000002   Code   RO         1268    .ARM.Collect$$libshutdown$$00000000  c_p.l(libshutdown.o)
    0x00000142   0x00000000   Code   RO         1294    .ARM.Collect$$libshutdown$$00000002  c_p.l(libshutdown2.o)
    0x00000142   0x00000000   Code   RO         1296    .ARM.Collect$$libshutdown$$00000004  c_p.l(libshutdown2.o)
    0x00000142   0x00000000   Code   RO         1299    .ARM.Collect$$libshutdown$$00000007  c_p.l(libshutdown2.o)
    0x00000142   0x00000000   Code   RO         1302    .ARM.Collect$$libshutdown$$0000000A  c_p.l(libshutdown2.o)
    0x00000142   0x00000000   Code   RO         1304    .ARM.Collect$$libshutdown$$0000000C  c_p.l(libshutdown2.o)
    0x00000142   0x00000000   Code   RO         1307    .ARM.Collect$$libshutdown$$0000000F  c_p.l(libshutdown2.o)
    0x00000142   0x00000002   Code   RO         1308    .ARM.Collect$$libshutdown$$00000010  c_p.l(libshutdown2.o)
    0x00000144   0x00000000   Code   RO         1093    .ARM.Collect$$rtentry$$00000000  c_p.l(__rtentry.o)
    0x00000144   0x00000000   Code   RO         1131    .ARM.Collect$$rtentry$$00000002  c_p.l(__rtentry2.o)
    0x00000144   0x00000006   Code   RO         1143    .ARM.Collect$$rtentry$$00000004  c_p.l(__rtentry4.o)
    0x0000014a   0x00000000   Code   RO         1133    .ARM.Collect$$rtentry$$00000009  c_p.l(__rtentry2.o)
    0x0000014a   0x00000004   Code   RO         1134    .ARM.Collect$$rtentry$$0000000A  c_p.l(__rtentry2.o)
    0x0000014e   0x00000000   Code   RO         1136    .ARM.Collect$$rtentry$$0000000C  c_p.l(__rtentry2.o)
    0x0000014e   0x00000008   Code   RO         1137    .ARM.Collect$$rtentry$$0000000D  c_p.l(__rtentry2.o)
    0x00000156   0x00000002   Code   RO         1185    .ARM.Collect$$rtexit$$00000000  c_p.l(rtexit.o)
    0x00000158   0x00000000   Code   RO         1241    .ARM.Collect$$rtexit$$00000002  c_p.l(rtexit2.o)
    0x00000158   0x00000004   Code   RO         1242    .ARM.Collect$$rtexit$$00000003  c_p.l(rtexit2.o)
    0x0000015c   0x00000006   Code   RO         1243    .ARM.Collect$$rtexit$$00000004  c_p.l(rtexit2.o)
    0x00000162   0x00000002   PAD
    0x00000164   0x00000040   Code   RO            5    .text               startup_skeaz1284.o
    0x000001a4   0x0000004c   Code   RO         1037    .text               c_p.l(strcpy.o)
    0x000001f0   0x0000015a   Code   RO         1039    .text               c_p.l(aeabi_sdiv.o)
    0x0000034a   0x00000006   Code   RO         1043    .text               c_p.l(heapauxi.o)
    0x00000350   0x0000007c   Code   RO         1047    .text               fz_ps.l(d2f.o)
    0x000003cc   0x00000030   Code   RO         1075    .text               fz_ps.l(ffixui.o)
    0x000003fc   0x00000002   Code   RO         1257    .text               c_p.l(use_no_semi.o)
    0x000003fe   0x00000000   Code   RO         1259    .text               c_p.l(indicate_semi.o)
    0x000003fe   0x00000000   Code   RO         1104    x$fpl$usenofp       fz_ps.l(usenofp.o)
    0x000003fe   0x00000002   PAD
    0x00000400   0x00000010   Code   RO            4    .ARM.__at_0x400     startup_skeaz1284.o
    0x00000410   0x00000358   Code   RO         1049    .text               fz_ps.l(daddsub.o)
    0x00000768   0x00000448   Code   RO         1051    .text               fz_ps.l(ddiv.o)
    0x00000bb0   0x0000006c   Code   RO         1054    .text               fz_ps.l(dfixi.o)
    0x00000c1c   0x00000058   Code   RO         1056    .text               fz_ps.l(dflti.o)
    0x00000c74   0x00000248   Code   RO         1060    .text               fz_ps.l(dmul.o)
    0x00000ebc   0x00000054   Code   RO         1062    .text               fz_ps.l(f2d.o)
    0x00000f10   0x00000160   Code   RO         1070    .text               fz_ps.l(fdiv.o)
    0x00001070   0x0000004c   Code   RO         1073    .text               fz_ps.l(ffixi.o)
    0x000010bc   0x0000005e   Code   RO         1077    .text               fz_ps.l(fflti.o)
    0x0000111a   0x00000002   PAD
    0x0000111c   0x00000090   Code   RO         1100    .text               fz_ps.l(dcmpin.o)
    0x000011ac   0x00000064   Code   RO         1102    .text               fz_ps.l(fcmpin.o)
    0x00001210   0x0000002e   Code   RO         1152    .text               fz_ps.l(cmpret.o)
    0x0000123e   0x00000002   PAD
    0x00001240   0x00000014   Code   RO         1154    .text               fz_ps.l(dnan2.o)
    0x00001254   0x00000060   Code   RO         1156    .text               fz_ps.l(dscalbn.o)
    0x000012b4   0x00000010   Code   RO         1158    .text               fz_ps.l(fnan2.o)
    0x000012c4   0x00000008   Code   RO         1164    .text               c_p.l(libspace.o)
    0x000012cc   0x0000003e   Code   RO         1167    .text               c_p.l(sys_stackheap_outer.o)
    0x0000130a   0x00000010   Code   RO         1170    .text               c_p.l(exit.o)
    0x0000131a   0x0000005e   Code   RO         1182    .text               fz_ps.l(retnan.o)
    0x00001378   0x0000000c   Code   RO         1238    .text               c_p.l(sys_exit.o)
    0x00001384   0x00000034   Code   RO          842    i.EncoderClrFlag    encoder.o
    0x000013b8   0x00000040   Code   RO          843    i.EncoderRead       encoder.o
    0x000013f8   0x000000e0   Code   RO          991    i.FTM0_IRQHandler   balance_isr.o
    0x000014d8   0x000000e0   Code   RO          992    i.FTM1_IRQHandler   balance_isr.o
    0x000015b8   0x0000001c   Code   RO          388    i.FTMEnInterrupt    incap.o
    0x000015d4   0x00000200   Code   RO          355    i.FTM_PWM_init      pwm.o
    0x000017d4   0x0000005c   Code   RO          356    i.FTM_PWM_set_duty  pwm.o
    0x00001830   0x00000050   Code   RO          728    i.GYROInit          gyro.o
    0x00001880   0x0000007c   Code   RO          729    i.GYRORead          gyro.o
    0x000018fc   0x00000028   Code   RO          730    i.GYROReadn         gyro.o
    0x00001924   0x0000011c   Code   RO          390    i.INCaptureInit     incap.o
    0x00001a40   0x000000b0   Code   RO          807    i.KALMANFilter      balancecontrol.o
    0x00001af0   0x00000390   Code   RO          993    i.KBI0_IRQHandler   balance_isr.o
    0x00001e80   0x0000004c   Code   RO          137    i.KBIClear          kbi.o
    0x00001ecc   0x000001dc   Code   RO          138    i.KBIInit           kbi.o
    0x000020a8   0x00000014   Code   RO          254    i.NVIC_DisableIRQ   pit.o
    0x000020bc   0x00000014   Code   RO          139    i.NVIC_EnableIRQ    kbi.o
    0x000020d0   0x00000014   Code   RO          255    i.NVIC_EnableIRQ    pit.o
    0x000020e4   0x00000078   Code   RO          623    i.NVIC_SetPriority  delay.o
    0x0000215c   0x000001a4   Code   RO          573    i.OLEDDisplay       display.o
    0x00002300   0x00000040   Code   RO          475    i.OLED_Clear        oled.o
    0x00002340   0x00000160   Code   RO          479    i.OLED_Init         oled.o
    0x000024a0   0x00000034   Code   RO          480    i.OLED_Set_Pos      oled.o
    0x000024d4   0x0000004c   Code   RO          481    i.OLED_ShowChar     oled.o
    0x00002520   0x00000088   Code   RO          482    i.OLED_ShowNum      oled.o
    0x000025a8   0x00000032   Code   RO          483    i.OLED_ShowString   oled.o
    0x000025da   0x00000002   PAD
    0x000025dc   0x00000080   Code   RO          484    i.OLED_WR_Byte      oled.o
    0x0000265c   0x00000016   Code   RO          778    i.PIDInit           pid.o
    0x00002672   0x00000066   Code   RO          779    i.PIDcalc           pid.o
    0x000026d8   0x00000114   Code   RO          994    i.PIT_CH0_IRQHandler  balance_isr.o
    0x000027ec   0x00000060   Code   RO           16    i.SystemInit        system_skeaz1284.o
    0x0000284c   0x0000002c   Code   RO         1160    i.__ARM_fpclassify  m_ps.l(fpclassify.o)
    0x00002878   0x000000ac   Code   RO         1162    i.__kernel_poly     m_ps.l(poly.o)
    0x00002924   0x0000000a   Code   RO         1116    i.__mathlib_dbl_infnan  m_ps.l(dunder.o)
    0x0000292e   0x00000008   Code   RO         1117    i.__mathlib_dbl_infnan2  m_ps.l(dunder.o)
    0x00002936   0x00000002   PAD
    0x00002938   0x00000014   Code   RO         1121    i.__mathlib_dbl_underflow  m_ps.l(dunder.o)
    0x0000294c   0x00000098   Code   RO          666    i.acceInit          accelerometer.o
    0x000029e4   0x00000076   Code   RO          668    i.acceReadL         accelerometer.o
    0x00002a5a   0x0000006c   Code   RO          669    i.acceSolveData     accelerometer.o
    0x00002ac6   0x0000004c   Code   RO          670    i.acceWriteByte     accelerometer.o
    0x00002b12   0x0000005a   Code   RO          672    i.acce_readbyte     accelerometer.o
    0x00002b6c   0x0000021c   Code   RO         1106    i.atan              m_ps.l(atan.o)
    0x00002d88   0x00000178   Code   RO         1086    i.atan2             m_ps.l(atan2.o)
    0x00002f00   0x00000034   Code   RO          883    i.calcDuty          motor.o
    0x00002f34   0x00000014   Code   RO          574    i.dataDecrement     display.o
    0x00002f48   0x00000014   Code   RO          575    i.dataIncrement     display.o
    0x00002f5c   0x00000040   Code   RO          624    i.delay_Init        delay.o
    0x00002f9c   0x00000090   Code   RO          625    i.delay_ms          delay.o
    0x0000302c   0x000000a4   Code   RO          626    i.delay_us          delay.o
    0x000030d0   0x000000c6   Code   RO          486    i.dis_num           oled.o
    0x00003196   0x00000002   PAD
    0x00003198   0x0000001c   Code   RO          732    i.getGyroMid        gyro.o
    0x000031b4   0x00000328   Code   RO          930    i.globalDisplayInit  balance.o
    0x000034dc   0x00000040   Code   RO          931    i.globalKBIInit     balance.o
    0x0000351c   0x00000220   Code   RO          932    i.globalKalmanLoop  balance.o
    0x0000373c   0x00000080   Code   RO           63    i.gpio_get          gpio.o
    0x000037bc   0x000000bc   Code   RO           64    i.gpio_init         gpio.o
    0x00003878   0x00000008   Code   RO           65    i.gpio_port_pin_num  gpio.o
    0x00003880   0x000000e4   Code   RO           66    i.gpio_pull         gpio.o
    0x00003964   0x00000098   Code   RO           68    i.gpio_set          gpio.o
    0x000039fc   0x00000090   Code   RO           69    i.gpio_setIn        gpio.o
    0x00003a8c   0x00000090   Code   RO           70    i.gpio_setOut       gpio.o
    0x00003b1c   0x0000004a   Code   RO          180    i.i2c_Ack           i2c.o
    0x00003b66   0x00000036   Code   RO          181    i.i2c_InitConfig    i2c.o
    0x00003b9c   0x0000004a   Code   RO          182    i.i2c_NAck          i2c.o
    0x00003be6   0x00000066   Code   RO          183    i.i2c_Read_Byte     i2c.o
    0x00003c4c   0x00000066   Code   RO          184    i.i2c_Send_Byte     i2c.o
    0x00003cb2   0x00000040   Code   RO          185    i.i2c_Start         i2c.o
    0x00003cf2   0x00000040   Code   RO          186    i.i2c_Stop          i2c.o
    0x00003d32   0x00000058   Code   RO          187    i.i2c_Wait_Ack      i2c.o
    0x00003d8a   0x00000002   PAD
    0x00003d8c   0x0000006c   Code   RO          844    i.initEncoder       encoder.o
    0x00003df8   0x0000004a   Code   RO          884    i.initMotor         motor.o
    0x00003e42   0x00000002   PAD
    0x00003e44   0x00000030   Code   RO          845    i.isEncoderFlagSet  encoder.o
    0x00003e74   0x00000030   Code   RO          140    i.isKBIFlagSet      kbi.o
    0x00003ea4   0x0000002c   Code   RO          576    i.lineSwitch        display.o
    0x00003ed0   0x000002d0   Code   RO          933    i.main              balance.o
    0x000041a0   0x0000001a   Code   RO          487    i.oled_pow          oled.o
    0x000041ba   0x00000002   PAD
    0x000041bc   0x00000028   Code   RO          577    i.pageSwitch        display.o
    0x000041e4   0x000000a0   Code   RO          257    i.pitInit_us        pit.o
    0x00004284   0x0000001c   Code   RO          258    i.pit_IRQClearFlag  pit.o
    0x000042a0   0x00000044   Code   RO          260    i.pit_IRQSwitch     pit.o
    0x000042e4   0x00000038   Code   RO          261    i.pit_Switch        pit.o
    0x0000431c   0x00000052   Code   RO          885    i.setForwDuty       motor.o
    0x0000436e   0x00000002   PAD
    0x00004370   0x00000028   Code   RO          887    i.speedLeagalize    motor.o
    0x00004398   0x00000064   Code   RO         1058    x$fpl$dleqf         fz_ps.l(dlef.o)
    0x000043fc   0x0000008c   Code   RO         1064    x$fpl$fadd          fz_ps.l(faddsub.o)
    0x00004488   0x00000054   Code   RO         1079    x$fpl$fleqf         fz_ps.l(flef.o)
    0x000044dc   0x000000b0   Code   RO         1081    x$fpl$fmul          fz_ps.l(fmul.o)
    0x0000458c   0x00000058   Code   RO         1083    x$fpl$frleqf        fz_ps.l(frlef.o)
    0x000045e4   0x000000d0   Code   RO         1066    x$fpl$fsub          fz_ps.l(faddsub.o)
    0x000046b4   0x0000000c   Data   RO          357    .constdata          pwm.o
    0x000046c0   0x00000818   Data   RO          488    .constdata          oled.o
    0x00004ed8   0x00000080   Data   RO         1052    .constdata          fz_ps.l(ddiv.o)
    0x00004f58   0x00000040   Data   RO         1071    .constdata          fz_ps.l(fdiv.o)
    0x00004f98   0x00000098   Data   RO         1107    .constdata          m_ps.l(atan.o)
    0x00005030   0x00000008   Data   RO         1129    .constdata          m_ps.l(qnan.o)
    0x00005038   0x00000020   Data   RO         1309    Region$$Table       anon$$obj.o


    Execution Region RW_IRAM1 (Base: 0x1ffff000, Size: 0x000004b0, Max: 0x00004000, ABSOLUTE)

    Base Addr    Size         Type   Attr      Idx    E Section Name        Object

    0x1ffff000   0x00000004   Data   RW           17    .data               system_skeaz1284.o
    0x1ffff004   0x00000004   Data   RW           71    .data               gpio.o
    0x1ffff008   0x00000002   Data   RW          358    .data               pwm.o
    0x1ffff00a   0x00000002   PAD
    0x1ffff00c   0x0000000c   Data   RW          391    .data               incap.o
    0x1ffff018   0x0000001f   Data   RW          578    .data               display.o
    0x1ffff037   0x00000001   PAD
    0x1ffff038   0x00000004   Data   RW          627    .data               delay.o
    0x1ffff03c   0x00000002   Data   RW          673    .data               accelerometer.o
    0x1ffff03e   0x00000002   Data   RW          733    .data               gyro.o
    0x1ffff040   0x00000006   Data   RW          808    .data               balancecontrol.o
    0x1ffff046   0x00000002   PAD
    0x1ffff048   0x00000040   Data   RW          935    .data               balance.o
    0x1ffff088   0x0000002c   Data   RW          996    .data               balance_isr.o
    0x1ffff0b4   0x00000170   Zero   RW          934    .bss                balance.o
    0x1ffff224   0x00000028   Zero   RW          995    .bss                balance_isr.o
    0x1ffff24c   0x00000060   Zero   RW         1165    .bss                c_p.l(libspace.o)
    0x1ffff2ac   0x00000004   PAD
    0x1ffff2b0   0x00000000   Zero   RW            2    HEAP                startup_skeaz1284.o
    0x1ffff2b0   0x00000200   Zero   RW            1    STACK               startup_skeaz1284.o


==============================================================================

Image component sizes


      Code (inc. data)   RO Data    RW Data    ZI Data      Debug   Object Name

       544         10          0          2          0      10512   accelerometer.o
      2136        324          0         64        368       3837   balance.o
      1636        120          0         44         40       3470   balance_isr.o
       176         22          0          6          0        743   balancecontrol.o
       492         40          0          4          0       7939   delay.o
       544         60          0         31          0       3667   display.o
       272         34          0          0          0       2068   encoder.o
       992         58          0          4          0       5795   gpio.o
       272         22          0          2          0       2321   gyro.o
       622          0          0          0          0       4252   i2c.o
       312         18          0         12          0       1596   incap.o
       620         36          0          0          0       8052   kbi.o
       248         16          0          0          0       2150   motor.o
      1082         16       2072          0          0       6262   oled.o
       124          0          0          0          0       1632   pid.o
       352         40          0          0          0       9001   pit.o
       604         46         12          2          0       2008   pwm.o
        80         44        192          0        512        912   startup_skeaz1284.o
        96         16          0          4          0     110691   system_skeaz1284.o

    ----------------------------------------------------------------------
     11216        922       2308        180        920     186908   Object Totals
         0          0         32          0          0          0   (incl. Generated)
        12          0          0          5          0          0   (incl. Padding)

    ----------------------------------------------------------------------

      Code (inc. data)   RO Data    RW Data    ZI Data      Debug   Library Member Name

         8          0          0          0          0         68   __main.o
         0          0          0          0          0          0   __rtentry.o
        12          0          0          0          0          0   __rtentry2.o
         6          0          0          0          0          0   __rtentry4.o
        60          8          0          0          0          0   __scatter.o
        26          0          0          0          0          0   __scatter_copy.o
        28          0          0          0          0          0   __scatter_zi.o
       346          0          0          0          0         92   aeabi_sdiv.o
        16          0          0          0          0         68   exit.o
         6          0          0          0          0        136   heapauxi.o
         0          0          0          0          0          0   indicate_semi.o
         2          0          0          0          0          0   libinit.o
         2          0          0          0          0          0   libinit2.o
         2          0          0          0          0          0   libshutdown.o
         2          0          0          0          0          0   libshutdown2.o
         8          4          0          0         96         68   libspace.o
         2          0          0          0          0          0   rtexit.o
        10          0          0          0          0          0   rtexit2.o
        76          6          0          0          0         72   strcpy.o
        12          4          0          0          0         60   sys_exit.o
        62          0          0          0          0         80   sys_stackheap_outer.o
         2          0          0          0          0         68   use_no_semi.o
        46          0          0          0          0         60   cmpret.o
       124          4          0          0          0         72   d2f.o
       856         20          0          0          0        208   daddsub.o
       144          4          0          0          0         76   dcmpin.o
      1096         26        128          0          0        112   ddiv.o
       108         10          0          0          0         72   dfixi.o
        88          0          0          0          0         92   dflti.o
       100          4          0          0          0         92   dlef.o
       584         26          0          0          0         84   dmul.o
        20          6          0          0          0         68   dnan2.o
        96         12          0          0          0         72   dscalbn.o
        84          4          0          0          0         60   f2d.o
       348          8          0          0          0        160   faddsub.o
       100          4          0          0          0         68   fcmpin.o
       352         10         64          0          0         92   fdiv.o
        76          0          0          0          0         68   ffixi.o
        48          0          0          0          0         60   ffixui.o
        94          0          0          0          0         92   fflti.o
        84          4          0          0          0         76   flef.o
       176          4          0          0          0         80   fmul.o
        16          6          0          0          0         68   fnan2.o
        88          4          0          0          0         76   frlef.o
        94          0          0          0          0         68   retnan.o
         0          0          0          0          0          0   usenofp.o
       540         68        152          0          0        112   atan.o
       376         42          0          0          0        144   atan2.o
        38          6          0          0          0        204   dunder.o
        44          4          0          0          0         60   fpclassify.o
       172          0          0          0          0         76   poly.o
         0          0          8          0          0          0   qnan.o

    ----------------------------------------------------------------------
      6692        298        352          0        100       3284   Library Totals
        12          0          0          0          4          0   (incl. Padding)

    ----------------------------------------------------------------------

      Code (inc. data)   RO Data    RW Data    ZI Data      Debug   Library Name

       688         22          0          0         96        712   c_p.l
      4822        156        192          0          0       1976   fz_ps.l
      1170        120        160          0          0        596   m_ps.l

    ----------------------------------------------------------------------
      6692        298        352          0        100       3284   Library Totals

    ----------------------------------------------------------------------

==============================================================================


      Code (inc. data)   RO Data    RW Data    ZI Data      Debug   

     17908       1220       2660        180       1020     185336   Grand Totals
     17908       1220       2660        180       1020     185336   ELF Image Totals
     17908       1220       2660        180          0          0   ROM Totals

==============================================================================

    Total RO  Size (Code + RO Data)                20568 (  20.09kB)
    Total RW  Size (RW Data + ZI Data)              1200 (   1.17kB)
    Total ROM Size (Code + RO Data + RW Data)      20748 (  20.26kB)

==============================================================================

